Godot Engine v4.6.3.stable.official.7d41c59c4 - https://godotengine.org

PASS test_rig_segments_follow_bones (93 ms)
PASS test_physics_server_transform_matches_anchor (68 ms)
    server vs node transform lag for kinematic segment: 0.0000 m
PASS test_grab_and_hold_on_walking_leg (318 ms)
    local drift over 6 s: 0.00000 m, max anchor-to-surface error: 0.0000 m, max surface speed 7.17 m/s
PASS test_climb_leg_to_shoulders_frozen (338 ms)
    [frozen] route: shin_l -> thigh_l -> hips -> spine -> chest
    [frozen] rose 12.2 m, state GROUND, stamina 55, max surface err 0.000, last release 
PASS test_climb_leg_to_shoulders_walking (308 ms)
    [walk] route: shin_l -> thigh_l -> hips -> spine -> chest
    [walk] rose 12.1 m, state GROUND, stamina 56, max surface err 0.000, last release 
PASS test_traverse_around_limb (237 ms)
    sideways around thigh: min normal dot -1.00, still climbing true
PASS test_armor_blocks_climbing (181 ms)
    stopped at shin-local (0.68, -1.43, -0.51)
PASS test_exhaustion_drops_player (277 ms)
PASS test_brain_shakes_and_rules_limit_it (564 ms)
    first shake after 3.0 s, longest shake 3.02 s, max shake level 1.00, still climbing true
PASS test_shake_drains_more_than_hanging (113 ms)
    stamina/s hanging 3.0, shaking 23.7
PASS test_release_inherits_surface_velocity (47 ms)
    surface velocity 7.38 m/s, velocity after release 7.38 m/s
PASS test_jump_off_and_regrab_midair (28 ms)
    re-grabbed after 18 ticks at dy 1.59
PASS test_static_wall_climb_and_mantle (161 ms)
    static wall: mantled true, y 7.90, state GROUND
FAIL test_performance_budget (709 ms)
    climb (M1)   frame 0.702 ms | logic/tick: colossus 124.3 us, player 65.4 us, camera 0.0 us | queries/tick: climb rays 3.0, grab 0.0, camera 0.0
    climb+cam    frame 0.772 ms | logic/tick: colossus 126.2 us, player 69.4 us, camera 49.8 us | queries/tick: climb rays 2.4, grab 0.0, camera 7.0
    stand+shake  frame 0.921 ms | logic/tick: colossus 138.0 us, player 95.4 us, camera 71.3 us | queries/tick: climb rays 0.3, grab 0.0, camera 7.6
    fall+grab    frame 0.596 ms | logic/tick: colossus 117.3 us, player 82.5 us, camera 26.9 us | queries/tick: climb rays 0.0, grab 2.0, camera 7.0
    object count growth over 300 ticks: -1
PASS test_standing_on_still_colossus_is_stable (140 ms)
    min balance 1.000, drift on chest 0.004 m, state STAND
PASS test_standing_on_walking_colossus_remains_controllable (261 ms)
    colossus speed 1.39 m/s, min balance 0.99, moved 1.63 m forward on the body, state STAND
PASS test_standing_on_turning_colossus_is_carried (264 ms)
    turned 0.66 rad, drift on chest 0.006 m, min balance 1.00
PASS test_shake_destabilizes_standing_player (156 ms)
    half-strength shake: min balance 0.18, states ["STABLE", "UNSTABLE", "STUMBLE"], max slide speed 2.62 m/s
PASS test_player_can_grab_during_slip (104 ms)
    lost balance after 0.95 s, saved by grab after 1 ticks on Seg_upper_arm_l
PASS test_severe_shake_can_throw_ungripped_player (348 ms)
    knocked down after 1.80 s, thrown off after 1.65 s, impact 21.3 m/s (SEVERE), health 100
PASS test_brain_shake_throws_idle_standing_player (197 ms)
    brain: first shake at 2.4 s, idle player thrown off at 4.2 s
PASS test_gripping_player_resists_shake_using_stamina (114 ms)
    2.5 s full shake: still gripping true, stamina 100 -> 46
PASS test_small_fall_is_safe (144 ms)
    drop 1.5 m: impact 8.1 m/s, tier NONE, damage 0.0, min balance 1.00, knocked false, dead false
PASS test_medium_fall_has_consequence (132 ms)
    drop 5.0 m: impact 14.7 m/s, tier HARD, damage 27.5, min balance 0.40, knocked false, dead false
PASS test_large_fall_triggers_fall_consequence (128 ms)
    drop 12.0 m: impact 23.1 m/s, tier SEVERE, damage 77.1, min balance 0.00, knocked true, dead false
PASS test_lethal_fall_respawns (180 ms)
    drop 18.0 m: impact 28.2 m/s, tier SEVERE, damage 100.0, min balance 0.00, knocked true, dead true
PASS test_late_grab_catches_falling_player (34 ms)
    falling at -9.8 m/s; let go at 4.5 m, caught at 0.8 m on Seg_shin_l
PASS test_grip_transfer_while_colossus_turns (353 ms)
    turning colossus route: shin_l -> thigh_l -> hips -> spine, max surface err 0.000
PASS test_camera_does_not_clip_into_colossus (683 ms)
    camera frames 840, inside colossus 0, min distance 0.50, colossus clamps 122, player DEAD
PASS test_camera_focus_frames_player_and_colossus (113 ms)
    focus under the colossus: distance 9.8 m, pitch 0.38, player in view true, colossus in view true
PASS test_bone_local_grip_still_has_no_drift (201 ms)
    walk+shake 2.5 s: drift 0.00000 m, max surface err 0.0000, surface speed up to 9.2 m/s, stamina 47
PASS test_planted_foot_does_not_slide (695 ms)
    steps 8, stance slip max 0.0003 m/s avg 0.0001 m/s, IK reach error max 0.000 m, speed 1.60
PASS test_walking_on_slope_places_feet_correctly (1435 ms)
    course: 16 touchdowns checked, max sole height error 0.000 m, min normal match 1.000, rose 3.63 m (max), slip max 0.0002 m/s, reach err 0.000, max shoulder accel 4.3 m/s2
PASS test_turning_uses_stable_steps (377 ms)
    turn on the spot: turned 2.52 rad, 5 steps (3 left), max swinging 1, slip max 0.0001 m/s, yaw accel max 0.250 rad/s2
PASS test_start_and_stop_are_smooth (1379 ms)
    max |accel| 1.25 m/s2, max |jerk| 1.50 m/s3, max shoulder accel 4.91 m/s2, slip max 0.0004 m/s, steps 14 (+0 after stopping), final speed 0.000
PASS test_walk_shake_walk_transition (622 ms)
    walk 1.34 m/s -> shake 0.01 m/s (1 steps during the last 2 s of shaking) -> walk 1.40 m/s, max |accel| 1.24, slip max 0.0002
PASS test_pelvis_tracks_support_area (578 ms)
    pelvis shift towards stance foot: left 0.35 m, right 0.36 m; load on a foot when it lifts <= 0.00; COM distance from the support line (current to next foothold) max 1.34 m
PASS test_grip_does_not_drift_during_procedural_step (323 ms)
    thigh through 2 swings: drift 0.00000 m, surface err 0.0000, surface speed max 4.10 m/s, max position 2nd difference 0.0060 m
PASS test_standing_player_remains_attached_during_step (82 ms)
    rode the foot through its swing: lifted true, landed still on it true, min balance 0.99, max jump 0.0133 m, state STAND
PASS test_standing_on_shoulder_during_start_stop (1110 ms)
    shoulder through start/fast/stop/turn/stop: min balance 1.00, drift 0.008 m, still on chest true
PASS test_player_on_leg_survives_step_transition (315 ms)
    shin through 4 lift-off/touchdown transitions: still gripping true, max jump 0.0074 m, max shake level 0.90
PASS test_grip_on_hips_during_turn (282 ms)
    hips during a turn: drift 0.00000 m, max shake level 0.00, still gripping true
PASS test_grip_on_back_during_sudden_direction_change (546 ms)
    back during turn reversal + stop: drift 0.00000 m, max surface accel 5.05 m/s2, max shake level 0.02
PASS test_shake_behavior_unchanged_after_locomotion (176 ms)
    grip stamina cost 53.9 (baseline 54.2), balance lost after 0.95 s (baseline 1.28)
PASS test_locomotion_is_independent_of_render_fps (6110 ms)
    render 30/60/144/240 fps, physics 60 Hz: frames rendered [329.0, 659.0, 1584.0, 2639.0], max difference of simulation state 0.00000000
PASS test_locomotion_cost_stays_within_reasonable_budget (518 ms)
    procedural locomotion on the course: colossus 135.0 us/tick (locomotion 74.0, IK 16.8), ground probes 0.010/tick
PASS ab_locomotion_comparison (5847 ms)
    mode                  slip avg  slip max ground err shoulder a  colossus      IK    rays turn resp turn slip     climb   stamina
    procedural + IK         0.0000    0.0002      0.000       4.30     129us    17us   0.008     1.07s    0.0002        ok        48
    animation + IK          0.6703    1.5067      0.140       1.15     125us    31us   3.000     1.07s    1.4188        ok        47
    legacy FK (no IK)       0.6788    1.5040      3.458       0.95      76us     0us   0.000     1.07s    1.4160        ok        48
PASS probe_balance_disturbance (2 ms)
PASS test_horse_acceleration_is_smooth (391 ms)
    0 -> 9.50 m/s, gaits [0, 1, 2, 3], gallop after 2.73 s; max accel 2.40 m/s2 (body 2.42), max jerk 7.00 m/s3
PASS test_horse_braking_is_smooth (568 ms)
    rein from 9.50 m/s: stopped after 3.48 s / 12.2 m, gaits [3, 2, 1, 0], max decel 5.50 m/s2, max jerk 7.00 m/s3
PASS test_horse_cannot_instant_turn_at_speed (654 ms)
    90 deg request at 9.5 m/s: 3.4 deg after 0.25 s, turn done after 2.70 s, slowed to 4.6 m/s, max yaw accel 1.80 rad/s2
PASS test_horse_turn_radius_increases_with_speed (1312 ms)
    measured turn radius at 1.7 / 4.2 / 9.5 m/s: 2.2 / 5.5 / 21.7 m
PASS test_horse_feet_do_not_slide (732 ms)
    walk/trot/gallop/turns/stop: foot slip max 0.0020 m/s, mean 0.00023 m/s over 1255 contacts; IK reach error max 0.000 m; 154 steps
PASS test_horse_feet_follow_uneven_terrain (706 ms)
    course (ramp 10 deg, bumps, 0.8 m step) at a trot: reached z -50.7, top 3.75 m; planted hoof vs ground max 0.037 m (1481 samples); IK reach 0.000 m; slip max 0.0007 m/s
PASS test_horse_body_lean_is_continuous (483 ms)
    slalom at a gallop + rein stop: roll rate max 0.73 rad/s (d2 9.8), pitch rate 0.54 (d2 7.8), height rate 0.57 m/s (d2 22.0), hard height clamps 2; leaning into the turn 223/254 ticks
PASS test_mounted_player_has_no_saddle_drift (699 ms)
    ride 15 s (gallop, turns, rein stop): rider vs saddle max 0.000000 m; top speed 9.5 m/s
PASS test_mount_and_dismount_are_stable (331 ms)
    states APPROACH HORSE -> MOUNT -> RIDE -> DISMOUNT -> AIR -> APPROACH HORSE; max per-tick move 0.104 m (MOUNT); on foot 1.15 m from the horse, 0.89 m above ground, on floor true
PASS test_dismount_refused_without_space (41 ms)
    boxed in: still riding true, reason 'no safe place to get off'
PASS test_horse_avoids_small_obstacle (600 ms)
    rock field at a trot: reached z -45.5, 0 ticks touching a rock, max sideways 2.38 m, max turn rate 0.42 rad/s (d2 1.4)
PASS test_horse_keeps_heading_after_avoiding (605 ms)
    rocks, horse-relative steering: reached z -45.5, final heading 0.0 deg (max 24 deg while going round), 0 contacts
PASS test_horse_threads_narrow_passage (373 ms)
    3 m gap at a trot: reached z -23.2, 0 ticks touching a wall
PASS test_horse_steps_over_low_obstacle (221 ms)
    0.3 m log at a trot: reached z -10.6, max sideways 0.00 m, classified as step true; IK reach 0.000 m, slip 0.0000 m/s
PASS test_horse_stops_before_large_obstacle (468 ms)
    gallop at a 5 m wall, rider keeps pushing: top 9.5 m/s, max speed within 3 m 3.41 m/s, closest nose gap 0.29 m, final speed 0.02, 0 contact ticks
PASS test_horse_stops_at_cliff_edge (374 ms)
    galloping at a 4 m drop: top 7.6 m/s, stopped 1.86 m before the edge, lowest 4.00 m, final speed 0.00
PASS test_horse_simulation_independent_of_render_fps (10095 ms)
    mount, ride, turn, rein, dismount at render [30, 60, 90, 120, 144, 240] fps: frames [499, 999, 1499, 1999, 2400, 3999], max state difference 0.00000000 (steps 107)
PASS test_horse_camera_can_look_away_from_travel_direction (458 ms)
    camera turned 90 deg away; horse heading change 0.0 deg (no stick), 0.0 deg (horse-relative stick); speed 4.2 m/s; camera vs travel 90 deg
PASS test_horse_comes_when_called (1012 ms)
    called from 56 m through the rocks: arrived 2.03 m from the player, speed 0.00, command STOP, 0 rock contacts
PASS test_horse_follows_player (635 ms)
    follow a running player (5.5 m/s) 10 s: distance 4.3..15.1 m (10.0 m at the end of the run), after the player stops 4.0 m, speed 0.01
PASS test_horse_cost_stays_within_budget (511 ms)
    ridden on the course: horse 172.9 us/tick (controller 72.9 of which obstacle probes 62.6, step planner 19.5, IK+body 50.4), mount 4.8, camera 45.8 us/frame; horse queries 8.4/tick
FAIL existing_colossus_tests_still_pass (1 ms)
    48 earlier tests ran in this run, 1 failed ["test_performance_budget"]
PASS test_boss_enters_combat_when_player_enters_arena (1180 ms)
    dormant while far: true; entered at 42 m, states [["NOTICE", 46713], ["ENGAGED", 46785], ["COMBAT", 46845]], combat 2.22 s after entering (notice 1.2 + engage 1.0)
PASS test_boss_attack_has_telegraph (3640 ms)
    telegraphs (kind, seconds): [[&"stomp", 0.9], [&"arm_sweep", 1.1], [&"stomp", 0.9], [&"arm_sweep", 1.1], [&"stomp", 0.9]]; rules clamp 0.05 s -> 0.60 s, recovery 0.1 -> 1.20 s
PASS test_boss_attack_active_window_is_correct (3921 ms)
    active windows: stomp 0.30/0.30, arm_sweep 0.60/0.60, stomp 0.30/0.30, arm_sweep 0.60/0.60, stomp 0.30/0.30; hit-volume ticks 105 (outside a window: 0); hits 5 (outside: 0)
PASS test_boss_attack_has_recovery (4762 ms)
    recoveries [1.6, 1.2, 1.6, 1.2, 1.6, 1.2] s (min 1.20, rule 1.20); gaps before the next wind-up [2.43333333333333, 1.61666666666667, 2.68333333333333, 1.61666666666667, 2.68333333333333] s (rule 1.5)
PASS test_boss_attack_can_damage_player (1548 ms)
    hits [[&"stomp", 51801, 60.0], [&"arm_sweep", 52266, 35.0]]; HP after the stomp 40 (from 100), knocked down true; sweep hit true
PASS test_boss_cannot_spam_heavy_attack (9286 ms)
    stomp-only brain, player always at the foot, 60 s: 6 stomps, min gap 8.9 s, max 2 within 20 s; rule interventions 0
PASS test_boss_cannot_spam_shake (6216 ms)
    shake-only brain, 40 s on the thigh: 5 shakes, longest 3.02 s (rule 3.0 incl. 0.6 s brace), shortest pause 5.07 s (rule 5.0), shaking 38% of the time
PASS test_climb_route_is_reachable (3922 ms)
    frozen Valus, route calf -> thigh -> pelvis -> back -> shoulder -> head; weak point in reach after 35.6 s, stamina 91
PASS test_weakpoint_moves_with_bone (1198 ms)
    boss walked and turned 8 s: weak point moved 10.0 m, error vs head bone 0.000000 m, visual node vs its segment 0.000000 m
PASS test_weakpoint_rejects_invalid_hits (233 ms)
    stomp on it: not_a_sword; 3 m off: out_of_range; protected: protected; sword from the ground: nothing_in_reach; health 100
PASS test_weakpoint_accepts_valid_sword_hit (394 ms)
    standing on the head: head, grip on fur under the feet true; full charge strike: hit, damage 40, weak point 60/100
PASS test_weakpoint_damage_advances_progress (1259 ms)
    progress after jab (12 dmg) and full strikes: [0.0, 0.12, 0.52, 0.92, 1.0]; state DESTROYED, encounter DEFEATED
PASS test_rest_surface_restores_stamina (456 ms)
    standing on chest (STAND, surface tag 'rest'), no grip: stamina 15 -> 90 in 2.5 s; region shoulder
PASS test_boss_reacts_to_player_on_body (5845 ms)
    intents while the player was on: { &"calf": [&"approach", &"reposition", &"shake_player", &"observe_player"], &"back": [&"observe_player", &"shake_player"], &"head": [&"idle", &"protect_weakpoint", &"shake_player", &"observe_player"] }; weak point closed while on the head: true
PASS test_player_can_fall_and_reenter_climb_route (3142 ms)
    dropped from the thigh/hips (exhausted): falls 1, grabs 2, climbing again true up to 8.0 m; events: [  21.1] fell off (exhausted) | [  21.1] CLIMB_BODY -> FALLEN | [  21.6] FALLEN -> APPROACH_LEG | [  23.7] APPROACH_LEG -> GRAB_LEG | [  23.8] grabbed shin_l | [  23.8] GRAB_LEG -> CLIMB_BODY
PASS test_agro_avoids_colossus_legs (4315 ms)
    3 passes at 6 m/s straight at the walking Valus: 0 body contacts, closest to a foot 1.7 m
PASS test_agro_reacts_to_stomp_danger (1563 ms)
    riderless Agro beside a stomp: responses ["none", "flee"], 3.9 m from the stomp when it was decided -> 5.4 m at impact (shockwave 6 m); ridden into a wind-up: refused true, closest to the zone edge 4.2 m
PASS test_player_death_resets_encounter (443 ms)
    dead true, banner 'YOU DIED', still dead before the pause ends true; after reset: resets 1, player HP 100 stamina 100 at 0.0 m from spawn, boss DORMANT, weak point 100/100, horse 0.0 m from its start
PASS test_boss_can_be_defeated (923 ms)
    3 full strikes: encounter DEFEATED, banner 'COLOSSUS DEFEATED', weak point DESTROYED
PASS test_boss_stops_attacking_after_defeat (2177 ms)
    defeated mid wind-up (true): new attacks 0, hits after 0, HP 100 -> 100, intents [&"idle"], speed 0.00, pelvis drop 5.6 m
PASS test_grip_survives_defeat_sequence (1713 ms)
    final strike hit, defeated true; through 9 s of kneeling: still gripping true, carried down 15.7 m, max step 0.089 m/tick, anchor error 0.000002 m; body settled true; after letting go: GROUND, HP 100
PASS test_scripted_driver_can_complete_boss (7902 ms)
    bot result: WIN in 57.8 s; { "falls": 1, "grabs": 1, "strikes": 3, "weak_hits": 3, "rejected": 0, "evades": 3, "rests": 1, "stalls": [], "deaths": 0, "death_causes": [], "detours": 0, "max_height": 18.0459403991699 }; boss { "attacks": { &"stomp": 1 }, "hits_on_player": 0, "stomp_impacts": 1, "weak_point_hits": 3, "protects": 3, "steps": 23, "defeated_at": 57.8333333333313, "last_hit_damage": 40.0 }; camera inside the colossus 0 frames
PASS test_boss_simulation_independent_of_render_fps (63277 ms)
    whole fight (bot) at render [30, 60, 90, 120, 144, 240] fps: won 1.0 at tick 3499, frames [1749, 3498, 5248, 6997, 8397, 13995], max state difference 0.00000000
PASS test_boss_cost_stays_within_budget (4914 ms)
    Valus fight (bot climbing, 25 s): colossus 184.5 us/tick = brain 7.5 + combat 22.7 + hits 10.8 + attack pose 4.4 + locomotion 79.9 + IK 17.5; player 68.7; Agro 112.0; camera 60.0 us/frame; vfx 1.1 (14 effects); queries/tick: climb 1.07, horse 0.00, camera 7.09, boss hit tests 0.01, sword 0.000
    whole physics tick (engine monitor, incl. physics server): mean 2.091 ms, max 2.406 ms
FAIL all_existing_tests_still_pass (0 ms)
    70 earlier tests (Milestone 1, Etap 2-4) ran in this run, 2 failed ["test_performance_budget", "existing_colossus_tests_still_pass"]
PASS test_quadratus_four_leg_locomotion_is_stable (1134 ms)
    36 s walk/turn/stop: walked 29.3 m, 27 steps, gait order RL-FL-RR-FR 100%, max swinging 2, min planted 2, max tilt 0.109 rad, hip height 7.00..7.20 m, reach error 0.0000 m, steps in the last 4 s still 0
PASS test_quadratus_feet_do_not_slide (1003 ms)
    30 s walking + turning: planted-foot slip max 0.0004 m/s, mean 0.00007 m/s over 5125 foot-ticks
PASS test_quadratus_handles_uneven_ground (1331 ms)
    course (10 deg ramp, bumps, 0.8 m step down): reached z -43.0, height 3.54 m, max body pitch 0.184 rad (ramp 0.175), planted sole vs ground max 0.000 m, slip max 0.0002 m/s, reach error 0.000 m
PASS test_quadratus_weight_shifts_between_legs (628 ms)
    walking 16 s: load per leg min ["0.00", "0.00", "0.00", "0.00"] max ["0.50", "0.50", "0.50", "0.50"], swinging leg load max 0.000, |sum-1| max 0.000, support centre sideways -2.84..2.84 m
PASS test_quadratus_foot_target_can_be_hit_with_arrow (628 ms)
    standing: sole targets enabled 0 ticks; walking: shot -> hit (leg 3, flight 0.27 s, point (-3.089628, 0.77044, -3.872875))
PASS test_quadratus_reacts_to_correct_foot_hit (1448 ms)
    stone hoof hit: surface -> buckle NONE; sole hit: hit (leg 3) -> phases ["REACT", "KNEEL"], intents [&"react_to_foot_hit", &"lower_body"], hit leg support min 0.00, attacks started 0
PASS test_quadratus_body_lowers_after_foot_hit (2442 ms)
    hind-left hit: hip there 7.20 -> 3.26 m, body centre 7.20 -> 5.51 m, pitch 0.221 roll 0.396 rad, lowest thigh fur 4.82 -> 2.39 m, loads ["0.33", "0.33", "0.00", "0.33"] (others 1.00), body max 0.047 m/tick, steps while going down 0 (max 0 legs up); after the kneel: buckle NONE, support 1.00, hip 7.20 m
PASS test_quadratus_climb_route_becomes_reachable (1065 ms)
    thigh grab before the foot hit: false; while kneeling: true; reached the rump weak point by climbing: true after 3.1 s (buckle KNEEL, stamina 75)
PASS test_quadratus_grip_has_no_drift (2760 ms)
    gripping the hind thigh through kneel, rise and walk: still holding true, carried 8.5 m, anchor vs surface max 0.000001 m, anchor local drift 0.000000 m
PASS test_quadratus_weakpoint_moves_with_body (449 ms)
    walk, turn, kneel: rump weak point moved 9.2 m (tilt pitch 0.22 roll -0.40), error vs bone 0.000000 m, visual vs segment 0.000000 m
PASS test_quadratus_body_reaction_is_fair (8371 ms)
    player on the back 60 s: 8 body reactions { &"lurch_step": 8 }, brace before motion min 0.87 s, longest 2.40 s, shortest gap 3.47 s, shakes while kneeling 0 ticks; ground attacks []
PASS test_quadratus_can_be_defeated (3343 ms)
      strike on body: hit 40 (player GRIP, body, 0.93 m from it)
      strike on body: hit 37 (player GRIP, body, 0.93 m from it)
      strike on body: hit 37 (player GRIP, body, 0.93 m from it)
      strike on head: hit 40 (player GRIP, head, 1.19 m from it)
      strike on head: hit 37 (player GRIP, head, 1.19 m from it)
      strike on head: hit 37 (player GRIP, head, 1.18 m from it)
    6 full strikes: DEFEATED, banner 'COLOSSUS DEFEATED'; lying down: player 11.9 -> 5.2 m, rump top 6.5 m; let go -> STAND, landing tiers [], HP 100
PASS test_quadratus_scripted_driver_can_complete_fight (31480 ms)
    foot: WIN in 68.4 s; { "falls": 5, "grabs": 3, "strikes": 4, "weak_hits": 4, "rejected": 0, "evades": 1, "stalls": [], "deaths": 0, "death_causes": [], "detours": 0, "max_height": 12.5300703048706, "shots": 4, "arrow_hits": 2, "arrow_wrong_side": 0, "arrow_disabled": 0, "arrow_surface": 2, "arrow_bounces": 0, "arrow_lost": 0, "buckles_used": 3, "buckles_missed": 0, "shots_from_horse": 0, "mounts": 0, "dismounts": 0 }; boss { "attacks": { &"head_attack": 1 }, "hits_on_player": 0, "stomp_impacts": 0, "weak_point_hits": 4, "steps": 22, "defeated_at": 68.4499999999974, "last_hit_damage": 40.0, "foot_hits": 2, "buckles": 2 }
    horse: WIN in 140.8 s; { "falls": 8, "grabs": 3, "strikes": 4, "weak_hits": 4, "rejected": 0, "evades": 0, "stalls": [], "deaths": 0, "death_causes": [], "detours": 3, "max_height": 12.625617980957, "shots": 8, "arrow_hits": 3, "arrow_wrong_side": 1, "arrow_disabled": 0, "arrow_surface": 4, "arrow_bounces": 1, "arrow_lost": 0, "buckles_used": 3, "buckles_missed": 0, "shots_from_horse": 6, "mounts": 3, "dismounts": 3 }; boss { "attacks": { &"head_attack": 1 }, "hits_on_player": 0, "stomp_impacts": 0, "weak_point_hits": 4, "steps": 47, "defeated_at": 140.783333333338, "last_hit_damage": 40.0, "foot_hits": 3, "buckles": 3 }
PASS test_quadratus_simulation_independent_of_render_fps (231920 ms)
    quadratus (bot) at [30, 60, 90, 120, 144, 240] fps: won 1.0 at tick 4017, arrows 4, max state difference 0.00000000
    quadratus_horse (bot) at [30, 60, 90, 120, 144, 240] fps: won 1.0 at tick 8448, arrows 8, max state difference 0.00000000
PASS test_quadratus_cost_stays_within_budget (6809 ms)
    Quadratus fight (bot from Agro, then climbing, 30 s; phases seen up to DESCEND): colossus 183.5 us/tick = brain 7.2 + combat 26.2 + hits 6.8 + pose 4.1 + quadruped locomotion 76.0 (of it balance / weight transfer 28.0) + four-leg IK 25.5; arrows 7.5 (max 5 alive); player 44.5 (of it bow 4.6, climbing 13.0); Agro 121.2; camera 46.0 us/frame; queries/tick: arrow rays 0.07, arrow target tests 0.13, bow aim rays 0.259, climb 0.47, horse 2.52, camera 7.04, colossus ground probes 18 total
    whole physics tick (engine monitor, incl. physics server): mean 1.895 ms, max 3.708 ms
PASS test_valus_defeat_leaves_a_safe_way_down (1628 ms)
    gripping the head through the defeat: held true, carried from 18.0 m down to 2.0 m (head top 3.0 m), anchor error 0.00000 m; let go -> GROUND, landing tiers [0], HP 100 -> 100
PASS test_bow_draw_strength_changes_arrow_velocity (271 ms)
    hold s / draw / speed m/s / range m: ["0.1/0.00/0.0/0", "0.3/0.31/33.3/33", "0.6/0.65/45.3/53", "1.2/1.00/58.0/81"]
PASS test_bow_trajectory_is_repeatable (246 ms)
    two identical shots: 1 / 1 path points, max difference 0.00000000 m, landing (21.80125, 0.0, -108.0727) vs (21.80125, 0.0, -108.0727); deviation from the analytic parabola 0.000000 m
PASS test_arrow_hits_expected_target (221 ms)
    distance / hits / impact error m / flight s / predicted s: ["15/1/0.049/0.267/0.268", "30/1/0.277/0.533/0.538", "60/1/0.000/1.083/1.082"]
PASS test_arrow_misses_when_aim_is_wrong (293 ms)
    side: miss at (-1.33, 0.0, -55.67), no drop: miss at (0.03, 0.0, -35.83), weak draw: miss at (-0.01, 0.0, -27.46), from behind: miss (wrong_side)
PASS test_bow_is_independent_of_render_fps (10035 ms)
    3 shots on foot + 1 from a galloping Agro at [30, 60, 90, 120, 144, 240] fps: 4 impacts, max difference 0.00000000 (impact points and flight times)
PASS test_player_can_aim_from_agro (226 ms)
    riding at 5.2 m/s: bow AIM while riding (RIDE), shot true, arrow stuck at (24.82, 1.5, -14.29), mark hits 1
PASS test_horse_heading_is_not_changed_by_aim (318 ms)
    aiming around 360 deg for 3 s: horse heading deviation 0.0000 rad (still aiming true); stick right while looking left: horse turned -0.438 rad (right = negative yaw)
PASS test_arrow_hit_can_trigger_colossus_reaction (660 ms)
    arrow: hit (target leg 3, colossus Quadratus:<Node3D#5993526200087>) -> foot_hit [3], buckle REACT, intent react_to_foot_hit
FAIL all_valus_and_earlier_tests_still_pass (1 ms)
    95 earlier tests (Milestone 1, Etap 2-5) ran in this run, 3 failed ["test_performance_budget", "existing_colossus_tests_still_pass", "all_existing_tests_still_pass"]
PASS test_gaius_sword_follows_the_arm (2162 ms)
    sword grip vs hand max 0.000001 m; stuck: tip vs slam point 0.000 m, flat face up 0.91, blade slope 24.1 deg; tip max 3.44 m/tick
PASS test_gaius_slam_has_telegraph_and_stuck_window (2456 ms)
    slam phases ["TELEGRAPH", "ACTIVE", "RECOVERY", "DONE"]; durations { "TELEGRAPH": 1.49999999999999, "ACTIVE": 0.4, "RECOVERY": 9.60000000000023 }; stuck 8.0 s, intents while stuck [&"sword_slam"], danger zone ticks in the wind-up 26
PASS test_gaius_slam_point_locks_for_a_late_dodge (502 ms)
    slam point after 55% of the wind-up moved 0.000 m; late dodge: HP 100 -> 100
PASS test_gaius_blade_is_a_walkable_ramp (1342 ms)
    walking up the stuck blade: 300 ticks standing on it, climbed 2.4 m, closest to the fist 1.59 m, state STAND
PASS test_gaius_climb_route_blade_to_shoulders (3258 ms)
    bot: grabbed the fist at 16.7 s, standing on the shoulders at 24.1 s (slams 1)
PASS test_gaius_grip_on_sword_arm_has_no_drift (2344 ms)
    gripping the sword arm through the pull-out (12 s): held true / still true, carried 7.3 m, anchor vs surface 0.000002 m, local drift 0.000000 m
PASS test_gaius_helmet_breaks_after_charged_strikes (1156 ms)
    on the helmet: weak point PROTECTED; strikes [&"too_weak", &"armor_cracked", &"armor_cracked", &"armor_broken"]; helmet broken true after 3 charged strikes, its collision off true, weak point now OPEN
PASS test_armor_plate_rejects_invalid_hits (15 ms)
    arrow / out of range / weak / charged: [&"not_a_sword", &"out_of_range", &"too_weak", &"armor_cracked"], hits 1
PASS test_gaius_can_be_defeated (2232 ms)
    helmet broken, 3 full strikes: DEFEATED, banner 'COLOSSUS DEFEATED', head top after the kneel 3.3 m
PASS test_gaius_scripted_driver_can_complete_fight (8296 ms)
    WIN in 60.1 s; { "falls": 1, "grabs": 1, "strikes": 3, "weak_hits": 3, "rejected": 0, "evades": 4, "rests": 2, "stalls": [], "deaths": 0, "death_causes": [], "detours": 0, "max_height": 18.5420989990234, "slams_provoked": 1, "blade_runs": 1, "helmet_strikes": 3 }; boss { "attacks": { &"sword_slam": 1 }, "hits_on_player": 0, "stomp_impacts": 0, "weak_point_hits": 3, "protects": 0, "steps": 18, "defeated_at": 60.1333333333312, "last_hit_damage": 40.0, &"helmet_hits": 3, &"slam_impacts": 1, &"helmet_broken_at": 46.5499999999986 }
PASS test_gaius_simulation_independent_of_render_fps (59250 ms)
    Gaius fight (bot) at [30, 60, 90, 120, 144, 240] fps: won 1.0 at tick 3091, slams 1, max state difference 0.00000000
PASS test_gaius_cost_stays_within_budget (5232 ms)
    Gaius fight (bot, 25 s: slams, blade, arm): colossus 217.1 us/tick = brain 6.6 + combat 24.1 + hits 10.5 + pose (sword arm IK incl.) 16.1 + locomotion 101.6 + IK 20.9; player 82.2 (climb 25.5); physics tick 5.235 ms
PASS test_attacks_respect_cooldowns_all_bosses (16326 ms)
    quadratus: starts ["stomp x5", "head_attack x5"], shortest same-kind gap 9.4 s (stomp); gaius: starts ["sword_slam x2"], shortest same-kind gap 20.6 s (sword_slam)
PASS test_art_layer_does_not_change_gameplay (3986 ms)
    8 s of walking, art off / on in separate processes: max state difference 0.00000000; colossus off { "shapes": 27, "patches": 15, "art": 0, "greybox_visible": 27, "art_collision_in_fight": 0, "terrain": false } / on { "shapes": 27, "patches": 15, "art": 17, "greybox_visible": 5, "art_collision_in_fight": 0, "terrain": true }
PASS test_quadratus_lurch_unsettles_standing_player_fairly (6126 ms)
    40 s standing on the back: 7 lurches [brace 0.87 s, peak 3.9 m/s, balance min 0.49; brace 0.88 s, peak 3.9 m/s, balance min 0.56; brace 0.88 s, peak 3.9 m/s, balance min 0.57; brace 0.88 s, peak 3.9 m/s, balance min 0.52; brace 0.88 s, peak 3.9 m/s, balance min 0.48; brace 0.88 s, peak 3.9 m/s, balance min 0.47; brace 0.88 s, peak 3.9 m/s, balance min 0.46], thrown off 0 times
PASS test_quadratus_crown_needs_second_kneel (3418 ms)
    start PROTECTED -> kneel, rump intact PROTECTED -> rump destroyed (RISE) PROTECTED -> standing again PROTECTED -> second kneel OPEN -> it rises after 19.4 s: PROTECTED
PASS test_bow_aim_zooms_camera_over_shoulder (375 ms)
    camera: 5.0 m / fov 70 -> drawing 3.0 m / fov 52, 0.75 m to the right of the archer -> after the shot 4.5 m / fov 70
PASS test_arrow_glances_off_stone (571 ms)
    impacts: [[&"bounce", &"fl_low"], [&"surface", &"ground"], ["--", &"stuck", "-"], [&"surface", &"body"], ["--", &"stuck", "body"]]
FAIL all_etap6_and_earlier_tests_still_pass (0 ms)
    120 earlier tests (Milestone 1, Etap 2-6) ran in this run, 4 failed ["test_performance_budget", "existing_colossus_tests_still_pass", "all_existing_tests_still_pass", "all_valus_and_earlier_tests_still_pass"]

--- regression metrics vs frozen baselines (res://tests/baseline/etap2_baseline.json, res://tests/baseline/etap4_horse_baseline.json) ---
  ab_animation_ground_err                          0.1402   (new)
  ab_animation_slip_max                            1.5067   (new)
  ab_legacy_ground_err                             3.4580   (new)
  ab_legacy_slip_max                               1.5040   (new)
  ab_procedural_ground_err                         0.0000   (new)
  ab_procedural_slip_max                           0.0002   (new)
  back_reversal_surface_accel_max                  5.0454   (new)
  boss_brain_us                                    7.5240   (new)
  boss_colossus_us                               184.4847   (new)
  boss_fps_max_diff                                0.0000   (new)
  boss_hits_us                                    10.7913   (new)
  boss_min_telegraph                               0.9000   (new)
  boss_physics_tick_ms                             2.0911   (new)
  boss_route_time                                 35.6333   (new)
  boss_scripted_win_time                          57.8167   (new)
  boss_spam_shake_share                            0.3758   (new)
  boss_spam_stomps_per_minute                      6.0000   (new)
  bow_fps_max_diff                                 0.0000   (new)
  brain_idle_player_thrown_s                       4.1833   baseline    10.9333
  camera_inside_colossus_frames                    0.0000   baseline     0.0000
  climb_route_frozen_stamina_left                 54.8000   baseline    53.3333
  climb_route_walk_stamina_left                   55.8633   baseline    53.0665
  fall_12m_damage                                 77.0589   baseline    77.0589
  fall_18m_damage                                100.0000   baseline   100.0000
  fall_1m_damage                                   0.0000   baseline     0.0000
  fall_5m_damage                                  27.4510   baseline    27.4510
  fps_independence_max_diff                        0.0000   (new)
  gaius_bot_time                                  60.1167   (new)
  gaius_colossus_us                              217.0860   (new)
  gaius_fps_max_diff                               0.0000   (new)
  grip_drift_procedural_step_m                     0.0000   (new)
  grip_drift_walk_m                                0.0000   baseline     0.0000
  grip_drift_walk_shake_m                          0.0000   baseline     0.0000
  grip_surface_err_walk_m                          0.0000   baseline     0.0000
  grip_surface_speed_walk_mps                      7.1716   baseline     2.1860
  grip_surface_speed_walk_shake_mps                9.1541   baseline     8.3248
  horse_accel_max                                  2.4000   baseline     2.4000
  horse_controller_us                             72.8917   baseline    94.1167
  horse_foot_slip_max                              0.0020   baseline     0.0020
  horse_fps_max_diff                               0.0000   baseline     0.0000
  horse_height_d2                                 22.0405   baseline    14.6406  <-- WORSE
  horse_ik_us                                     50.4200   baseline    74.2583
  horse_jerk_max                                   7.0000   baseline     7.0000
  horse_probes_us                                 62.5933   baseline    81.5417
  horse_radius_gallop                             21.6555   baseline    21.6555
  horse_rays_per_tick                              8.4317   baseline     8.4317
  horse_rock_contacts                              0.0000   baseline     0.0000
  horse_roll_d2                                    9.8070   baseline     9.8054
  horse_saddle_drift                               0.0000   (new)
  horse_steps_us                                  19.5233   baseline    28.6417
  horse_stop_distance                             12.1911   baseline    12.1911
  horse_terrain_foot_error                         0.0367   baseline     0.0367
  horse_us                                       172.9167   baseline   233.4117
  late_grab_caught_height_m                        0.7991   baseline     1.9957
  leap_regrab_gain_m                               1.5879   baseline     1.3691
  loco_colossus_us                               134.9733   (new)
  loco_ik_us                                      16.8217   (new)
  loco_probes_per_tick                             0.0100   (new)
  loco_reach_err_max_m                             0.0000   (new)
  loco_slip_max_mps                                0.0003   (new)
  pelvis_com_support_dist_m                        1.3390   (new)
  perf_climb_cam_camera_queries                    7.0083   baseline     7.0000
  perf_climb_cam_camera_us                        49.7750   baseline    64.9917
  perf_climb_cam_climb_rays                        2.4000   baseline     2.4083
  perf_climb_cam_colossus_us                     126.1667   baseline    79.2250  <-- WORSE
  perf_climb_cam_frame_ms                          0.7717   baseline     0.4898  <-- WORSE
  perf_climb_cam_grab_queries                      0.0167   baseline     0.0000
  perf_climb_cam_player_us                        69.3833   baseline   104.1083
  perf_climb_camera_queries                        0.0000   baseline     0.0000
  perf_climb_camera_us                             0.0000   baseline     0.0000
  perf_climb_climb_rays                            3.0000   baseline     2.9933
  perf_climb_colossus_us                         124.2833   baseline    56.8467  <-- WORSE
  perf_climb_frame_ms                              0.7022   baseline     0.2969  <-- WORSE
  perf_climb_grab_queries                          0.0000   baseline     0.0000
  perf_climb_player_us                            65.3600   baseline    68.6600
  perf_fall_grab_camera_queries                    7.0000   baseline     7.0000
  perf_fall_grab_camera_us                        26.9000   baseline    25.7833
  perf_fall_grab_climb_rays                        0.0000   baseline     0.0000
  perf_fall_grab_colossus_us                     117.2667   baseline    43.6833  <-- WORSE
  perf_fall_grab_frame_ms                          0.5960   baseline     0.1482  <-- WORSE
  perf_fall_grab_grab_queries                      2.0000   baseline     2.0000
  perf_fall_grab_player_us                        82.5500   baseline    29.7167  <-- WORSE
  perf_stand_shake_camera_queries                  7.5583   baseline     7.6583
  perf_stand_shake_camera_us                      71.3083   baseline    79.9583
  perf_stand_shake_climb_rays                      0.3083   baseline     0.0000  <-- WORSE
  perf_stand_shake_colossus_us                   138.0333   baseline    64.0333  <-- WORSE
  perf_stand_shake_frame_ms                        0.9214   baseline     0.4339  <-- WORSE
  perf_stand_shake_grab_queries                    0.0000   baseline     0.0000
  perf_stand_shake_player_us                      95.4250   baseline    93.7000
  quad_arrows_us                                   7.5094   (new)
  quad_bot_foot_time                              68.4333   (new)
  quad_bot_horse_time                            140.7667   (new)
  quad_colossus_us                               183.4511   (new)
  quad_gait_order_ratio                            1.0000   (new)
  quad_ik_us                                      25.5017   (new)
  quad_kneel_corner_drop                           3.9377   (new)
  quad_locomotion_us                              75.9744   (new)
  quad_physics_tick_ms                             1.8953   (new)
  quad_slip_max                                    0.0004   (new)
  quad_terrain_sole_err                            0.0000   (new)
  quadratus_fps_max_diff                           0.0000   (new)
  quadratus_horse_fps_max_diff                     0.0000   (new)
  release_inherit_error_mps                        0.0000   baseline     0.0000
  rescue_grab_ticks                                1.0000   baseline     1.0000
  ride_foot_min_balance                            0.9912   (new)
  shake_full_balance_loss_s                        0.9500   baseline     1.2833
  shake_full_grip_stamina_cost                    53.8778   baseline    54.2269
  shake_full_thrown_off_s                          1.6500   baseline     2.0833
  shake_grip_stamina_drain_per_s                  23.7347   baseline    23.5711
  shake_half_min_balance                           0.1801   baseline     0.1525
  shin_step_max_shake_level                        0.9020   (new)
  shoulder_startstop_drift_m                       0.0080   (new)
  shoulder_startstop_min_balance                   1.0000   (new)
  slope_shoulder_accel_max                         4.2950   (new)
  slope_sole_height_err_m                          0.0000   (new)
  standing_drift_still_m                           0.0042   baseline     0.0013
  standing_drift_turning_m                         0.0057   baseline     0.0003
  standing_walk_min_balance                        0.9869   baseline     1.0000
  standing_walk_moved_m                            1.6339   baseline     1.6497
  startstop_shoulder_accel_max                     4.9132   (new)
  turn_transfer_surface_err_m                      0.0000   baseline     0.0000
  valus_defeat_head_height                         2.9593   (new)
  11 metric(s) flagged

5 failure(s)
  - test_performance_budget: regression vs Milestone 1 benchmark (~0.25 ms): 0.702 ms
  - existing_colossus_tests_still_pass: earlier tests failed: ["test_performance_budget"]
  - all_existing_tests_still_pass: earlier tests failed: ["test_performance_budget", "existing_colossus_tests_still_pass"]
  - all_valus_and_earlier_tests_still_pass: earlier tests failed: ["test_performance_budget", "existing_colossus_tests_still_pass", "all_existing_tests_still_pass"]
  - all_etap6_and_earlier_tests_still_pass: earlier tests failed: ["test_performance_budget", "existing_colossus_tests_still_pass", "all_existing_tests_still_pass", "all_valus_and_earlier_tests_still_pass"]
