Godot Engine v4.6.3.stable.official.7d41c59c4 - https://godotengine.org

[   0% ] [90m[1mfirst_scan_filesystem[22m | Started Project initialization (5 steps)[39m[0m
[   0% ] [90m[1mfirst_scan_filesystem[22m | Scanning file structure...[39m[0m
[  16% ] [90m[1mfirst_scan_filesystem[22m | Loading global class names...[39m[0m
[  33% ] [90m[1mfirst_scan_filesystem[22m | Verifying GDExtensions...[39m[0m
[  50% ] [90m[1mfirst_scan_filesystem[22m | Creating autoload scripts...[39m[0m
[  66% ] [90m[1mfirst_scan_filesystem[22m | Initializing plugins...[39m[0m
[  83% ] [90m[1mfirst_scan_filesystem[22m | Starting file scan...[39m[0m
[92m[ DONE ][39m [1mfirst_scan_filesystem[22m
[0m
[   0% ] [90m[1m_update_scan_actions[22m | Started Scanning actions... (101 steps)[39m[0m
[   0% ] [90m[1m_update_scan_actions[22m | arched_thorn_lod0.glb[39m[0m
[   0% ] [90m[1m_update_scan_actions[22m | arched_thorn_lod1.glb[39m[0m
[   1% ] [90m[1m_update_scan_actions[22m | arched_thorn_lod2.glb[39m[0m
[   2% ] [90m[1m_update_scan_actions[22m | blade_fin_lod0.glb[39m[0m
[   3% ] [90m[1m_update_scan_actions[22m | blade_fin_lod1.glb[39m[0m
[   4% ] [90m[1m_update_scan_actions[22m | blade_fin_lod2.glb[39m[0m
[   5% ] [90m[1m_update_scan_actions[22m | buried_stair_8m_lod0.glb[39m[0m
[   6% ] [90m[1m_update_scan_actions[22m | buried_stair_8m_lod1.glb[39m[0m
[   7% ] [90m[1m_update_scan_actions[22m | buried_stair_8m_lod2.glb[39m[0m
[   8% ] [90m[1m_update_scan_actions[22m | crust_shelf_lod0.glb[39m[0m
[   9% ] [90m[1m_update_scan_actions[22m | crust_shelf_lod1.glb[39m[0m
[  10% ] [90m[1m_update_scan_actions[22m | crust_shelf_lod2.glb[39m[0m
[  11% ] [90m[1m_update_scan_actions[22m | dead_flat_acacia_lod0.glb[39m[0m
[  12% ] [90m[1m_update_scan_actions[22m | dead_flat_acacia_lod1.glb[39m[0m
[  13% ] [90m[1m_update_scan_actions[22m | dead_flat_acacia_lod2.glb[39m[0m
[  14% ] [90m[1m_update_scan_actions[22m | dry_fan_grass_lod0.glb[39m[0m
[  15% ] [90m[1m_update_scan_actions[22m | dry_fan_grass_lod1.glb[39m[0m
[  16% ] [90m[1m_update_scan_actions[22m | dry_fan_grass_lod2.glb[39m[0m
[  17% ] [90m[1m_update_scan_actions[22m | dry_rill_banks_lod0.glb[39m[0m
[  18% ] [90m[1m_update_scan_actions[22m | dry_rill_banks_lod1.glb[39m[0m
[  19% ] [90m[1m_update_scan_actions[22m | dry_rill_banks_lod2.glb[39m[0m
[  20% ] [90m[1m_update_scan_actions[22m | dry_seed_reeds_lod0.glb[39m[0m
[  21% ] [90m[1m_update_scan_actions[22m | dry_seed_reeds_lod1.glb[39m[0m
[  22% ] [90m[1m_update_scan_actions[22m | dry_seed_reeds_lod2.glb[39m[0m
[  23% ] [90m[1m_update_scan_actions[22m | eroded_needle_lod0.glb[39m[0m
[  24% ] [90m[1m_update_scan_actions[22m | eroded_needle_lod1.glb[39m[0m
[  25% ] [90m[1m_update_scan_actions[22m | eroded_needle_lod2.glb[39m[0m
[  26% ] [90m[1m_update_scan_actions[22m | fallen_fractured_lintel_lod0.glb[39m[0m
[  27% ] [90m[1m_update_scan_actions[22m | fallen_fractured_lintel_lod1.glb[39m[0m
[  28% ] [90m[1m_update_scan_actions[22m | fallen_fractured_lintel_lod2.glb[39m[0m
[  29% ] [90m[1m_update_scan_actions[22m | forked_spire_lod0.glb[39m[0m
[  30% ] [90m[1m_update_scan_actions[22m | forked_spire_lod1.glb[39m[0m
[  31% ] [90m[1m_update_scan_actions[22m | forked_spire_lod2.glb[39m[0m
[  32% ] [90m[1m_update_scan_actions[22m | hoodoo_crown_lod0.glb[39m[0m
[  33% ] [90m[1m_update_scan_actions[22m | hoodoo_crown_lod1.glb[39m[0m
[  34% ] [90m[1m_update_scan_actions[22m | hoodoo_crown_lod2.glb[39m[0m
[  35% ] [90m[1m_update_scan_actions[22m | mineral_blades_lod0.glb[39m[0m
[  36% ] [90m[1m_update_scan_actions[22m | mineral_blades_lod1.glb[39m[0m
[  37% ] [90m[1m_update_scan_actions[22m | mineral_blades_lod2.glb[39m[0m
[  38% ] [90m[1m_update_scan_actions[22m | mushroom_outcrop_lod0.glb[39m[0m
[  39% ] [90m[1m_update_scan_actions[22m | mushroom_outcrop_lod1.glb[39m[0m
[  40% ] [90m[1m_update_scan_actions[22m | mushroom_outcrop_lod2.glb[39m[0m
[  41% ] [90m[1m_update_scan_actions[22m | notched_waystone_lod0.glb[39m[0m
[  42% ] [90m[1m_update_scan_actions[22m | notched_waystone_lod1.glb[39m[0m
[  43% ] [90m[1m_update_scan_actions[22m | notched_waystone_lod2.glb[39m[0m
[  44% ] [90m[1m_update_scan_actions[22m | ribbed_salt_pillar_lod0.glb[39m[0m
[  45% ] [90m[1m_update_scan_actions[22m | ribbed_salt_pillar_lod1.glb[39m[0m
[  46% ] [90m[1m_update_scan_actions[22m | ribbed_salt_pillar_lod2.glb[39m[0m
[  47% ] [90m[1m_update_scan_actions[22m | root_snag_lod0.glb[39m[0m
[  48% ] [90m[1m_update_scan_actions[22m | root_snag_lod1.glb[39m[0m
[  49% ] [90m[1m_update_scan_actions[22m | root_snag_lod2.glb[39m[0m
[  50% ] [90m[1m_update_scan_actions[22m | saltbrush_cushion_lod0.glb[39m[0m
[  50% ] [90m[1m_update_scan_actions[22m | saltbrush_cushion_lod1.glb[39m[0m
[  51% ] [90m[1m_update_scan_actions[22m | saltbrush_cushion_lod2.glb[39m[0m
[  52% ] [90m[1m_update_scan_actions[22m | salt_polygon_plates_lod0.glb[39m[0m
[  53% ] [90m[1m_update_scan_actions[22m | salt_polygon_plates_lod1.glb[39m[0m
[  54% ] [90m[1m_update_scan_actions[22m | salt_polygon_plates_lod2.glb[39m[0m
[  55% ] [90m[1m_update_scan_actions[22m | salt_pressure_ridge_lod0.glb[39m[0m
[  56% ] [90m[1m_update_scan_actions[22m | salt_pressure_ridge_lod1.glb[39m[0m
[  57% ] [90m[1m_update_scan_actions[22m | salt_pressure_ridge_lod2.glb[39m[0m
[  58% ] [90m[1m_update_scan_actions[22m | salt_rosette_lod0.glb[39m[0m
[  59% ] [90m[1m_update_scan_actions[22m | salt_rosette_lod1.glb[39m[0m
[  60% ] [90m[1m_update_scan_actions[22m | salt_rosette_lod2.glb[39m[0m
[  61% ] [90m[1m_update_scan_actions[22m | serrated_ridge_lod0.glb[39m[0m
[  62% ] [90m[1m_update_scan_actions[22m | serrated_ridge_lod1.glb[39m[0m
[  63% ] [90m[1m_update_scan_actions[22m | serrated_ridge_lod2.glb[39m[0m
[  64% ] [90m[1m_update_scan_actions[22m | spear_fan_lod0.glb[39m[0m
[  65% ] [90m[1m_update_scan_actions[22m | spear_fan_lod1.glb[39m[0m
[  66% ] [90m[1m_update_scan_actions[22m | spear_fan_lod2.glb[39m[0m
[  67% ] [90m[1m_update_scan_actions[22m | stepped_sun_plinth_lod0.glb[39m[0m
[  68% ] [90m[1m_update_scan_actions[22m | stepped_sun_plinth_lod1.glb[39m[0m
[  69% ] [90m[1m_update_scan_actions[22m | stepped_sun_plinth_lod2.glb[39m[0m
[  70% ] [90m[1m_update_scan_actions[22m | sunken_retaining_wall_lod0.glb[39m[0m
[  71% ] [90m[1m_update_scan_actions[22m | sunken_retaining_wall_lod1.glb[39m[0m
[  72% ] [90m[1m_update_scan_actions[22m | sunken_retaining_wall_lod2.glb[39m[0m
[  73% ] [90m[1m_update_scan_actions[22m | tabletop_mesa_lod0.glb[39m[0m
[  74% ] [90m[1m_update_scan_actions[22m | tabletop_mesa_lod1.glb[39m[0m
[  75% ] [90m[1m_update_scan_actions[22m | tabletop_mesa_lod2.glb[39m[0m
[  76% ] [90m[1m_update_scan_actions[22m | tiered_escarpment_lod0.glb[39m[0m
[  77% ] [90m[1m_update_scan_actions[22m | tiered_escarpment_lod1.glb[39m[0m
[  78% ] [90m[1m_update_scan_actions[22m | tiered_escarpment_lod2.glb[39m[0m
[  79% ] [90m[1m_update_scan_actions[22m | tumble_cage_lod0.glb[39m[0m
[  80% ] [90m[1m_update_scan_actions[22m | tumble_cage_lod1.glb[39m[0m
[  81% ] [90m[1m_update_scan_actions[22m | tumble_cage_lod2.glb[39m[0m
[  82% ] [90m[1m_update_scan_actions[22m | undercut_bank_lod0.glb[39m[0m
[  83% ] [90m[1m_update_scan_actions[22m | undercut_bank_lod1.glb[39m[0m
[  84% ] [90m[1m_update_scan_actions[22m | undercut_bank_lod2.glb[39m[0m
[  85% ] [90m[1m_update_scan_actions[22m | wind_gate_13m_lod0.glb[39m[0m
[  86% ] [90m[1m_update_scan_actions[22m | wind_gate_13m_lod1.glb[39m[0m
[  87% ] [90m[1m_update_scan_actions[22m | wind_gate_13m_lod2.glb[39m[0m
[  88% ] [90m[1m_update_scan_actions[22m | wind_sieve_tower_lod0.glb[39m[0m
[  89% ] [90m[1m_update_scan_actions[22m | wind_sieve_tower_lod1.glb[39m[0m
[  90% ] [90m[1m_update_scan_actions[22m | wind_sieve_tower_lod2.glb[39m[0m
[  91% ] [90m[1m_update_scan_actions[22m | wind_yardang_lod0.glb[39m[0m
[  92% ] [90m[1m_update_scan_actions[22m | wind_yardang_lod1.glb[39m[0m
[  93% ] [90m[1m_update_scan_actions[22m | wind_yardang_lod2.glb[39m[0m
[  94% ] [90m[1m_update_scan_actions[22m | atlas_1k.png[39m[0m
[  95% ] [90m[1m_update_scan_actions[22m | salt_crust_albedo.png[39m[0m
[  96% ] [90m[1m_update_scan_actions[22m | salt_crust_normal.png[39m[0m
[  97% ] [90m[1m_update_scan_actions[22m | wind_sediment_albedo.png[39m[0m
[  98% ] [90m[1m_update_scan_actions[22m | wind_sediment_normal.png[39m[0m
[92m[ DONE ][39m [1m_update_scan_actions[22m
[0m
[   0% ] [90m[1mreimport[22m | Started (Re)Importing Assets (41 steps)[39m[0m
[   0% ] [90m[1mreimport[22m | Preparing files to reimport...[39m[0m
[   2% ] [90m[1mreimport[22m | Preparing files to reimport...[39m[0m
[   4% ] [90m[1mreimport[22m | Preparing files to reimport...[39m[0m
[   7% ] [90m[1mreimport[22m | Preparing files to reimport...[39m[0m
[   9% ] [90m[1mreimport[22m | Preparing files to reimport...[39m[0m
[  11% ] [90m[1mreimport[22m | Preparing files to reimport...[39m[0m
[  14% ] [90m[1mreimport[22m | Preparing files to reimport...[39m[0m
[  16% ] [90m[1mreimport[22m | Preparing files to reimport...[39m[0m
[  19% ] [90m[1mreimport[22m | Preparing files to reimport...[39m[0m
[  21% ] [90m[1mreimport[22m | Preparing files to reimport...[39m[0m
[  23% ] [90m[1mreimport[22m | Preparing files to reimport...[39m[0m
[  26% ] [90m[1mreimport[22m | Preparing files to reimport...[39m[0m
[  28% ] [90m[1mreimport[22m | Preparing files to reimport...[39m[0m
[  30% ] [90m[1mreimport[22m | Preparing files to reimport...[39m[0m
[  33% ] [90m[1mreimport[22m | Preparing files to reimport...[39m[0m
[  35% ] [90m[1mreimport[22m | Preparing files to reimport...[39m[0m
[  38% ] [90m[1mreimport[22m | Preparing files to reimport...[39m[0m
[  40% ] [90m[1mreimport[22m | Preparing files to reimport...[39m[0m
[  42% ] [90m[1mreimport[22m | Preparing files to reimport...[39m[0m
[  45% ] [90m[1mreimport[22m | Preparing files to reimport...[39m[0m
[  47% ] [90m[1mreimport[22m | Preparing files to reimport...[39m[0m
[  50% ] [90m[1mreimport[22m | Preparing files to reimport...[39m[0m
[  52% ] [90m[1mreimport[22m | Preparing files to reimport...[39m[0m
[  54% ] [90m[1mreimport[22m | Preparing files to reimport...[39m[0m
[  57% ] [90m[1mreimport[22m | Preparing files to reimport...[39m[0m
[  59% ] [90m[1mreimport[22m | Preparing files to reimport...[39m[0m
[  61% ] [90m[1mreimport[22m | Preparing files to reimport...[39m[0m
[  64% ] [90m[1mreimport[22m | Preparing files to reimport...[39m[0m
[  66% ] [90m[1mreimport[22m | Preparing files to reimport...[39m[0m
[  69% ] [90m[1mreimport[22m | Preparing files to reimport...[39m[0m
[  71% ] [90m[1mreimport[22m | Preparing files to reimport...[39m[0m
[  73% ] [90m[1mreimport[22m | Preparing files to reimport...[39m[0m
[  76% ] [90m[1mreimport[22m | Preparing files to reimport...[39m[0m
[  78% ] [90m[1mreimport[22m | Preparing files to reimport...[39m[0m
[  80% ] [90m[1mreimport[22m | Preparing files to reimport...[39m[0m
[  83% ] [90m[1mreimport[22m | Preparing files to reimport...[39m[0m
[  85% ] [90m[1mreimport[22m | Preparing files to reimport...[39m[0m
[  88% ] [90m[1mreimport[22m | Preparing files to reimport...[39m[0m
[  90% ] [90m[1mreimport[22m | Preparing files to reimport...[39m[0m
[  92% ] [90m[1mreimport[22m | Preparing files to reimport...[39m[0m
[  95% ] [90m[1mreimport[22m | Preparing files to reimport...[39m[0m
[   0% ] [90m[1mreimport[22m | Executing pre-reimport operations...[39m[0m
[   0% ] [90m[1mpreload_reimporting_scene[22m | Started Preparing scenes for reload (1 steps)[39m[0m
[   0% ] [90m[1mpreload_reimporting_scene[22m | Analyzing scene [empty][39m[0m
[  50% ] [90m[1mpreload_reimporting_scene[22m | Preparation done.[39m[0m
[92m[ DONE ][39m [1mpreload_reimporting_scene[22m
[0m
[   0% ] [90m[1mreimport[22m | notched_waystone_lod0.glb[39m[0m
[   0% ] [90m[1mimport[22m | Started Import Scene (104 steps)[39m[0m
[   0% ] [90m[1mimport[22m | Importing Scene...[39m[0m
[   1% ] [90m[1mimport[22m | Running Custom Script...[39m[0m
[  99% ] [90m[1mimport[22m | Saving...[39m[0m
[92m[ DONE ][39m [1mimport[22m
[0m
[   2% ] [90m[1mreimport[22m | notched_waystone_lod1.glb[39m[0m
[   0% ] [90m[1mimport[22m | Started Import Scene (104 steps)[39m[0m
[   0% ] [90m[1mimport[22m | Importing Scene...[39m[0m
[   1% ] [90m[1mimport[22m | Running Custom Script...[39m[0m
[  99% ] [90m[1mimport[22m | Saving...[39m[0m
[92m[ DONE ][39m [1mimport[22m
[0m
[   4% ] [90m[1mreimport[22m | notched_waystone_lod2.glb[39m[0m
[   0% ] [90m[1mimport[22m | Started Import Scene (104 steps)[39m[0m
[   0% ] [90m[1mimport[22m | Importing Scene...[39m[0m
[   1% ] [90m[1mimport[22m | Running Custom Script...[39m[0m
[  99% ] [90m[1mimport[22m | Saving...[39m[0m
[92m[ DONE ][39m [1mimport[22m
[0m
[   7% ] [90m[1mreimport[22m | salt_pressure_ridge_lod0.glb[39m[0m
[   0% ] [90m[1mimport[22m | Started Import Scene (104 steps)[39m[0m
[   0% ] [90m[1mimport[22m | Importing Scene...[39m[0m
[   1% ] [90m[1mimport[22m | Running Custom Script...[39m[0m
[  99% ] [90m[1mimport[22m | Saving...[39m[0m
[92m[ DONE ][39m [1mimport[22m
[0m
[   9% ] [90m[1mreimport[22m | salt_pressure_ridge_lod1.glb[39m[0m
[   0% ] [90m[1mimport[22m | Started Import Scene (104 steps)[39m[0m
[   0% ] [90m[1mimport[22m | Importing Scene...[39m[0m
[   1% ] [90m[1mimport[22m | Running Custom Script...[39m[0m
[  99% ] [90m[1mimport[22m | Saving...[39m[0m
[92m[ DONE ][39m [1mimport[22m
[0m
[  11% ] [90m[1mreimport[22m | salt_pressure_ridge_lod2.glb[39m[0m
[   0% ] [90m[1mimport[22m | Started Import Scene (104 steps)[39m[0m
[   0% ] [90m[1mimport[22m | Importing Scene...[39m[0m
[   1% ] [90m[1mimport[22m | Running Custom Script...[39m[0m
[  99% ] [90m[1mimport[22m | Saving...[39m[0m
[92m[ DONE ][39m [1mimport[22m
[0m
[  14% ] [90m[1mreimport[22m | serrated_ridge_lod0.glb[39m[0m
[   0% ] [90m[1mimport[22m | Started Import Scene (104 steps)[39m[0m
[   0% ] [90m[1mimport[22m | Importing Scene...[39m[0m
[   1% ] [90m[1mimport[22m | Running Custom Script...[39m[0m
[  99% ] [90m[1mimport[22m | Saving...[39m[0m
[92m[ DONE ][39m [1mimport[22m
[0m
[  16% ] [90m[1mreimport[22m | serrated_ridge_lod1.glb[39m[0m
[   0% ] [90m[1mimport[22m | Started Import Scene (104 steps)[39m[0m
[   0% ] [90m[1mimport[22m | Importing Scene...[39m[0m
[   1% ] [90m[1mimport[22m | Running Custom Script...[39m[0m
[  99% ] [90m[1mimport[22m | Saving...[39m[0m
[92m[ DONE ][39m [1mimport[22m
[0m
[  19% ] [90m[1mreimport[22m | serrated_ridge_lod2.glb[39m[0m
[   0% ] [90m[1mimport[22m | Started Import Scene (104 steps)[39m[0m
[   0% ] [90m[1mimport[22m | Importing Scene...[39m[0m
[   1% ] [90m[1mimport[22m | Running Custom Script...[39m[0m
[  99% ] [90m[1mimport[22m | Saving...[39m[0m
[92m[ DONE ][39m [1mimport[22m
[0m
[  21% ] [90m[1mreimport[22m | tabletop_mesa_lod0.glb[39m[0m
[   0% ] [90m[1mimport[22m | Started Import Scene (104 steps)[39m[0m
[   0% ] [90m[1mimport[22m | Importing Scene...[39m[0m
[   1% ] [90m[1mimport[22m | Running Custom Script...[39m[0m
[  99% ] [90m[1mimport[22m | Saving...[39m[0m
[92m[ DONE ][39m [1mimport[22m
[0m
[  23% ] [90m[1mreimport[22m | tabletop_mesa_lod1.glb[39m[0m
[   0% ] [90m[1mimport[22m | Started Import Scene (104 steps)[39m[0m
[   0% ] [90m[1mimport[22m | Importing Scene...[39m[0m
[   1% ] [90m[1mimport[22m | Running Custom Script...[39m[0m
[  99% ] [90m[1mimport[22m | Saving...[39m[0m
[92m[ DONE ][39m [1mimport[22m
[0m
[  26% ] [90m[1mreimport[22m | tabletop_mesa_lod2.glb[39m[0m
[   0% ] [90m[1mimport[22m | Started Import Scene (104 steps)[39m[0m
[   0% ] [90m[1mimport[22m | Importing Scene...[39m[0m
[   1% ] [90m[1mimport[22m | Running Custom Script...[39m[0m
[  99% ] [90m[1mimport[22m | Saving...[39m[0m
[92m[ DONE ][39m [1mimport[22m
[0m
[  28% ] [90m[1mreimport[22m | tiered_escarpment_lod0.glb[39m[0m
[   0% ] [90m[1mimport[22m | Started Import Scene (104 steps)[39m[0m
[   0% ] [90m[1mimport[22m | Importing Scene...[39m[0m
[   1% ] [90m[1mimport[22m | Running Custom Script...[39m[0m
[  99% ] [90m[1mimport[22m | Saving...[39m[0m
[92m[ DONE ][39m [1mimport[22m
[0m
[  30% ] [90m[1mreimport[22m | tiered_escarpment_lod1.glb[39m[0m
[   0% ] [90m[1mimport[22m | Started Import Scene (104 steps)[39m[0m
[   0% ] [90m[1mimport[22m | Importing Scene...[39m[0m
[   1% ] [90m[1mimport[22m | Running Custom Script...[39m[0m
[  99% ] [90m[1mimport[22m | Saving...[39m[0m
[92m[ DONE ][39m [1mimport[22m
[0m
[  33% ] [90m[1mreimport[22m | undercut_bank_lod0.glb[39m[0m
[   0% ] [90m[1mimport[22m | Started Import Scene (104 steps)[39m[0m
[   0% ] [90m[1mimport[22m | Importing Scene...[39m[0m
[   1% ] [90m[1mimport[22m | Running Custom Script...[39m[0m
[  99% ] [90m[1mimport[22m | Saving...[39m[0m
[92m[ DONE ][39m [1mimport[22m
[0m
[  35% ] [90m[1mreimport[22m | undercut_bank_lod1.glb[39m[0m
[   0% ] [90m[1mimport[22m | Started Import Scene (104 steps)[39m[0m
[   0% ] [90m[1mimport[22m | Importing Scene...[39m[0m
[   1% ] [90m[1mimport[22m | Running Custom Script...[39m[0m
[  99% ] [90m[1mimport[22m | Saving...[39m[0m
[92m[ DONE ][39m [1mimport[22m
[0m
[  38% ] [90m[1mreimport[22m | undercut_bank_lod2.glb[39m[0m
[   0% ] [90m[1mimport[22m | Started Import Scene (104 steps)[39m[0m
[   0% ] [90m[1mimport[22m | Importing Scene...[39m[0m
[   1% ] [90m[1mimport[22m | Running Custom Script...[39m[0m
[  99% ] [90m[1mimport[22m | Saving...[39m[0m
[92m[ DONE ][39m [1mimport[22m
[0m
[  40% ] [90m[1mreimport[22m | wind_yardang_lod0.glb[39m[0m
[   0% ] [90m[1mimport[22m | Started Import Scene (104 steps)[39m[0m
[   0% ] [90m[1mimport[22m | Importing Scene...[39m[0m
[   1% ] [90m[1mimport[22m | Running Custom Script...[39m[0m
[  99% ] [90m[1mimport[22m | Saving...[39m[0m
[92m[ DONE ][39m [1mimport[22m
[0m
[  42% ] [90m[1mreimport[22m | wind_yardang_lod1.glb[39m[0m
[   0% ] [90m[1mimport[22m | Started Import Scene (104 steps)[39m[0m
[   0% ] [90m[1mimport[22m | Importing Scene...[39m[0m
[   1% ] [90m[1mimport[22m | Running Custom Script...[39m[0m
[  99% ] [90m[1mimport[22m | Saving...[39m[0m
[92m[ DONE ][39m [1mimport[22m
[0m
[  45% ] [90m[1mreimport[22m | wind_yardang_lod2.glb[39m[0m
[   0% ] [90m[1mimport[22m | Started Import Scene (104 steps)[39m[0m
[   0% ] [90m[1mimport[22m | Importing Scene...[39m[0m
[   1% ] [90m[1mimport[22m | Running Custom Script...[39m[0m
[  99% ] [90m[1mimport[22m | Saving...[39m[0m
[92m[ DONE ][39m [1mimport[22m
[0m
[  47% ] [90m[1mreimport[22m | blade_fin_lod0.glb[39m[0m
[   0% ] [90m[1mimport[22m | Started Import Scene (104 steps)[39m[0m
[   0% ] [90m[1mimport[22m | Importing Scene...[39m[0m
[   1% ] [90m[1mimport[22m | Running Custom Script...[39m[0m
[  99% ] [90m[1mimport[22m | Saving...[39m[0m
[92m[ DONE ][39m [1mimport[22m
[0m
[  50% ] [90m[1mreimport[22m | blade_fin_lod1.glb[39m[0m
[   0% ] [90m[1mimport[22m | Started Import Scene (104 steps)[39m[0m
[   0% ] [90m[1mimport[22m | Importing Scene...[39m[0m
[   1% ] [90m[1mimport[22m | Running Custom Script...[39m[0m
[  99% ] [90m[1mimport[22m | Saving...[39m[0m
[92m[ DONE ][39m [1mimport[22m
[0m
[  52% ] [90m[1mreimport[22m | blade_fin_lod2.glb[39m[0m
[   0% ] [90m[1mimport[22m | Started Import Scene (104 steps)[39m[0m
[   0% ] [90m[1mimport[22m | Importing Scene...[39m[0m
[   1% ] [90m[1mimport[22m | Running Custom Script...[39m[0m
[  99% ] [90m[1mimport[22m | Saving...[39m[0m
[92m[ DONE ][39m [1mimport[22m
[0m
[  54% ] [90m[1mreimport[22m | crust_shelf_lod0.glb[39m[0m
[   0% ] [90m[1mimport[22m | Started Import Scene (104 steps)[39m[0m
[   0% ] [90m[1mimport[22m | Importing Scene...[39m[0m
[   1% ] [90m[1mimport[22m | Running Custom Script...[39m[0m
[  99% ] [90m[1mimport[22m | Saving...[39m[0m
[92m[ DONE ][39m [1mimport[22m
[0m
[  57% ] [90m[1mreimport[22m | crust_shelf_lod1.glb[39m[0m
[   0% ] [90m[1mimport[22m | Started Import Scene (104 steps)[39m[0m
[   0% ] [90m[1mimport[22m | Importing Scene...[39m[0m
[   1% ] [90m[1mimport[22m | Running Custom Script...[39m[0m
[  99% ] [90m[1mimport[22m | Saving...[39m[0m
[92m[ DONE ][39m [1mimport[22m
[0m
[  59% ] [90m[1mreimport[22m | crust_shelf_lod2.glb[39m[0m
[   0% ] [90m[1mimport[22m | Started Import Scene (104 steps)[39m[0m
[   0% ] [90m[1mimport[22m | Importing Scene...[39m[0m
[   1% ] [90m[1mimport[22m | Running Custom Script...[39m[0m
[  99% ] [90m[1mimport[22m | Saving...[39m[0m
[92m[ DONE ][39m [1mimport[22m
[0m
[  61% ] [90m[1mreimport[22m | dry_rill_banks_lod0.glb[39m[0m
[   0% ] [90m[1mimport[22m | Started Import Scene (104 steps)[39m[0m
[   0% ] [90m[1mimport[22m | Importing Scene...[39m[0m
[   1% ] [90m[1mimport[22m | Running Custom Script...[39m[0m
[  99% ] [90m[1mimport[22m | Saving...[39m[0m
[92m[ DONE ][39m [1mimport[22m
[0m
[  64% ] [90m[1mreimport[22m | dry_rill_banks_lod1.glb[39m[0m
[   0% ] [90m[1mimport[22m | Started Import Scene (104 steps)[39m[0m
[   0% ] [90m[1mimport[22m | Importing Scene...[39m[0m
[   1% ] [90m[1mimport[22m | Running Custom Script...[39m[0m
[  99% ] [90m[1mimport[22m | Saving...[39m[0m
[92m[ DONE ][39m [1mimport[22m
[0m
[  66% ] [90m[1mreimport[22m | dry_rill_banks_lod2.glb[39m[0m
[   0% ] [90m[1mimport[22m | Started Import Scene (104 steps)[39m[0m
[   0% ] [90m[1mimport[22m | Importing Scene...[39m[0m
[   1% ] [90m[1mimport[22m | Running Custom Script...[39m[0m
[  99% ] [90m[1mimport[22m | Saving...[39m[0m
[92m[ DONE ][39m [1mimport[22m
[0m
[  69% ] [90m[1mreimport[22m | eroded_needle_lod0.glb[39m[0m
[   0% ] [90m[1mimport[22m | Started Import Scene (104 steps)[39m[0m
[   0% ] [90m[1mimport[22m | Importing Scene...[39m[0m
[   1% ] [90m[1mimport[22m | Running Custom Script...[39m[0m
[  99% ] [90m[1mimport[22m | Saving...[39m[0m
[92m[ DONE ][39m [1mimport[22m
[0m
[  71% ] [90m[1mreimport[22m | eroded_needle_lod1.glb[39m[0m
[   0% ] [90m[1mimport[22m | Started Import Scene (104 steps)[39m[0m
[   0% ] [90m[1mimport[22m | Importing Scene...[39m[0m
[   1% ] [90m[1mimport[22m | Running Custom Script...[39m[0m
[  99% ] [90m[1mimport[22m | Saving...[39m[0m
[92m[ DONE ][39m [1mimport[22m
[0m
[  73% ] [90m[1mreimport[22m | eroded_needle_lod2.glb[39m[0m
[   0% ] [90m[1mimport[22m | Started Import Scene (104 steps)[39m[0m
[   0% ] [90m[1mimport[22m | Importing Scene...[39m[0m
[   1% ] [90m[1mimport[22m | Running Custom Script...[39m[0m
[  99% ] [90m[1mimport[22m | Saving...[39m[0m
[92m[ DONE ][39m [1mimport[22m
[0m
[  76% ] [90m[1mreimport[22m | forked_spire_lod0.glb[39m[0m
[   0% ] [90m[1mimport[22m | Started Import Scene (104 steps)[39m[0m
[   0% ] [90m[1mimport[22m | Importing Scene...[39m[0m
[   1% ] [90m[1mimport[22m | Running Custom Script...[39m[0m
[  99% ] [90m[1mimport[22m | Saving...[39m[0m
[92m[ DONE ][39m [1mimport[22m
[0m
[  78% ] [90m[1mreimport[22m | forked_spire_lod1.glb[39m[0m
[   0% ] [90m[1mimport[22m | Started Import Scene (104 steps)[39m[0m
[   0% ] [90m[1mimport[22m | Importing Scene...[39m[0m
[   1% ] [90m[1mimport[22m | Running Custom Script...[39m[0m
[  99% ] [90m[1mimport[22m | Saving...[39m[0m
[92m[ DONE ][39m [1mimport[22m
[0m
[  80% ] [90m[1mreimport[22m | forked_spire_lod2.glb[39m[0m
[   0% ] [90m[1mimport[22m | Started Import Scene (104 steps)[39m[0m
[   0% ] [90m[1mimport[22m | Importing Scene...[39m[0m
[   1% ] [90m[1mimport[22m | Running Custom Script...[39m[0m
[  99% ] [90m[1mimport[22m | Saving...[39m[0m
[92m[ DONE ][39m [1mimport[22m
[0m
[  83% ] [90m[1mreimport[22m | hoodoo_crown_lod0.glb[39m[0m
[   0% ] [90m[1mimport[22m | Started Import Scene (104 steps)[39m[0m
[   0% ] [90m[1mimport[22m | Importing Scene...[39m[0m
[   1% ] [90m[1mimport[22m | Running Custom Script...[39m[0m
[  99% ] [90m[1mimport[22m | Saving...[39m[0m
[92m[ DONE ][39m [1mimport[22m
[0m
[  85% ] [90m[1mreimport[22m | hoodoo_crown_lod1.glb[39m[0m
[   0% ] [90m[1mimport[22m | Started Import Scene (104 steps)[39m[0m
[   0% ] [90m[1mimport[22m | Importing Scene...[39m[0m
[   1% ] [90m[1mimport[22m | Running Custom Script...[39m[0m
[  99% ] [90m[1mimport[22m | Saving...[39m[0m
[92m[ DONE ][39m [1mimport[22m
[0m
[  88% ] [90m[1mreimport[22m | hoodoo_crown_lod2.glb[39m[0m
[   0% ] [90m[1mimport[22m | Started Import Scene (104 steps)[39m[0m
[   0% ] [90m[1mimport[22m | Importing Scene...[39m[0m
[   1% ] [90m[1mimport[22m | Running Custom Script...[39m[0m
[  99% ] [90m[1mimport[22m | Saving...[39m[0m
[92m[ DONE ][39m [1mimport[22m
[0m
[  90% ] [90m[1mreimport[22m | mushroom_outcrop_lod0.glb[39m[0m
[   0% ] [90m[1mimport[22m | Started Import Scene (104 steps)[39m[0m
[   0% ] [90m[1mimport[22m | Importing Scene...[39m[0m
[   1% ] [90m[1mimport[22m | Running Custom Script...[39m[0m
[  99% ] [90m[1mimport[22m | Saving...[39m[0m
[92m[ DONE ][39m [1mimport[22m
[0m
[  92% ] [90m[1mreimport[22m | mushroom_outcrop_lod1.glb[39m[0m
[   0% ] [90m[1mimport[22m | Started Import Scene (104 steps)[39m[0m
[   0% ] [90m[1mimport[22m | Importing Scene...[39m[0m
[   1% ] [90m[1mimport[22m | Running Custom Script...[39m[0m
[  99% ] [90m[1mimport[22m | Saving...[39m[0m
[92m[ DONE ][39m [1mimport[22m
[0m
[  95% ] [90m[1mreimport[22m | mushroom_outcrop_lod2.glb[39m[0m
[   0% ] [90m[1mimport[22m | Started Import Scene (104 steps)[39m[0m
[   0% ] [90m[1mimport[22m | Importing Scene...[39m[0m
[   1% ] [90m[1mimport[22m | Running Custom Script...[39m[0m
[  99% ] [90m[1mimport[22m | Saving...[39m[0m
[92m[ DONE ][39m [1mimport[22m
[0m
[  97% ] [90m[1mreimport[22m | Finalizing Asset Import...[39m[0m
[92m[ DONE ][39m [1mreimport[22m
[0m
[   0% ] [90m[1mreimport[22m | Started (Re)Importing Assets (41 steps)[39m[0m
[   0% ] [90m[1mreimport[22m | Executing post-reimport operations...[39m[0m
[92m[ DONE ][39m [1mreimport[22m
[0m
[   0% ] [90m[1mloading_editor_layout[22m | Started Loading editor (5 steps)[39m[0m
[   0% ] [90m[1mloading_editor_layout[22m | Loading editor layout...[39m[0m
[  16% ] [90m[1mloading_editor_layout[22m | Loading docks...[39m[0m
[92m[ DONE ][39m [1mloading_editor_layout[22m
[0m
