Godot Engine v4.6.3.stable.official.7d41c59c4 - https://godotengine.org

[   0% ] [90m[1mfirst_scan_filesystem[22m | Started Project initialization (5 steps)[39m[0m
[   0% ] [90m[1mfirst_scan_filesystem[22m | Scanning file structure...[39m[0m
[  16% ] [90m[1mfirst_scan_filesystem[22m | Loading global class names...[39m[0m
[  33% ] [90m[1mfirst_scan_filesystem[22m | Verifying GDExtensions...[39m[0m
[  50% ] [90m[1mfirst_scan_filesystem[22m | Creating autoload scripts...[39m[0m
[  66% ] [90m[1mfirst_scan_filesystem[22m | Initializing plugins...[39m[0m
[  83% ] [90m[1mfirst_scan_filesystem[22m | Starting file scan...[39m[0m
[92m[ DONE ][39m [1mfirst_scan_filesystem[22m
[0m
[   0% ] [90m[1mupdate_scripts_classes[22m | Started Registering global classes... (97 steps)[39m[0m
[   0% ] [90m[1mupdate_scripts_classes[22m | [39m[0m
[   1% ] [90m[1mupdate_scripts_classes[22m | [39m[0m
[   2% ] [90m[1mupdate_scripts_classes[22m | [39m[0m
[   3% ] [90m[1mupdate_scripts_classes[22m | [39m[0m
[   4% ] [90m[1mupdate_scripts_classes[22m | [39m[0m
[   5% ] [90m[1mupdate_scripts_classes[22m | [39m[0m
[   6% ] [90m[1mupdate_scripts_classes[22m | [39m[0m
[   7% ] [90m[1mupdate_scripts_classes[22m | [39m[0m
[   8% ] [90m[1mupdate_scripts_classes[22m | [39m[0m
[   9% ] [90m[1mupdate_scripts_classes[22m | [39m[0m
[  10% ] [90m[1mupdate_scripts_classes[22m | [39m[0m
[  11% ] [90m[1mupdate_scripts_classes[22m | [39m[0m
[  12% ] [90m[1mupdate_scripts_classes[22m | [39m[0m
[  13% ] [90m[1mupdate_scripts_classes[22m | [39m[0m
[  14% ] [90m[1mupdate_scripts_classes[22m | [39m[0m
[  15% ] [90m[1mupdate_scripts_classes[22m | [39m[0m
[  16% ] [90m[1mupdate_scripts_classes[22m | [39m[0m
[  17% ] [90m[1mupdate_scripts_classes[22m | [39m[0m
[  18% ] [90m[1mupdate_scripts_classes[22m | [39m[0m
[  19% ] [90m[1mupdate_scripts_classes[22m | [39m[0m
[  20% ] [90m[1mupdate_scripts_classes[22m | [39m[0m
[  21% ] [90m[1mupdate_scripts_classes[22m | [39m[0m
[  22% ] [90m[1mupdate_scripts_classes[22m | PlayerCamera[39m[0m
[  23% ] [90m[1mupdate_scripts_classes[22m | ClimbPatch[39m[0m
[  24% ] [90m[1mupdate_scripts_classes[22m | ClimbQuery[39m[0m
[  25% ] [90m[1mupdate_scripts_classes[22m | SurfaceAnchor[39m[0m
[  26% ] [90m[1mupdate_scripts_classes[22m | ColossusBrain[39m[0m
[  27% ] [90m[1mupdate_scripts_classes[22m | ColossusIntent[39m[0m
[  28% ] [90m[1mupdate_scripts_classes[22m | ColossusObservation[39m[0m
[  29% ] [90m[1mupdate_scripts_classes[22m | UtilityBrain[39m[0m
[  30% ] [90m[1mupdate_scripts_classes[22m | Gaius[39m[0m
[  31% ] [90m[1mupdate_scripts_classes[22m | GaiusBrain[39m[0m
[  32% ] [90m[1mupdate_scripts_classes[22m | GreyboxHumanoid[39m[0m
[  33% ] [90m[1mupdate_scripts_classes[22m | GreyboxQuadruped[39m[0m
[  34% ] [90m[1mupdate_scripts_classes[22m | HumanoidBoss[39m[0m
[  35% ] [90m[1mupdate_scripts_classes[22m | QuadrupedDebugDraw[39m[0m
[  36% ] [90m[1mupdate_scripts_classes[22m | Quadratus[39m[0m
[  37% ] [90m[1mupdate_scripts_classes[22m | QuadratusBrain[39m[0m
[  38% ] [90m[1mupdate_scripts_classes[22m | Valus[39m[0m
[  39% ] [90m[1mupdate_scripts_classes[22m | ValusBrain[39m[0m
[  40% ] [90m[1mupdate_scripts_classes[22m | BodySegment[39m[0m
[  41% ] [90m[1mupdate_scripts_classes[22m | Colossus[39m[0m
[  42% ] [90m[1mupdate_scripts_classes[22m | ArmorPlate[39m[0m
[  43% ] [90m[1mupdate_scripts_classes[22m | ArrowSystem[39m[0m
[  44% ] [90m[1mupdate_scripts_classes[22m | ArrowTarget[39m[0m
[  45% ] [90m[1mupdate_scripts_classes[22m | BossEncounter[39m[0m
[  46% ] [90m[1mupdate_scripts_classes[22m | BowDebugDraw[39m[0m
[  47% ] [90m[1mupdate_scripts_classes[22m | ColossusAttack[39m[0m
[  48% ] [90m[1mupdate_scripts_classes[22m | CombatDebugDraw[39m[0m
[  50% ] [90m[1mupdate_scripts_classes[22m | FairnessRules[39m[0m
[  51% ] [90m[1mupdate_scripts_classes[22m | GaiusBot[39m[0m
[  52% ] [90m[1mupdate_scripts_classes[22m | HitVolume[39m[0m
[  53% ] [90m[1mupdate_scripts_classes[22m | LimbStomp[39m[0m
[  54% ] [90m[1mupdate_scripts_classes[22m | PlayerBow[39m[0m
[  55% ] [90m[1mupdate_scripts_classes[22m | PlayerSword[39m[0m
[  56% ] [90m[1mupdate_scripts_classes[22m | QuadratusBot[39m[0m
[  57% ] [90m[1mupdate_scripts_classes[22m | ValusBot[39m[0m
[  58% ] [90m[1mupdate_scripts_classes[22m | WeakPoint[39m[0m
[  59% ] [90m[1mupdate_scripts_classes[22m | Layers[39m[0m
[  60% ] [90m[1mupdate_scripts_classes[22m | Perf[39m[0m
[  61% ] [90m[1mupdate_scripts_classes[22m | Fx[39m[0m
[  62% ] [90m[1mupdate_scripts_classes[22m | Sfx[39m[0m
[  63% ] [90m[1mupdate_scripts_classes[22m | Horse[39m[0m
[  64% ] [90m[1mupdate_scripts_classes[22m | HorseController[39m[0m
[  65% ] [90m[1mupdate_scripts_classes[22m | HorseDebugDraw[39m[0m
[  66% ] [90m[1mupdate_scripts_classes[22m | HorseInputIntent[39m[0m
[  67% ] [90m[1mupdate_scripts_classes[22m | QuadrupedGait[39m[0m
[  68% ] [90m[1mupdate_scripts_classes[22m | ScriptedHorseDriver[39m[0m
[  69% ] [90m[1mupdate_scripts_classes[22m | FlatInputSource[39m[0m
[  70% ] [90m[1mupdate_scripts_classes[22m | InputSetup[39m[0m
[  71% ] [90m[1mupdate_scripts_classes[22m | PlayerActions[39m[0m
[  72% ] [90m[1mupdate_scripts_classes[22m | LegState[39m[0m
[  73% ] [90m[1mupdate_scripts_classes[22m | LocomotionController[39m[0m
[  74% ] [90m[1mupdate_scripts_classes[22m | LocomotionDebugDraw[39m[0m
[  75% ] [90m[1mupdate_scripts_classes[22m | StepMath[39m[0m
[  76% ] [90m[1mupdate_scripts_classes[22m | TwoBoneIK[39m[0m
[  77% ] [90m[1mupdate_scripts_classes[22m | Balance[39m[0m
[  78% ] [90m[1mupdate_scripts_classes[22m | FallImpact[39m[0m
[  79% ] [90m[1mupdate_scripts_classes[22m | PlayerCharacter[39m[0m
[  80% ] [90m[1mupdate_scripts_classes[22m | PlayerRiding[39m[0m
[  81% ] [90m[1mupdate_scripts_classes[22m | PlayerVisual[39m[0m
[  82% ] [90m[1mupdate_scripts_classes[22m | Stamina[39m[0m
[  83% ] [90m[1mupdate_scripts_classes[22m | PlayerHud[39m[0m
[  84% ] [90m[1mupdate_scripts_classes[22m | AgroArena[39m[0m
[  85% ] [90m[1mupdate_scripts_classes[22m | ArenaArt[39m[0m
[  86% ] [90m[1mupdate_scripts_classes[22m | GaiusArena[39m[0m
[  87% ] [90m[1mupdate_scripts_classes[22m | QuadratusArena[39m[0m
[  88% ] [90m[1mupdate_scripts_classes[22m | TerrainKit[39m[0m
[  89% ] [90m[1mupdate_scripts_classes[22m | ValusArena[39m[0m
[  90% ] [90m[1mupdate_scripts_classes[22m | [39m[0m
[  91% ] [90m[1mupdate_scripts_classes[22m | [39m[0m
[  92% ] [90m[1mupdate_scripts_classes[22m | [39m[0m
[  93% ] [90m[1mupdate_scripts_classes[22m | [39m[0m
[  94% ] [90m[1mupdate_scripts_classes[22m | [39m[0m
[  95% ] [90m[1mupdate_scripts_classes[22m | [39m[0m
[  96% ] [90m[1mupdate_scripts_classes[22m | [39m[0m
[  97% ] [90m[1mupdate_scripts_classes[22m | [39m[0m
[92m[ DONE ][39m [1mupdate_scripts_classes[22m
[0m
[   0% ] [90m[1m_update_scan_actions[22m | Started Scanning actions... (485 steps)[39m[0m
[   0% ] [90m[1m_update_scan_actions[22m | altar_collision.glb[39m[0m
[   0% ] [90m[1m_update_scan_actions[22m | altar_lod0.glb[39m[0m
[   0% ] [90m[1m_update_scan_actions[22m | altar_lod1.glb[39m[0m
[   0% ] [90m[1m_update_scan_actions[22m | altar_lod2.glb[39m[0m
[   0% ] [90m[1m_update_scan_actions[22m | arch_lod0.glb[39m[0m
[   1% ] [90m[1m_update_scan_actions[22m | arch_lod1.glb[39m[0m
[   1% ] [90m[1m_update_scan_actions[22m | arch_lod2.glb[39m[0m
[   1% ] [90m[1m_update_scan_actions[22m | basalt_0_collision.glb[39m[0m
[   1% ] [90m[1m_update_scan_actions[22m | basalt_0_lod0.glb[39m[0m
[   1% ] [90m[1m_update_scan_actions[22m | basalt_0_lod1.glb[39m[0m
[   2% ] [90m[1m_update_scan_actions[22m | basalt_0_lod2.glb[39m[0m
[   2% ] [90m[1m_update_scan_actions[22m | basalt_1_collision.glb[39m[0m
[   2% ] [90m[1m_update_scan_actions[22m | basalt_1_lod0.glb[39m[0m
[   2% ] [90m[1m_update_scan_actions[22m | basalt_1_lod1.glb[39m[0m
[   2% ] [90m[1m_update_scan_actions[22m | basalt_1_lod2.glb[39m[0m
[   3% ] [90m[1m_update_scan_actions[22m | basalt_2_collision.glb[39m[0m
[   3% ] [90m[1m_update_scan_actions[22m | basalt_2_lod0.glb[39m[0m
[   3% ] [90m[1m_update_scan_actions[22m | basalt_2_lod1.glb[39m[0m
[   3% ] [90m[1m_update_scan_actions[22m | basalt_2_lod2.glb[39m[0m
[   3% ] [90m[1m_update_scan_actions[22m | beam_4m_collision.glb[39m[0m
[   4% ] [90m[1m_update_scan_actions[22m | beam_4m_lod0.glb[39m[0m
[   4% ] [90m[1m_update_scan_actions[22m | beam_4m_lod1.glb[39m[0m
[   4% ] [90m[1m_update_scan_actions[22m | beam_4m_lod2.glb[39m[0m
[   4% ] [90m[1m_update_scan_actions[22m | chalk_0_collision.glb[39m[0m
[   4% ] [90m[1m_update_scan_actions[22m | chalk_0_lod0.glb[39m[0m
[   5% ] [90m[1m_update_scan_actions[22m | chalk_0_lod1.glb[39m[0m
[   5% ] [90m[1m_update_scan_actions[22m | chalk_0_lod2.glb[39m[0m
[   5% ] [90m[1m_update_scan_actions[22m | chalk_1_collision.glb[39m[0m
[   5% ] [90m[1m_update_scan_actions[22m | chalk_1_lod0.glb[39m[0m
[   5% ] [90m[1m_update_scan_actions[22m | chalk_1_lod1.glb[39m[0m
[   6% ] [90m[1m_update_scan_actions[22m | chalk_1_lod2.glb[39m[0m
[   6% ] [90m[1m_update_scan_actions[22m | chalk_2_collision.glb[39m[0m
[   6% ] [90m[1m_update_scan_actions[22m | chalk_2_lod0.glb[39m[0m
[   6% ] [90m[1m_update_scan_actions[22m | chalk_2_lod1.glb[39m[0m
[   6% ] [90m[1m_update_scan_actions[22m | chalk_2_lod2.glb[39m[0m
[   7% ] [90m[1m_update_scan_actions[22m | channel_lod0.glb[39m[0m
[   7% ] [90m[1m_update_scan_actions[22m | channel_lod1.glb[39m[0m
[   7% ] [90m[1m_update_scan_actions[22m | channel_lod2.glb[39m[0m
[   7% ] [90m[1m_update_scan_actions[22m | cliff_collision.glb[39m[0m
[   8% ] [90m[1m_update_scan_actions[22m | cliff_lod0.glb[39m[0m
[   8% ] [90m[1m_update_scan_actions[22m | cliff_lod1.glb[39m[0m
[   8% ] [90m[1m_update_scan_actions[22m | cliff_lod2.glb[39m[0m
[   8% ] [90m[1m_update_scan_actions[22m | column_base_collision.glb[39m[0m
[   8% ] [90m[1m_update_scan_actions[22m | column_base_lod0.glb[39m[0m
[   9% ] [90m[1m_update_scan_actions[22m | column_base_lod1.glb[39m[0m
[   9% ] [90m[1m_update_scan_actions[22m | column_base_lod2.glb[39m[0m
[   9% ] [90m[1m_update_scan_actions[22m | column_broken_collision.glb[39m[0m
[   9% ] [90m[1m_update_scan_actions[22m | column_broken_lod0.glb[39m[0m
[   9% ] [90m[1m_update_scan_actions[22m | column_broken_lod1.glb[39m[0m
[  10% ] [90m[1m_update_scan_actions[22m | column_broken_lod2.glb[39m[0m
[  10% ] [90m[1m_update_scan_actions[22m | column_collision.glb[39m[0m
[  10% ] [90m[1m_update_scan_actions[22m | column_lod0.glb[39m[0m
[  10% ] [90m[1m_update_scan_actions[22m | column_lod1.glb[39m[0m
[  10% ] [90m[1m_update_scan_actions[22m | column_lod2.glb[39m[0m
[  11% ] [90m[1m_update_scan_actions[22m | door_lod0.glb[39m[0m
[  11% ] [90m[1m_update_scan_actions[22m | door_lod1.glb[39m[0m
[  11% ] [90m[1m_update_scan_actions[22m | door_lod2.glb[39m[0m
[  11% ] [90m[1m_update_scan_actions[22m | fern_lod0.glb[39m[0m
[  11% ] [90m[1m_update_scan_actions[22m | fern_lod1.glb[39m[0m
[  12% ] [90m[1m_update_scan_actions[22m | fern_lod2.glb[39m[0m
[  12% ] [90m[1m_update_scan_actions[22m | floor_collision.glb[39m[0m
[  12% ] [90m[1m_update_scan_actions[22m | floor_lod0.glb[39m[0m
[  12% ] [90m[1m_update_scan_actions[22m | floor_lod1.glb[39m[0m
[  12% ] [90m[1m_update_scan_actions[22m | floor_lod2.glb[39m[0m
[  13% ] [90m[1m_update_scan_actions[22m | grass_dry_v2_lod0.glb[39m[0m
[  13% ] [90m[1m_update_scan_actions[22m | grass_dry_v2_lod1.glb[39m[0m
[  13% ] [90m[1m_update_scan_actions[22m | grass_dry_v2_lod2.glb[39m[0m
[  13% ] [90m[1m_update_scan_actions[22m | ledge_collision.glb[39m[0m
[  13% ] [90m[1m_update_scan_actions[22m | ledge_lod0.glb[39m[0m
[  14% ] [90m[1m_update_scan_actions[22m | ledge_lod1.glb[39m[0m
[  14% ] [90m[1m_update_scan_actions[22m | ledge_lod2.glb[39m[0m
[  14% ] [90m[1m_update_scan_actions[22m | moss_patch_lod0.glb[39m[0m
[  14% ] [90m[1m_update_scan_actions[22m | moss_patch_lod1.glb[39m[0m
[  15% ] [90m[1m_update_scan_actions[22m | moss_patch_lod2.glb[39m[0m
[  15% ] [90m[1m_update_scan_actions[22m | platform_collision.glb[39m[0m
[  15% ] [90m[1m_update_scan_actions[22m | platform_lod0.glb[39m[0m
[  15% ] [90m[1m_update_scan_actions[22m | platform_lod1.glb[39m[0m
[  15% ] [90m[1m_update_scan_actions[22m | platform_lod2.glb[39m[0m
[  16% ] [90m[1m_update_scan_actions[22m | reed_lod0.glb[39m[0m
[  16% ] [90m[1m_update_scan_actions[22m | reed_lod1.glb[39m[0m
[  16% ] [90m[1m_update_scan_actions[22m | reed_lod2.glb[39m[0m
[  16% ] [90m[1m_update_scan_actions[22m | relief_collision.glb[39m[0m
[  16% ] [90m[1m_update_scan_actions[22m | relief_lod0.glb[39m[0m
[  17% ] [90m[1m_update_scan_actions[22m | relief_lod1.glb[39m[0m
[  17% ] [90m[1m_update_scan_actions[22m | relief_lod2.glb[39m[0m
[  17% ] [90m[1m_update_scan_actions[22m | rock_arch_lod0.glb[39m[0m
[  17% ] [90m[1m_update_scan_actions[22m | rock_arch_lod1.glb[39m[0m
[  17% ] [90m[1m_update_scan_actions[22m | rock_arch_lod2.glb[39m[0m
[  18% ] [90m[1m_update_scan_actions[22m | roots_lod0.glb[39m[0m
[  18% ] [90m[1m_update_scan_actions[22m | roots_lod1.glb[39m[0m
[  18% ] [90m[1m_update_scan_actions[22m | roots_lod2.glb[39m[0m
[  18% ] [90m[1m_update_scan_actions[22m | rubble_0_collision.glb[39m[0m
[  18% ] [90m[1m_update_scan_actions[22m | rubble_0_lod0.glb[39m[0m
[  19% ] [90m[1m_update_scan_actions[22m | rubble_0_lod1.glb[39m[0m
[  19% ] [90m[1m_update_scan_actions[22m | rubble_0_lod2.glb[39m[0m
[  19% ] [90m[1m_update_scan_actions[22m | rubble_1_collision.glb[39m[0m
[  19% ] [90m[1m_update_scan_actions[22m | rubble_1_lod0.glb[39m[0m
[  19% ] [90m[1m_update_scan_actions[22m | rubble_1_lod1.glb[39m[0m
[  20% ] [90m[1m_update_scan_actions[22m | rubble_1_lod2.glb[39m[0m
[  20% ] [90m[1m_update_scan_actions[22m | shrub_heather_lod0.glb[39m[0m
[  20% ] [90m[1m_update_scan_actions[22m | shrub_heather_lod1.glb[39m[0m
[  20% ] [90m[1m_update_scan_actions[22m | shrub_heather_lod2.glb[39m[0m
[  20% ] [90m[1m_update_scan_actions[22m | shrub_thorn_lod0.glb[39m[0m
[  21% ] [90m[1m_update_scan_actions[22m | shrub_thorn_lod1.glb[39m[0m
[  21% ] [90m[1m_update_scan_actions[22m | shrub_thorn_lod2.glb[39m[0m
[  21% ] [90m[1m_update_scan_actions[22m | slate_0_collision.glb[39m[0m
[  21% ] [90m[1m_update_scan_actions[22m | slate_0_lod0.glb[39m[0m
[  22% ] [90m[1m_update_scan_actions[22m | slate_0_lod1.glb[39m[0m
[  22% ] [90m[1m_update_scan_actions[22m | slate_0_lod2.glb[39m[0m
[  22% ] [90m[1m_update_scan_actions[22m | slate_1_collision.glb[39m[0m
[  22% ] [90m[1m_update_scan_actions[22m | slate_1_lod0.glb[39m[0m
[  22% ] [90m[1m_update_scan_actions[22m | slate_1_lod1.glb[39m[0m
[  23% ] [90m[1m_update_scan_actions[22m | slate_1_lod2.glb[39m[0m
[  23% ] [90m[1m_update_scan_actions[22m | slate_2_collision.glb[39m[0m
[  23% ] [90m[1m_update_scan_actions[22m | slate_2_lod0.glb[39m[0m
[  23% ] [90m[1m_update_scan_actions[22m | slate_2_lod1.glb[39m[0m
[  23% ] [90m[1m_update_scan_actions[22m | slate_2_lod2.glb[39m[0m
[  24% ] [90m[1m_update_scan_actions[22m | stairs_lod0.glb[39m[0m
[  24% ] [90m[1m_update_scan_actions[22m | stairs_lod1.glb[39m[0m
[  24% ] [90m[1m_update_scan_actions[22m | stairs_lod2.glb[39m[0m
[  24% ] [90m[1m_update_scan_actions[22m | tree_cypress_lod0.glb[39m[0m
[  24% ] [90m[1m_update_scan_actions[22m | tree_cypress_lod1.glb[39m[0m
[  25% ] [90m[1m_update_scan_actions[22m | tree_cypress_lod2.glb[39m[0m
[  25% ] [90m[1m_update_scan_actions[22m | tree_dead_lod0.glb[39m[0m
[  25% ] [90m[1m_update_scan_actions[22m | tree_dead_lod1.glb[39m[0m
[  25% ] [90m[1m_update_scan_actions[22m | tree_dead_lod2.glb[39m[0m
[  25% ] [90m[1m_update_scan_actions[22m | tree_oak_lod0.glb[39m[0m
[  26% ] [90m[1m_update_scan_actions[22m | tree_oak_lod1.glb[39m[0m
[  26% ] [90m[1m_update_scan_actions[22m | tree_oak_lod2.glb[39m[0m
[  26% ] [90m[1m_update_scan_actions[22m | tree_willow_lod0.glb[39m[0m
[  26% ] [90m[1m_update_scan_actions[22m | tree_willow_lod1.glb[39m[0m
[  26% ] [90m[1m_update_scan_actions[22m | tree_willow_lod2.glb[39m[0m
[  27% ] [90m[1m_update_scan_actions[22m | wall_broken_collision.glb[39m[0m
[  27% ] [90m[1m_update_scan_actions[22m | wall_broken_lod0.glb[39m[0m
[  27% ] [90m[1m_update_scan_actions[22m | wall_broken_lod1.glb[39m[0m
[  27% ] [90m[1m_update_scan_actions[22m | wall_broken_lod2.glb[39m[0m
[  27% ] [90m[1m_update_scan_actions[22m | wall_collision.glb[39m[0m
[  28% ] [90m[1m_update_scan_actions[22m | wall_corner_collision.glb[39m[0m
[  28% ] [90m[1m_update_scan_actions[22m | wall_corner_lod0.glb[39m[0m
[  28% ] [90m[1m_update_scan_actions[22m | wall_corner_lod1.glb[39m[0m
[  28% ] [90m[1m_update_scan_actions[22m | wall_corner_lod2.glb[39m[0m
[  29% ] [90m[1m_update_scan_actions[22m | wall_lod0.glb[39m[0m
[  29% ] [90m[1m_update_scan_actions[22m | wall_lod1.glb[39m[0m
[  29% ] [90m[1m_update_scan_actions[22m | wall_lod2.glb[39m[0m
[  29% ] [90m[1m_update_scan_actions[22m | sentinel_chest_lod0.glb[39m[0m
[  29% ] [90m[1m_update_scan_actions[22m | sentinel_chest_lod1.glb[39m[0m
[  30% ] [90m[1m_update_scan_actions[22m | sentinel_chest_lod2.glb[39m[0m
[  30% ] [90m[1m_update_scan_actions[22m | sentinel_foot_l_lod0.glb[39m[0m
[  30% ] [90m[1m_update_scan_actions[22m | sentinel_foot_l_lod1.glb[39m[0m
[  30% ] [90m[1m_update_scan_actions[22m | sentinel_foot_l_lod2.glb[39m[0m
[  30% ] [90m[1m_update_scan_actions[22m | sentinel_foot_r_lod0.glb[39m[0m
[  31% ] [90m[1m_update_scan_actions[22m | sentinel_foot_r_lod1.glb[39m[0m
[  31% ] [90m[1m_update_scan_actions[22m | sentinel_foot_r_lod2.glb[39m[0m
[  31% ] [90m[1m_update_scan_actions[22m | sentinel_forearm_l_lod0.glb[39m[0m
[  31% ] [90m[1m_update_scan_actions[22m | sentinel_forearm_l_lod1.glb[39m[0m
[  31% ] [90m[1m_update_scan_actions[22m | sentinel_forearm_l_lod2.glb[39m[0m
[  32% ] [90m[1m_update_scan_actions[22m | sentinel_forearm_r_lod0.glb[39m[0m
[  32% ] [90m[1m_update_scan_actions[22m | sentinel_forearm_r_lod1.glb[39m[0m
[  32% ] [90m[1m_update_scan_actions[22m | sentinel_forearm_r_lod2.glb[39m[0m
[  32% ] [90m[1m_update_scan_actions[22m | sentinel_hand_l_lod0.glb[39m[0m
[  32% ] [90m[1m_update_scan_actions[22m | sentinel_hand_l_lod1.glb[39m[0m
[  33% ] [90m[1m_update_scan_actions[22m | sentinel_hand_l_lod2.glb[39m[0m
[  33% ] [90m[1m_update_scan_actions[22m | sentinel_hand_r_lod0.glb[39m[0m
[  33% ] [90m[1m_update_scan_actions[22m | sentinel_hand_r_lod1.glb[39m[0m
[  33% ] [90m[1m_update_scan_actions[22m | sentinel_hand_r_lod2.glb[39m[0m
[  33% ] [90m[1m_update_scan_actions[22m | sentinel_head_lod0.glb[39m[0m
[  34% ] [90m[1m_update_scan_actions[22m | sentinel_head_lod1.glb[39m[0m
[  34% ] [90m[1m_update_scan_actions[22m | sentinel_head_lod2.glb[39m[0m
[  34% ] [90m[1m_update_scan_actions[22m | sentinel_hips_lod0.glb[39m[0m
[  34% ] [90m[1m_update_scan_actions[22m | sentinel_hips_lod1.glb[39m[0m
[  34% ] [90m[1m_update_scan_actions[22m | sentinel_hips_lod2.glb[39m[0m
[  35% ] [90m[1m_update_scan_actions[22m | sentinel_neck_lod0.glb[39m[0m
[  35% ] [90m[1m_update_scan_actions[22m | sentinel_neck_lod1.glb[39m[0m
[  35% ] [90m[1m_update_scan_actions[22m | sentinel_neck_lod2.glb[39m[0m
[  35% ] [90m[1m_update_scan_actions[22m | sentinel_shin_l_lod0.glb[39m[0m
[  36% ] [90m[1m_update_scan_actions[22m | sentinel_shin_l_lod1.glb[39m[0m
[  36% ] [90m[1m_update_scan_actions[22m | sentinel_shin_l_lod2.glb[39m[0m
[  36% ] [90m[1m_update_scan_actions[22m | sentinel_shin_r_lod0.glb[39m[0m
[  36% ] [90m[1m_update_scan_actions[22m | sentinel_shin_r_lod1.glb[39m[0m
[  36% ] [90m[1m_update_scan_actions[22m | sentinel_shin_r_lod2.glb[39m[0m
[  37% ] [90m[1m_update_scan_actions[22m | sentinel_spine_lod0.glb[39m[0m
[  37% ] [90m[1m_update_scan_actions[22m | sentinel_spine_lod1.glb[39m[0m
[  37% ] [90m[1m_update_scan_actions[22m | sentinel_spine_lod2.glb[39m[0m
[  37% ] [90m[1m_update_scan_actions[22m | sentinel_thigh_l_lod0.glb[39m[0m
[  37% ] [90m[1m_update_scan_actions[22m | sentinel_thigh_l_lod1.glb[39m[0m
[  38% ] [90m[1m_update_scan_actions[22m | sentinel_thigh_l_lod2.glb[39m[0m
[  38% ] [90m[1m_update_scan_actions[22m | sentinel_thigh_r_lod0.glb[39m[0m
[  38% ] [90m[1m_update_scan_actions[22m | sentinel_thigh_r_lod1.glb[39m[0m
[  38% ] [90m[1m_update_scan_actions[22m | sentinel_thigh_r_lod2.glb[39m[0m
[  38% ] [90m[1m_update_scan_actions[22m | sentinel_upper_arm_l_lod0.glb[39m[0m
[  39% ] [90m[1m_update_scan_actions[22m | sentinel_upper_arm_l_lod1.glb[39m[0m
[  39% ] [90m[1m_update_scan_actions[22m | sentinel_upper_arm_l_lod2.glb[39m[0m
[  39% ] [90m[1m_update_scan_actions[22m | sentinel_upper_arm_r_lod0.glb[39m[0m
[  39% ] [90m[1m_update_scan_actions[22m | sentinel_upper_arm_r_lod1.glb[39m[0m
[  39% ] [90m[1m_update_scan_actions[22m | sentinel_upper_arm_r_lod2.glb[39m[0m
[  40% ] [90m[1m_update_scan_actions[22m | cliff_buttress_collision.glb[39m[0m
[  40% ] [90m[1m_update_scan_actions[22m | cliff_buttress_lod0.glb[39m[0m
[  40% ] [90m[1m_update_scan_actions[22m | cliff_buttress_lod1.glb[39m[0m
[  40% ] [90m[1m_update_scan_actions[22m | cliff_buttress_lod2.glb[39m[0m
[  40% ] [90m[1m_update_scan_actions[22m | grass_dry_lod0.glb[39m[0m
[  41% ] [90m[1m_update_scan_actions[22m | grass_dry_lod1.glb[39m[0m
[  41% ] [90m[1m_update_scan_actions[22m | grass_dry_lod2.glb[39m[0m
[  41% ] [90m[1m_update_scan_actions[22m | grass_low_lod0.glb[39m[0m
[  41% ] [90m[1m_update_scan_actions[22m | grass_low_lod1.glb[39m[0m
[  41% ] [90m[1m_update_scan_actions[22m | grass_low_lod2.glb[39m[0m
[  42% ] [90m[1m_update_scan_actions[22m | grass_tuft_lod0.glb[39m[0m
[  42% ] [90m[1m_update_scan_actions[22m | grass_tuft_lod1.glb[39m[0m
[  42% ] [90m[1m_update_scan_actions[22m | grass_tuft_lod2.glb[39m[0m
[  42% ] [90m[1m_update_scan_actions[22m | plant_spear_lod0.glb[39m[0m
[  43% ] [90m[1m_update_scan_actions[22m | plant_spear_lod1.glb[39m[0m
[  43% ] [90m[1m_update_scan_actions[22m | plant_spear_lod2.glb[39m[0m
[  43% ] [90m[1m_update_scan_actions[22m | road_slab_lod0.glb[39m[0m
[  43% ] [90m[1m_update_scan_actions[22m | road_slab_lod1.glb[39m[0m
[  43% ] [90m[1m_update_scan_actions[22m | road_slab_lod2.glb[39m[0m
[  44% ] [90m[1m_update_scan_actions[22m | rock_01_collision.glb[39m[0m
[  44% ] [90m[1m_update_scan_actions[22m | rock_01_lod0.glb[39m[0m
[  44% ] [90m[1m_update_scan_actions[22m | rock_01_lod1.glb[39m[0m
[  44% ] [90m[1m_update_scan_actions[22m | rock_01_lod2.glb[39m[0m
[  44% ] [90m[1m_update_scan_actions[22m | rock_02_collision.glb[39m[0m
[  45% ] [90m[1m_update_scan_actions[22m | rock_02_lod0.glb[39m[0m
[  45% ] [90m[1m_update_scan_actions[22m | rock_02_lod1.glb[39m[0m
[  45% ] [90m[1m_update_scan_actions[22m | rock_02_lod2.glb[39m[0m
[  45% ] [90m[1m_update_scan_actions[22m | rock_03_collision.glb[39m[0m
[  45% ] [90m[1m_update_scan_actions[22m | rock_03_lod0.glb[39m[0m
[  46% ] [90m[1m_update_scan_actions[22m | rock_03_lod1.glb[39m[0m
[  46% ] [90m[1m_update_scan_actions[22m | rock_03_lod2.glb[39m[0m
[  46% ] [90m[1m_update_scan_actions[22m | rock_04_collision.glb[39m[0m
[  46% ] [90m[1m_update_scan_actions[22m | rock_04_lod0.glb[39m[0m
[  46% ] [90m[1m_update_scan_actions[22m | rock_04_lod1.glb[39m[0m
[  47% ] [90m[1m_update_scan_actions[22m | rock_04_lod2.glb[39m[0m
[  47% ] [90m[1m_update_scan_actions[22m | rock_05_collision.glb[39m[0m
[  47% ] [90m[1m_update_scan_actions[22m | rock_05_lod0.glb[39m[0m
[  47% ] [90m[1m_update_scan_actions[22m | rock_05_lod1.glb[39m[0m
[  47% ] [90m[1m_update_scan_actions[22m | rock_05_lod2.glb[39m[0m
[  48% ] [90m[1m_update_scan_actions[22m | ruin_arch_lod0.glb[39m[0m
[  48% ] [90m[1m_update_scan_actions[22m | ruin_arch_lod1.glb[39m[0m
[  48% ] [90m[1m_update_scan_actions[22m | ruin_arch_lod2.glb[39m[0m
[  48% ] [90m[1m_update_scan_actions[22m | ruin_column_collision.glb[39m[0m
[  48% ] [90m[1m_update_scan_actions[22m | ruin_column_lod0.glb[39m[0m
[  49% ] [90m[1m_update_scan_actions[22m | ruin_column_lod1.glb[39m[0m
[  49% ] [90m[1m_update_scan_actions[22m | ruin_column_lod2.glb[39m[0m
[  49% ] [90m[1m_update_scan_actions[22m | ruin_rubble_collision.glb[39m[0m
[  49% ] [90m[1m_update_scan_actions[22m | ruin_rubble_lod0.glb[39m[0m
[  50% ] [90m[1m_update_scan_actions[22m | ruin_rubble_lod1.glb[39m[0m
[  50% ] [90m[1m_update_scan_actions[22m | ruin_rubble_lod2.glb[39m[0m
[  50% ] [90m[1m_update_scan_actions[22m | ruin_stairs_lod0.glb[39m[0m
[  50% ] [90m[1m_update_scan_actions[22m | ruin_stairs_lod1.glb[39m[0m
[  50% ] [90m[1m_update_scan_actions[22m | ruin_stairs_lod2.glb[39m[0m
[  51% ] [90m[1m_update_scan_actions[22m | ruin_wall_collision.glb[39m[0m
[  51% ] [90m[1m_update_scan_actions[22m | ruin_wall_lod0.glb[39m[0m
[  51% ] [90m[1m_update_scan_actions[22m | ruin_wall_lod1.glb[39m[0m
[  51% ] [90m[1m_update_scan_actions[22m | ruin_wall_lod2.glb[39m[0m
[  51% ] [90m[1m_update_scan_actions[22m | shrub_salt_lod0.glb[39m[0m
[  52% ] [90m[1m_update_scan_actions[22m | shrub_salt_lod1.glb[39m[0m
[  52% ] [90m[1m_update_scan_actions[22m | shrub_salt_lod2.glb[39m[0m
[  52% ] [90m[1m_update_scan_actions[22m | tree_juniper_lod0.glb[39m[0m
[  52% ] [90m[1m_update_scan_actions[22m | tree_juniper_lod1.glb[39m[0m
[  52% ] [90m[1m_update_scan_actions[22m | tree_juniper_lod2.glb[39m[0m
[  53% ] [90m[1m_update_scan_actions[22m | tree_windward_lod0.glb[39m[0m
[  53% ] [90m[1m_update_scan_actions[22m | tree_windward_lod1.glb[39m[0m
[  53% ] [90m[1m_update_scan_actions[22m | tree_windward_lod2.glb[39m[0m
[  53% ] [90m[1m_update_scan_actions[22m | boardwalk_8m_lod0.glb[39m[0m
[  53% ] [90m[1m_update_scan_actions[22m | boardwalk_8m_lod1.glb[39m[0m
[  54% ] [90m[1m_update_scan_actions[22m | boardwalk_8m_lod2.glb[39m[0m
[  54% ] [90m[1m_update_scan_actions[22m | boardwalk_broken_lod0.glb[39m[0m
[  54% ] [90m[1m_update_scan_actions[22m | boardwalk_broken_lod1.glb[39m[0m
[  54% ] [90m[1m_update_scan_actions[22m | boardwalk_broken_lod2.glb[39m[0m
[  54% ] [90m[1m_update_scan_actions[22m | boardwalk_railed_lod0.glb[39m[0m
[  55% ] [90m[1m_update_scan_actions[22m | boardwalk_railed_lod1.glb[39m[0m
[  55% ] [90m[1m_update_scan_actions[22m | boardwalk_railed_lod2.glb[39m[0m
[  55% ] [90m[1m_update_scan_actions[22m | boardwalk_turn_lod0.glb[39m[0m
[  55% ] [90m[1m_update_scan_actions[22m | boardwalk_turn_lod1.glb[39m[0m
[  55% ] [90m[1m_update_scan_actions[22m | boardwalk_turn_lod2.glb[39m[0m
[  56% ] [90m[1m_update_scan_actions[22m | broad_sedge_lod0.glb[39m[0m
[  56% ] [90m[1m_update_scan_actions[22m | broad_sedge_lod1.glb[39m[0m
[  56% ] [90m[1m_update_scan_actions[22m | broad_sedge_lod2.glb[39m[0m
[  56% ] [90m[1m_update_scan_actions[22m | buried_moss_passage_lod0.glb[39m[0m
[  56% ] [90m[1m_update_scan_actions[22m | buried_moss_passage_lod1.glb[39m[0m
[  57% ] [90m[1m_update_scan_actions[22m | buried_moss_passage_lod2.glb[39m[0m
[  57% ] [90m[1m_update_scan_actions[22m | buttress_root_lod0.glb[39m[0m
[  57% ] [90m[1m_update_scan_actions[22m | buttress_root_lod1.glb[39m[0m
[  57% ] [90m[1m_update_scan_actions[22m | buttress_root_lod2.glb[39m[0m
[  58% ] [90m[1m_update_scan_actions[22m | cattail_rush_lod0.glb[39m[0m
[  58% ] [90m[1m_update_scan_actions[22m | cattail_rush_lod1.glb[39m[0m
[  58% ] [90m[1m_update_scan_actions[22m | cattail_rush_lod2.glb[39m[0m
[  58% ] [90m[1m_update_scan_actions[22m | crescent_island_lod0.glb[39m[0m
[  58% ] [90m[1m_update_scan_actions[22m | crescent_island_lod1.glb[39m[0m
[  59% ] [90m[1m_update_scan_actions[22m | crescent_island_lod2.glb[39m[0m
[  59% ] [90m[1m_update_scan_actions[22m | crown_stump_lod0.glb[39m[0m
[  59% ] [90m[1m_update_scan_actions[22m | crown_stump_lod1.glb[39m[0m
[  59% ] [90m[1m_update_scan_actions[22m | crown_stump_lod2.glb[39m[0m
[  59% ] [90m[1m_update_scan_actions[22m | cypress_knees_lod0.glb[39m[0m
[  60% ] [90m[1m_update_scan_actions[22m | cypress_knees_lod1.glb[39m[0m
[  60% ] [90m[1m_update_scan_actions[22m | cypress_knees_lod2.glb[39m[0m
[  60% ] [90m[1m_update_scan_actions[22m | drowned_shrine_lod0.glb[39m[0m
[  60% ] [90m[1m_update_scan_actions[22m | drowned_shrine_lod1.glb[39m[0m
[  60% ] [90m[1m_update_scan_actions[22m | drowned_shrine_lod2.glb[39m[0m
[  61% ] [90m[1m_update_scan_actions[22m | drowned_stairs_lod0.glb[39m[0m
[  61% ] [90m[1m_update_scan_actions[22m | drowned_stairs_lod1.glb[39m[0m
[  61% ] [90m[1m_update_scan_actions[22m | drowned_stairs_lod2.glb[39m[0m
[  61% ] [90m[1m_update_scan_actions[22m | fallen_root_tree_lod0.glb[39m[0m
[  61% ] [90m[1m_update_scan_actions[22m | fallen_root_tree_lod1.glb[39m[0m
[  62% ] [90m[1m_update_scan_actions[22m | fallen_root_tree_lod2.glb[39m[0m
[  62% ] [90m[1m_update_scan_actions[22m | fen_elder_tree_lod0.glb[39m[0m
[  62% ] [90m[1m_update_scan_actions[22m | fen_elder_tree_lod1.glb[39m[0m
[  62% ] [90m[1m_update_scan_actions[22m | fen_elder_tree_lod2.glb[39m[0m
[  62% ] [90m[1m_update_scan_actions[22m | fen_waystone_lod0.glb[39m[0m
[  63% ] [90m[1m_update_scan_actions[22m | fen_waystone_lod1.glb[39m[0m
[  63% ] [90m[1m_update_scan_actions[22m | fen_waystone_lod2.glb[39m[0m
[  63% ] [90m[1m_update_scan_actions[22m | hanging_moss_lod0.glb[39m[0m
[  63% ] [90m[1m_update_scan_actions[22m | hanging_moss_lod1.glb[39m[0m
[  63% ] [90m[1m_update_scan_actions[22m | hanging_moss_lod2.glb[39m[0m
[  64% ] [90m[1m_update_scan_actions[22m | hollow_elder_trunk_lod0.glb[39m[0m
[  64% ] [90m[1m_update_scan_actions[22m | hollow_elder_trunk_lod1.glb[39m[0m
[  64% ] [90m[1m_update_scan_actions[22m | hollow_elder_trunk_lod2.glb[39m[0m
[  64% ] [90m[1m_update_scan_actions[22m | hollow_fallen_log_lod0.glb[39m[0m
[  65% ] [90m[1m_update_scan_actions[22m | hollow_fallen_log_lod1.glb[39m[0m
[  65% ] [90m[1m_update_scan_actions[22m | hollow_fallen_log_lod2.glb[39m[0m
[  65% ] [90m[1m_update_scan_actions[22m | lily_pad_raft_lod0.glb[39m[0m
[  65% ] [90m[1m_update_scan_actions[22m | lily_pad_raft_lod1.glb[39m[0m
[  65% ] [90m[1m_update_scan_actions[22m | lily_pad_raft_lod2.glb[39m[0m
[  66% ] [90m[1m_update_scan_actions[22m | marsh_fern_lod0.glb[39m[0m
[  66% ] [90m[1m_update_scan_actions[22m | marsh_fern_lod1.glb[39m[0m
[  66% ] [90m[1m_update_scan_actions[22m | marsh_fern_lod2.glb[39m[0m
[  66% ] [90m[1m_update_scan_actions[22m | mooring_landing_lod0.glb[39m[0m
[  66% ] [90m[1m_update_scan_actions[22m | mooring_landing_lod1.glb[39m[0m
[  67% ] [90m[1m_update_scan_actions[22m | mooring_landing_lod2.glb[39m[0m
[  67% ] [90m[1m_update_scan_actions[22m | moss_retaining_wall_lod0.glb[39m[0m
[  67% ] [90m[1m_update_scan_actions[22m | moss_retaining_wall_lod1.glb[39m[0m
[  67% ] [90m[1m_update_scan_actions[22m | moss_retaining_wall_lod2.glb[39m[0m
[  67% ] [90m[1m_update_scan_actions[22m | old_mooring_piles_lod0.glb[39m[0m
[  68% ] [90m[1m_update_scan_actions[22m | old_mooring_piles_lod1.glb[39m[0m
[  68% ] [90m[1m_update_scan_actions[22m | old_mooring_piles_lod2.glb[39m[0m
[  68% ] [90m[1m_update_scan_actions[22m | peat_hummock_lod0.glb[39m[0m
[  68% ] [90m[1m_update_scan_actions[22m | peat_hummock_lod1.glb[39m[0m
[  68% ] [90m[1m_update_scan_actions[22m | peat_hummock_lod2.glb[39m[0m
[  69% ] [90m[1m_update_scan_actions[22m | rootbound_gate_lod0.glb[39m[0m
[  69% ] [90m[1m_update_scan_actions[22m | rootbound_gate_lod1.glb[39m[0m
[  69% ] [90m[1m_update_scan_actions[22m | rootbound_gate_lod2.glb[39m[0m
[  69% ] [90m[1m_update_scan_actions[22m | rootwell_ring_lod0.glb[39m[0m
[  69% ] [90m[1m_update_scan_actions[22m | rootwell_ring_lod1.glb[39m[0m
[  70% ] [90m[1m_update_scan_actions[22m | rootwell_ring_lod2.glb[39m[0m
[  70% ] [90m[1m_update_scan_actions[22m | root_bank_16m_lod0.glb[39m[0m
[  70% ] [90m[1m_update_scan_actions[22m | root_bank_16m_lod1.glb[39m[0m
[  70% ] [90m[1m_update_scan_actions[22m | root_bank_16m_lod2.glb[39m[0m
[  70% ] [90m[1m_update_scan_actions[22m | root_bank_corner_lod0.glb[39m[0m
[  71% ] [90m[1m_update_scan_actions[22m | root_bank_corner_lod1.glb[39m[0m
[  71% ] [90m[1m_update_scan_actions[22m | root_bank_corner_lod2.glb[39m[0m
[  71% ] [90m[1m_update_scan_actions[22m | root_island_lod0.glb[39m[0m
[  71% ] [90m[1m_update_scan_actions[22m | root_island_lod1.glb[39m[0m
[  72% ] [90m[1m_update_scan_actions[22m | root_island_lod2.glb[39m[0m
[  72% ] [90m[1m_update_scan_actions[22m | woven_root_bridge_lod0.glb[39m[0m
[  72% ] [90m[1m_update_scan_actions[22m | woven_root_bridge_lod1.glb[39m[0m
[  72% ] [90m[1m_update_scan_actions[22m | woven_root_bridge_lod2.glb[39m[0m
[  72% ] [90m[1m_update_scan_actions[22m | sentinel_chest_lod0.glb[39m[0m
[  73% ] [90m[1m_update_scan_actions[22m | sentinel_chest_lod1.glb[39m[0m
[  73% ] [90m[1m_update_scan_actions[22m | sentinel_chest_lod2.glb[39m[0m
[  73% ] [90m[1m_update_scan_actions[22m | sentinel_foot_l_extended_lod0.glb[39m[0m
[  73% ] [90m[1m_update_scan_actions[22m | sentinel_foot_l_extended_lod1.glb[39m[0m
[  73% ] [90m[1m_update_scan_actions[22m | sentinel_foot_l_extended_lod2.glb[39m[0m
[  74% ] [90m[1m_update_scan_actions[22m | sentinel_foot_l_lod0.glb[39m[0m
[  74% ] [90m[1m_update_scan_actions[22m | sentinel_foot_l_lod1.glb[39m[0m
[  74% ] [90m[1m_update_scan_actions[22m | sentinel_foot_l_lod2.glb[39m[0m
[  74% ] [90m[1m_update_scan_actions[22m | sentinel_foot_r_extended_lod0.glb[39m[0m
[  74% ] [90m[1m_update_scan_actions[22m | sentinel_foot_r_extended_lod1.glb[39m[0m
[  75% ] [90m[1m_update_scan_actions[22m | sentinel_foot_r_extended_lod2.glb[39m[0m
[  75% ] [90m[1m_update_scan_actions[22m | sentinel_foot_r_lod0.glb[39m[0m
[  75% ] [90m[1m_update_scan_actions[22m | sentinel_foot_r_lod1.glb[39m[0m
[  75% ] [90m[1m_update_scan_actions[22m | sentinel_foot_r_lod2.glb[39m[0m
[  75% ] [90m[1m_update_scan_actions[22m | sentinel_forearm_l_lod0.glb[39m[0m
[  76% ] [90m[1m_update_scan_actions[22m | sentinel_forearm_l_lod1.glb[39m[0m
[  76% ] [90m[1m_update_scan_actions[22m | sentinel_forearm_l_lod2.glb[39m[0m
[  76% ] [90m[1m_update_scan_actions[22m | sentinel_forearm_r_lod0.glb[39m[0m
[  76% ] [90m[1m_update_scan_actions[22m | sentinel_forearm_r_lod1.glb[39m[0m
[  76% ] [90m[1m_update_scan_actions[22m | sentinel_forearm_r_lod2.glb[39m[0m
[  77% ] [90m[1m_update_scan_actions[22m | sentinel_hand_l_lod0.glb[39m[0m
[  77% ] [90m[1m_update_scan_actions[22m | sentinel_hand_l_lod1.glb[39m[0m
[  77% ] [90m[1m_update_scan_actions[22m | sentinel_hand_l_lod2.glb[39m[0m
[  77% ] [90m[1m_update_scan_actions[22m | sentinel_hand_r_lod0.glb[39m[0m
[  77% ] [90m[1m_update_scan_actions[22m | sentinel_hand_r_lod1.glb[39m[0m
[  78% ] [90m[1m_update_scan_actions[22m | sentinel_hand_r_lod2.glb[39m[0m
[  78% ] [90m[1m_update_scan_actions[22m | sentinel_head_lod0.glb[39m[0m
[  78% ] [90m[1m_update_scan_actions[22m | sentinel_head_lod1.glb[39m[0m
[  78% ] [90m[1m_update_scan_actions[22m | sentinel_head_lod2.glb[39m[0m
[  79% ] [90m[1m_update_scan_actions[22m | sentinel_hips_lod0.glb[39m[0m
[  79% ] [90m[1m_update_scan_actions[22m | sentinel_hips_lod1.glb[39m[0m
[  79% ] [90m[1m_update_scan_actions[22m | sentinel_hips_lod2.glb[39m[0m
[  79% ] [90m[1m_update_scan_actions[22m | sentinel_neck_lod0.glb[39m[0m
[  79% ] [90m[1m_update_scan_actions[22m | sentinel_neck_lod1.glb[39m[0m
[  80% ] [90m[1m_update_scan_actions[22m | sentinel_neck_lod2.glb[39m[0m
[  80% ] [90m[1m_update_scan_actions[22m | sentinel_shin_l_lod0.glb[39m[0m
[  80% ] [90m[1m_update_scan_actions[22m | sentinel_shin_l_lod1.glb[39m[0m
[  80% ] [90m[1m_update_scan_actions[22m | sentinel_shin_l_lod2.glb[39m[0m
[  80% ] [90m[1m_update_scan_actions[22m | sentinel_shin_r_lod0.glb[39m[0m
[  81% ] [90m[1m_update_scan_actions[22m | sentinel_shin_r_lod1.glb[39m[0m
[  81% ] [90m[1m_update_scan_actions[22m | sentinel_shin_r_lod2.glb[39m[0m
[  81% ] [90m[1m_update_scan_actions[22m | sentinel_spine_lod0.glb[39m[0m
[  81% ] [90m[1m_update_scan_actions[22m | sentinel_spine_lod1.glb[39m[0m
[  81% ] [90m[1m_update_scan_actions[22m | sentinel_spine_lod2.glb[39m[0m
[  82% ] [90m[1m_update_scan_actions[22m | sentinel_thigh_l_lod0.glb[39m[0m
[  82% ] [90m[1m_update_scan_actions[22m | sentinel_thigh_l_lod1.glb[39m[0m
[  82% ] [90m[1m_update_scan_actions[22m | sentinel_thigh_l_lod2.glb[39m[0m
[  82% ] [90m[1m_update_scan_actions[22m | sentinel_thigh_r_lod0.glb[39m[0m
[  82% ] [90m[1m_update_scan_actions[22m | sentinel_thigh_r_lod1.glb[39m[0m
[  83% ] [90m[1m_update_scan_actions[22m | sentinel_thigh_r_lod2.glb[39m[0m
[  83% ] [90m[1m_update_scan_actions[22m | sentinel_upper_arm_l_lod0.glb[39m[0m
[  83% ] [90m[1m_update_scan_actions[22m | sentinel_upper_arm_l_lod1.glb[39m[0m
[  83% ] [90m[1m_update_scan_actions[22m | sentinel_upper_arm_l_lod2.glb[39m[0m
[  83% ] [90m[1m_update_scan_actions[22m | sentinel_upper_arm_r_lod0.glb[39m[0m
[  84% ] [90m[1m_update_scan_actions[22m | sentinel_upper_arm_r_lod1.glb[39m[0m
[  84% ] [90m[1m_update_scan_actions[22m | sentinel_upper_arm_r_lod2.glb[39m[0m
[  84% ] [90m[1m_update_scan_actions[22m | aqueduct_broken_end_lod0.glb[39m[0m
[  84% ] [90m[1m_update_scan_actions[22m | aqueduct_broken_end_lod1.glb[39m[0m
[  84% ] [90m[1m_update_scan_actions[22m | aqueduct_broken_end_lod2.glb[39m[0m
[  85% ] [90m[1m_update_scan_actions[22m | aqueduct_span_12m_lod0.glb[39m[0m
[  85% ] [90m[1m_update_scan_actions[22m | aqueduct_span_12m_lod1.glb[39m[0m
[  85% ] [90m[1m_update_scan_actions[22m | aqueduct_span_12m_lod2.glb[39m[0m
[  85% ] [90m[1m_update_scan_actions[22m | basin_corner_6m_lod0.glb[39m[0m
[  86% ] [90m[1m_update_scan_actions[22m | basin_corner_6m_lod1.glb[39m[0m
[  86% ] [90m[1m_update_scan_actions[22m | basin_corner_6m_lod2.glb[39m[0m
[  86% ] [90m[1m_update_scan_actions[22m | bridge_abutment_lod0.glb[39m[0m
[  86% ] [90m[1m_update_scan_actions[22m | bridge_abutment_lod1.glb[39m[0m
[  86% ] [90m[1m_update_scan_actions[22m | bridge_abutment_lod2.glb[39m[0m
[  87% ] [90m[1m_update_scan_actions[22m | bridge_deck_12m_lod0.glb[39m[0m
[  87% ] [90m[1m_update_scan_actions[22m | bridge_deck_12m_lod1.glb[39m[0m
[  87% ] [90m[1m_update_scan_actions[22m | bridge_deck_12m_lod2.glb[39m[0m
[  87% ] [90m[1m_update_scan_actions[22m | bridge_ramp_8m_lod0.glb[39m[0m
[  87% ] [90m[1m_update_scan_actions[22m | bridge_ramp_8m_lod1.glb[39m[0m
[  88% ] [90m[1m_update_scan_actions[22m | bridge_ramp_8m_lod2.glb[39m[0m
[  88% ] [90m[1m_update_scan_actions[22m | carved_waymarker_lod0.glb[39m[0m
[  88% ] [90m[1m_update_scan_actions[22m | carved_waymarker_lod1.glb[39m[0m
[  88% ] [90m[1m_update_scan_actions[22m | carved_waymarker_lod2.glb[39m[0m
[  88% ] [90m[1m_update_scan_actions[22m | causeway_8m_lod0.glb[39m[0m
[  89% ] [90m[1m_update_scan_actions[22m | causeway_8m_lod1.glb[39m[0m
[  89% ] [90m[1m_update_scan_actions[22m | causeway_8m_lod2.glb[39m[0m
[  89% ] [90m[1m_update_scan_actions[22m | cistern_vault_8m_lod0.glb[39m[0m
[  89% ] [90m[1m_update_scan_actions[22m | cistern_vault_8m_lod1.glb[39m[0m
[  89% ] [90m[1m_update_scan_actions[22m | cistern_vault_8m_lod2.glb[39m[0m
[  90% ] [90m[1m_update_scan_actions[22m | flying_buttress_lod0.glb[39m[0m
[  90% ] [90m[1m_update_scan_actions[22m | flying_buttress_lod1.glb[39m[0m
[  90% ] [90m[1m_update_scan_actions[22m | flying_buttress_lod2.glb[39m[0m
[  90% ] [90m[1m_update_scan_actions[22m | monumental_portal_lod0.glb[39m[0m
[  90% ] [90m[1m_update_scan_actions[22m | monumental_portal_lod1.glb[39m[0m
[  91% ] [90m[1m_update_scan_actions[22m | monumental_portal_lod2.glb[39m[0m
[  91% ] [90m[1m_update_scan_actions[22m | oculus_roof_8m_lod0.glb[39m[0m
[  91% ] [90m[1m_update_scan_actions[22m | oculus_roof_8m_lod1.glb[39m[0m
[  91% ] [90m[1m_update_scan_actions[22m | oculus_roof_8m_lod2.glb[39m[0m
[  91% ] [90m[1m_update_scan_actions[22m | parapet_4m_lod0.glb[39m[0m
[  92% ] [90m[1m_update_scan_actions[22m | parapet_4m_lod1.glb[39m[0m
[  92% ] [90m[1m_update_scan_actions[22m | parapet_4m_lod2.glb[39m[0m
[  92% ] [90m[1m_update_scan_actions[22m | parapet_end_lod0.glb[39m[0m
[  92% ] [90m[1m_update_scan_actions[22m | parapet_end_lod1.glb[39m[0m
[  93% ] [90m[1m_update_scan_actions[22m | parapet_end_lod2.glb[39m[0m
[  93% ] [90m[1m_update_scan_actions[22m | ribbed_pier_10m_lod0.glb[39m[0m
[  93% ] [90m[1m_update_scan_actions[22m | ribbed_pier_10m_lod1.glb[39m[0m
[  93% ] [90m[1m_update_scan_actions[22m | ribbed_pier_10m_lod2.glb[39m[0m
[  93% ] [90m[1m_update_scan_actions[22m | sluice_frame_6m_lod0.glb[39m[0m
[  94% ] [90m[1m_update_scan_actions[22m | sluice_frame_6m_lod1.glb[39m[0m
[  94% ] [90m[1m_update_scan_actions[22m | sluice_frame_6m_lod2.glb[39m[0m
[  94% ] [90m[1m_update_scan_actions[22m | spillway_steps_6m_lod0.glb[39m[0m
[  94% ] [90m[1m_update_scan_actions[22m | spillway_steps_6m_lod1.glb[39m[0m
[  94% ] [90m[1m_update_scan_actions[22m | spillway_steps_6m_lod2.glb[39m[0m
[  95% ] [90m[1m_update_scan_actions[22m | water_outlet_lod0.glb[39m[0m
[  95% ] [90m[1m_update_scan_actions[22m | water_outlet_lod1.glb[39m[0m
[  95% ] [90m[1m_update_scan_actions[22m | water_outlet_lod2.glb[39m[0m
[  95% ] [90m[1m_update_scan_actions[22m | atlas_1k.png[39m[0m
[  95% ] [90m[1m_update_scan_actions[22m | grass_albedo.png[39m[0m
[  96% ] [90m[1m_update_scan_actions[22m | grass_normal.png[39m[0m
[  96% ] [90m[1m_update_scan_actions[22m | path_albedo.png[39m[0m
[  96% ] [90m[1m_update_scan_actions[22m | path_normal.png[39m[0m
[  96% ] [90m[1m_update_scan_actions[22m | rock_albedo.png[39m[0m
[  96% ] [90m[1m_update_scan_actions[22m | rock_normal.png[39m[0m
[  97% ] [90m[1m_update_scan_actions[22m | ruin_stone_albedo.png[39m[0m
[  97% ] [90m[1m_update_scan_actions[22m | ruin_stone_normal.png[39m[0m
[  97% ] [90m[1m_update_scan_actions[22m | saltward_atlas_albedo.png[39m[0m
[  97% ] [90m[1m_update_scan_actions[22m | sand_albedo.png[39m[0m
[  97% ] [90m[1m_update_scan_actions[22m | sand_normal.png[39m[0m
[  98% ] [90m[1m_update_scan_actions[22m | soil_albedo.png[39m[0m
[  98% ] [90m[1m_update_scan_actions[22m | soil_normal.png[39m[0m
[  98% ] [90m[1m_update_scan_actions[22m | atlas_1k.png[39m[0m
[  98% ] [90m[1m_update_scan_actions[22m | moss_albedo.png[39m[0m
[  98% ] [90m[1m_update_scan_actions[22m | moss_normal.png[39m[0m
[  99% ] [90m[1m_update_scan_actions[22m | peat_albedo.png[39m[0m
[  99% ] [90m[1m_update_scan_actions[22m | peat_normal.png[39m[0m
[  99% ] [90m[1m_update_scan_actions[22m | atlas_2k.png[39m[0m
[92m[ DONE ][39m [1m_update_scan_actions[22m
[0m
[   0% ] [90m[1mreimport[22m | Started (Re)Importing Assets (393 steps)[39m[0m
[   0% ] [90m[1mreimport[22m | Preparing files to reimport...[39m[0m
[   0% ] [90m[1mreimport[22m | Preparing files to reimport...[39m[0m
[   0% ] [90m[1mreimport[22m | Preparing files to reimport...[39m[0m
[   0% ] [90m[1mreimport[22m | Preparing files to reimport...[39m[0m
[   1% ] [90m[1mreimport[22m | Preparing files to reimport...[39m[0m
[   1% ] [90m[1mreimport[22m | Preparing files to reimport...[39m[0m
[   1% ] [90m[1mreimport[22m | Preparing files to reimport...[39m[0m
[   1% ] [90m[1mreimport[22m | Preparing files to reimport...[39m[0m
[   2% ] [90m[1mreimport[22m | Preparing files to reimport...[39m[0m
[   2% ] [90m[1mreimport[22m | Preparing files to reimport...[39m[0m
[   2% ] [90m[1mreimport[22m | Preparing files to reimport...[39m[0m
[   2% ] [90m[1mreimport[22m | Preparing files to reimport...[39m[0m
[   3% ] [90m[1mreimport[22m | Preparing files to reimport...[39m[0m
[   3% ] [90m[1mreimport[22m | Preparing files to reimport...[39m[0m
[   3% ] [90m[1mreimport[22m | Preparing files to reimport...[39m[0m
[   3% ] [90m[1mreimport[22m | Preparing files to reimport...[39m[0m
[   4% ] [90m[1mreimport[22m | Preparing files to reimport...[39m[0m
[   4% ] [90m[1mreimport[22m | Preparing files to reimport...[39m[0m
[   4% ] [90m[1mreimport[22m | Preparing files to reimport...[39m[0m
[   4% ] [90m[1mreimport[22m | Preparing files to reimport...[39m[0m
[   5% ] [90m[1mreimport[22m | Preparing files to reimport...[39m[0m
[   5% ] [90m[1mreimport[22m | Preparing files to reimport...[39m[0m
[   5% ] [90m[1mreimport[22m | Preparing files to reimport...[39m[0m
[   5% ] [90m[1mreimport[22m | Preparing files to reimport...[39m[0m
[   6% ] [90m[1mreimport[22m | Preparing files to reimport...[39m[0m
[   6% ] [90m[1mreimport[22m | Preparing files to reimport...[39m[0m
[   6% ] [90m[1mreimport[22m | Preparing files to reimport...[39m[0m
[   6% ] [90m[1mreimport[22m | Preparing files to reimport...[39m[0m
[   7% ] [90m[1mreimport[22m | Preparing files to reimport...[39m[0m
[   7% ] [90m[1mreimport[22m | Preparing files to reimport...[39m[0m
[   7% ] [90m[1mreimport[22m | Preparing files to reimport...[39m[0m
[   7% ] [90m[1mreimport[22m | Preparing files to reimport...[39m[0m
[   8% ] [90m[1mreimport[22m | Preparing files to reimport...[39m[0m
[   8% ] [90m[1mreimport[22m | Preparing files to reimport...[39m[0m
[   8% ] [90m[1mreimport[22m | Preparing files to reimport...[39m[0m
[   8% ] [90m[1mreimport[22m | Preparing files to reimport...[39m[0m
[   9% ] [90m[1mreimport[22m | Preparing files to reimport...[39m[0m
[   9% ] [90m[1mreimport[22m | Preparing files to reimport...[39m[0m
[   9% ] [90m[1mreimport[22m | Preparing files to reimport...[39m[0m
[   9% ] [90m[1mreimport[22m | Preparing files to reimport...[39m[0m
[  10% ] [90m[1mreimport[22m | Preparing files to reimport...[39m[0m
[  10% ] [90m[1mreimport[22m | Preparing files to reimport...[39m[0m
[  10% ] [90m[1mreimport[22m | Preparing files to reimport...[39m[0m
[  10% ] [90m[1mreimport[22m | Preparing files to reimport...[39m[0m
[  11% ] [90m[1mreimport[22m | Preparing files to reimport...[39m[0m
[  11% ] [90m[1mreimport[22m | Preparing files to reimport...[39m[0m
[  11% ] [90m[1mreimport[22m | Preparing files to reimport...[39m[0m
[  11% ] [90m[1mreimport[22m | Preparing files to reimport...[39m[0m
[  12% ] [90m[1mreimport[22m | Preparing files to reimport...[39m[0m
[  12% ] [90m[1mreimport[22m | Preparing files to reimport...[39m[0m
[  12% ] [90m[1mreimport[22m | Preparing files to reimport...[39m[0m
[  12% ] [90m[1mreimport[22m | Preparing files to reimport...[39m[0m
[  13% ] [90m[1mreimport[22m | Preparing files to reimport...[39m[0m
[  13% ] [90m[1mreimport[22m | Preparing files to reimport...[39m[0m
[  13% ] [90m[1mreimport[22m | Preparing files to reimport...[39m[0m
[  13% ] [90m[1mreimport[22m | Preparing files to reimport...[39m[0m
[  14% ] [90m[1mreimport[22m | Preparing files to reimport...[39m[0m
[  14% ] [90m[1mreimport[22m | Preparing files to reimport...[39m[0m
[  14% ] [90m[1mreimport[22m | Preparing files to reimport...[39m[0m
[  14% ] [90m[1mreimport[22m | Preparing files to reimport...[39m[0m
[  15% ] [90m[1mreimport[22m | Preparing files to reimport...[39m[0m
[  15% ] [90m[1mreimport[22m | Preparing files to reimport...[39m[0m
[  15% ] [90m[1mreimport[22m | Preparing files to reimport...[39m[0m
[  15% ] [90m[1mreimport[22m | Preparing files to reimport...[39m[0m
[  16% ] [90m[1mreimport[22m | Preparing files to reimport...[39m[0m
[  16% ] [90m[1mreimport[22m | Preparing files to reimport...[39m[0m
[  16% ] [90m[1mreimport[22m | Preparing files to reimport...[39m[0m
[  17% ] [90m[1mreimport[22m | Preparing files to reimport...[39m[0m
[  17% ] [90m[1mreimport[22m | Preparing files to reimport...[39m[0m
[  17% ] [90m[1mreimport[22m | Preparing files to reimport...[39m[0m
[  17% ] [90m[1mreimport[22m | Preparing files to reimport...[39m[0m
[  18% ] [90m[1mreimport[22m | Preparing files to reimport...[39m[0m
[  18% ] [90m[1mreimport[22m | Preparing files to reimport...[39m[0m
[  18% ] [90m[1mreimport[22m | Preparing files to reimport...[39m[0m
[  18% ] [90m[1mreimport[22m | Preparing files to reimport...[39m[0m
[  19% ] [90m[1mreimport[22m | Preparing files to reimport...[39m[0m
[  19% ] [90m[1mreimport[22m | Preparing files to reimport...[39m[0m
[  19% ] [90m[1mreimport[22m | Preparing files to reimport...[39m[0m
[  19% ] [90m[1mreimport[22m | Preparing files to reimport...[39m[0m
[  20% ] [90m[1mreimport[22m | Preparing files to reimport...[39m[0m
[  20% ] [90m[1mreimport[22m | Preparing files to reimport...[39m[0m
[  20% ] [90m[1mreimport[22m | Preparing files to reimport...[39m[0m
[  20% ] [90m[1mreimport[22m | Preparing files to reimport...[39m[0m
[  21% ] [90m[1mreimport[22m | Preparing files to reimport...[39m[0m
[  21% ] [90m[1mreimport[22m | Preparing files to reimport...[39m[0m
[  21% ] [90m[1mreimport[22m | Preparing files to reimport...[39m[0m
[  21% ] [90m[1mreimport[22m | Preparing files to reimport...[39m[0m
[  22% ] [90m[1mreimport[22m | Preparing files to reimport...[39m[0m
[  22% ] [90m[1mreimport[22m | Preparing files to reimport...[39m[0m
[  22% ] [90m[1mreimport[22m | Preparing files to reimport...[39m[0m
[  22% ] [90m[1mreimport[22m | Preparing files to reimport...[39m[0m
[  23% ] [90m[1mreimport[22m | Preparing files to reimport...[39m[0m
[  23% ] [90m[1mreimport[22m | Preparing files to reimport...[39m[0m
[  23% ] [90m[1mreimport[22m | Preparing files to reimport...[39m[0m
[  23% ] [90m[1mreimport[22m | Preparing files to reimport...[39m[0m
[  24% ] [90m[1mreimport[22m | Preparing files to reimport...[39m[0m
[  24% ] [90m[1mreimport[22m | Preparing files to reimport...[39m[0m
[  24% ] [90m[1mreimport[22m | Preparing files to reimport...[39m[0m
[  24% ] [90m[1mreimport[22m | Preparing files to reimport...[39m[0m
[  25% ] [90m[1mreimport[22m | Preparing files to reimport...[39m[0m
[  25% ] [90m[1mreimport[22m | Preparing files to reimport...[39m[0m
[  25% ] [90m[1mreimport[22m | Preparing files to reimport...[39m[0m
[  25% ] [90m[1mreimport[22m | Preparing files to reimport...[39m[0m
[  26% ] [90m[1mreimport[22m | Preparing files to reimport...[39m[0m
[  26% ] [90m[1mreimport[22m | Preparing files to reimport...[39m[0m
[  26% ] [90m[1mreimport[22m | Preparing files to reimport...[39m[0m
[  26% ] [90m[1mreimport[22m | Preparing files to reimport...[39m[0m
[  27% ] [90m[1mreimport[22m | Preparing files to reimport...[39m[0m
[  27% ] [90m[1mreimport[22m | Preparing files to reimport...[39m[0m
[  27% ] [90m[1mreimport[22m | Preparing files to reimport...[39m[0m
[  27% ] [90m[1mreimport[22m | Preparing files to reimport...[39m[0m
[  28% ] [90m[1mreimport[22m | Preparing files to reimport...[39m[0m
[  28% ] [90m[1mreimport[22m | Preparing files to reimport...[39m[0m
[  28% ] [90m[1mreimport[22m | Preparing files to reimport...[39m[0m
[  28% ] [90m[1mreimport[22m | Preparing files to reimport...[39m[0m
[  29% ] [90m[1mreimport[22m | Preparing files to reimport...[39m[0m
[  29% ] [90m[1mreimport[22m | Preparing files to reimport...[39m[0m
[  29% ] [90m[1mreimport[22m | Preparing files to reimport...[39m[0m
[  29% ] [90m[1mreimport[22m | Preparing files to reimport...[39m[0m
[  30% ] [90m[1mreimport[22m | Preparing files to reimport...[39m[0m
[  30% ] [90m[1mreimport[22m | Preparing files to reimport...[39m[0m
[  30% ] [90m[1mreimport[22m | Preparing files to reimport...[39m[0m
[  30% ] [90m[1mreimport[22m | Preparing files to reimport...[39m[0m
[  31% ] [90m[1mreimport[22m | Preparing files to reimport...[39m[0m
[  31% ] [90m[1mreimport[22m | Preparing files to reimport...[39m[0m
[  31% ] [90m[1mreimport[22m | Preparing files to reimport...[39m[0m
[  31% ] [90m[1mreimport[22m | Preparing files to reimport...[39m[0m
[  32% ] [90m[1mreimport[22m | Preparing files to reimport...[39m[0m
[  32% ] [90m[1mreimport[22m | Preparing files to reimport...[39m[0m
[  32% ] [90m[1mreimport[22m | Preparing files to reimport...[39m[0m
[  32% ] [90m[1mreimport[22m | Preparing files to reimport...[39m[0m
[  33% ] [90m[1mreimport[22m | Preparing files to reimport...[39m[0m
[  33% ] [90m[1mreimport[22m | Preparing files to reimport...[39m[0m
[  33% ] [90m[1mreimport[22m | Preparing files to reimport...[39m[0m
[  34% ] [90m[1mreimport[22m | Preparing files to reimport...[39m[0m
[  34% ] [90m[1mreimport[22m | Preparing files to reimport...[39m[0m
[  34% ] [90m[1mreimport[22m | Preparing files to reimport...[39m[0m
[  34% ] [90m[1mreimport[22m | Preparing files to reimport...[39m[0m
[  35% ] [90m[1mreimport[22m | Preparing files to reimport...[39m[0m
[  35% ] [90m[1mreimport[22m | Preparing files to reimport...[39m[0m
[  35% ] [90m[1mreimport[22m | Preparing files to reimport...[39m[0m
[  35% ] [90m[1mreimport[22m | Preparing files to reimport...[39m[0m
[  36% ] [90m[1mreimport[22m | Preparing files to reimport...[39m[0m
[  36% ] [90m[1mreimport[22m | Preparing files to reimport...[39m[0m
[  36% ] [90m[1mreimport[22m | Preparing files to reimport...[39m[0m
[  36% ] [90m[1mreimport[22m | Preparing files to reimport...[39m[0m
[  37% ] [90m[1mreimport[22m | Preparing files to reimport...[39m[0m
[  37% ] [90m[1mreimport[22m | Preparing files to reimport...[39m[0m
[  37% ] [90m[1mreimport[22m | Preparing files to reimport...[39m[0m
[  37% ] [90m[1mreimport[22m | Preparing files to reimport...[39m[0m
[  38% ] [90m[1mreimport[22m | Preparing files to reimport...[39m[0m
[  38% ] [90m[1mreimport[22m | Preparing files to reimport...[39m[0m
[  38% ] [90m[1mreimport[22m | Preparing files to reimport...[39m[0m
[  38% ] [90m[1mreimport[22m | Preparing files to reimport...[39m[0m
[  39% ] [90m[1mreimport[22m | Preparing files to reimport...[39m[0m
[  39% ] [90m[1mreimport[22m | Preparing files to reimport...[39m[0m
[  39% ] [90m[1mreimport[22m | Preparing files to reimport...[39m[0m
[  39% ] [90m[1mreimport[22m | Preparing files to reimport...[39m[0m
[  40% ] [90m[1mreimport[22m | Preparing files to reimport...[39m[0m
[  40% ] [90m[1mreimport[22m | Preparing files to reimport...[39m[0m
[  40% ] [90m[1mreimport[22m | Preparing files to reimport...[39m[0m
[  40% ] [90m[1mreimport[22m | Preparing files to reimport...[39m[0m
[  41% ] [90m[1mreimport[22m | Preparing files to reimport...[39m[0m
[  41% ] [90m[1mreimport[22m | Preparing files to reimport...[39m[0m
[  41% ] [90m[1mreimport[22m | Preparing files to reimport...[39m[0m
[  41% ] [90m[1mreimport[22m | Preparing files to reimport...[39m[0m
[  42% ] [90m[1mreimport[22m | Preparing files to reimport...[39m[0m
[  42% ] [90m[1mreimport[22m | Preparing files to reimport...[39m[0m
[  42% ] [90m[1mreimport[22m | Preparing files to reimport...[39m[0m
[  42% ] [90m[1mreimport[22m | Preparing files to reimport...[39m[0m
[  43% ] [90m[1mreimport[22m | Preparing files to reimport...[39m[0m
[  43% ] [90m[1mreimport[22m | Preparing files to reimport...[39m[0m
[  43% ] [90m[1mreimport[22m | Preparing files to reimport...[39m[0m
[  43% ] [90m[1mreimport[22m | Preparing files to reimport...[39m[0m
[  44% ] [90m[1mreimport[22m | Preparing files to reimport...[39m[0m
[  44% ] [90m[1mreimport[22m | Preparing files to reimport...[39m[0m
[  44% ] [90m[1mreimport[22m | Preparing files to reimport...[39m[0m
[  44% ] [90m[1mreimport[22m | Preparing files to reimport...[39m[0m
[  45% ] [90m[1mreimport[22m | Preparing files to reimport...[39m[0m
[  45% ] [90m[1mreimport[22m | Preparing files to reimport...[39m[0m
[  45% ] [90m[1mreimport[22m | Preparing files to reimport...[39m[0m
[  45% ] [90m[1mreimport[22m | Preparing files to reimport...[39m[0m
[  46% ] [90m[1mreimport[22m | Preparing files to reimport...[39m[0m
[  46% ] [90m[1mreimport[22m | Preparing files to reimport...[39m[0m
[  46% ] [90m[1mreimport[22m | Preparing files to reimport...[39m[0m
[  46% ] [90m[1mreimport[22m | Preparing files to reimport...[39m[0m
[  47% ] [90m[1mreimport[22m | Preparing files to reimport...[39m[0m
[  47% ] [90m[1mreimport[22m | Preparing files to reimport...[39m[0m
[  47% ] [90m[1mreimport[22m | Preparing files to reimport...[39m[0m
[  47% ] [90m[1mreimport[22m | Preparing files to reimport...[39m[0m
[  48% ] [90m[1mreimport[22m | Preparing files to reimport...[39m[0m
[  48% ] [90m[1mreimport[22m | Preparing files to reimport...[39m[0m
[  48% ] [90m[1mreimport[22m | Preparing files to reimport...[39m[0m
[  48% ] [90m[1mreimport[22m | Preparing files to reimport...[39m[0m
[  49% ] [90m[1mreimport[22m | Preparing files to reimport...[39m[0m
[  49% ] [90m[1mreimport[22m | Preparing files to reimport...[39m[0m
[  49% ] [90m[1mreimport[22m | Preparing files to reimport...[39m[0m
[  50% ] [90m[1mreimport[22m | Preparing files to reimport...[39m[0m
[  50% ] [90m[1mreimport[22m | Preparing files to reimport...[39m[0m
[  50% ] [90m[1mreimport[22m | Preparing files to reimport...[39m[0m
[  50% ] [90m[1mreimport[22m | Preparing files to reimport...[39m[0m
[  51% ] [90m[1mreimport[22m | Preparing files to reimport...[39m[0m
[  51% ] [90m[1mreimport[22m | Preparing files to reimport...[39m[0m
[  51% ] [90m[1mreimport[22m | Preparing files to reimport...[39m[0m
[  51% ] [90m[1mreimport[22m | Preparing files to reimport...[39m[0m
[  52% ] [90m[1mreimport[22m | Preparing files to reimport...[39m[0m
[  52% ] [90m[1mreimport[22m | Preparing files to reimport...[39m[0m
[  52% ] [90m[1mreimport[22m | Preparing files to reimport...[39m[0m
[  52% ] [90m[1mreimport[22m | Preparing files to reimport...[39m[0m
[  53% ] [90m[1mreimport[22m | Preparing files to reimport...[39m[0m
[  53% ] [90m[1mreimport[22m | Preparing files to reimport...[39m[0m
[  53% ] [90m[1mreimport[22m | Preparing files to reimport...[39m[0m
[  53% ] [90m[1mreimport[22m | Preparing files to reimport...[39m[0m
[  54% ] [90m[1mreimport[22m | Preparing files to reimport...[39m[0m
[  54% ] [90m[1mreimport[22m | Preparing files to reimport...[39m[0m
[  54% ] [90m[1mreimport[22m | Preparing files to reimport...[39m[0m
[  54% ] [90m[1mreimport[22m | Preparing files to reimport...[39m[0m
[  55% ] [90m[1mreimport[22m | Preparing files to reimport...[39m[0m
[  55% ] [90m[1mreimport[22m | Preparing files to reimport...[39m[0m
[  55% ] [90m[1mreimport[22m | Preparing files to reimport...[39m[0m
[  55% ] [90m[1mreimport[22m | Preparing files to reimport...[39m[0m
[  56% ] [90m[1mreimport[22m | Preparing files to reimport...[39m[0m
[  56% ] [90m[1mreimport[22m | Preparing files to reimport...[39m[0m
[  56% ] [90m[1mreimport[22m | Preparing files to reimport...[39m[0m
[  56% ] [90m[1mreimport[22m | Preparing files to reimport...[39m[0m
[  57% ] [90m[1mreimport[22m | Preparing files to reimport...[39m[0m
[  57% ] [90m[1mreimport[22m | Preparing files to reimport...[39m[0m
[  57% ] [90m[1mreimport[22m | Preparing files to reimport...[39m[0m
[  57% ] [90m[1mreimport[22m | Preparing files to reimport...[39m[0m
[  58% ] [90m[1mreimport[22m | Preparing files to reimport...[39m[0m
[  58% ] [90m[1mreimport[22m | Preparing files to reimport...[39m[0m
[  58% ] [90m[1mreimport[22m | Preparing files to reimport...[39m[0m
[  58% ] [90m[1mreimport[22m | Preparing files to reimport...[39m[0m
[  59% ] [90m[1mreimport[22m | Preparing files to reimport...[39m[0m
[  59% ] [90m[1mreimport[22m | Preparing files to reimport...[39m[0m
[  59% ] [90m[1mreimport[22m | Preparing files to reimport...[39m[0m
[  59% ] [90m[1mreimport[22m | Preparing files to reimport...[39m[0m
[  60% ] [90m[1mreimport[22m | Preparing files to reimport...[39m[0m
[  60% ] [90m[1mreimport[22m | Preparing files to reimport...[39m[0m
[  60% ] [90m[1mreimport[22m | Preparing files to reimport...[39m[0m
[  60% ] [90m[1mreimport[22m | Preparing files to reimport...[39m[0m
[  61% ] [90m[1mreimport[22m | Preparing files to reimport...[39m[0m
[  61% ] [90m[1mreimport[22m | Preparing files to reimport...[39m[0m
[  61% ] [90m[1mreimport[22m | Preparing files to reimport...[39m[0m
[  61% ] [90m[1mreimport[22m | Preparing files to reimport...[39m[0m
[  62% ] [90m[1mreimport[22m | Preparing files to reimport...[39m[0m
[  62% ] [90m[1mreimport[22m | Preparing files to reimport...[39m[0m
[  62% ] [90m[1mreimport[22m | Preparing files to reimport...[39m[0m
[  62% ] [90m[1mreimport[22m | Preparing files to reimport...[39m[0m
[  63% ] [90m[1mreimport[22m | Preparing files to reimport...[39m[0m
[  63% ] [90m[1mreimport[22m | Preparing files to reimport...[39m[0m
[  63% ] [90m[1mreimport[22m | Preparing files to reimport...[39m[0m
[  63% ] [90m[1mreimport[22m | Preparing files to reimport...[39m[0m
[  64% ] [90m[1mreimport[22m | Preparing files to reimport...[39m[0m
[  64% ] [90m[1mreimport[22m | Preparing files to reimport...[39m[0m
[  64% ] [90m[1mreimport[22m | Preparing files to reimport...[39m[0m
[  64% ] [90m[1mreimport[22m | Preparing files to reimport...[39m[0m
[  65% ] [90m[1mreimport[22m | Preparing files to reimport...[39m[0m
[  65% ] [90m[1mreimport[22m | Preparing files to reimport...[39m[0m
[  65% ] [90m[1mreimport[22m | Preparing files to reimport...[39m[0m
[  65% ] [90m[1mreimport[22m | Preparing files to reimport...[39m[0m
[  66% ] [90m[1mreimport[22m | Preparing files to reimport...[39m[0m
[  66% ] [90m[1mreimport[22m | Preparing files to reimport...[39m[0m
[  66% ] [90m[1mreimport[22m | Preparing files to reimport...[39m[0m
[  67% ] [90m[1mreimport[22m | Preparing files to reimport...[39m[0m
[  67% ] [90m[1mreimport[22m | Preparing files to reimport...[39m[0m
[  67% ] [90m[1mreimport[22m | Preparing files to reimport...[39m[0m
[  67% ] [90m[1mreimport[22m | Preparing files to reimport...[39m[0m
[  68% ] [90m[1mreimport[22m | Preparing files to reimport...[39m[0m
[  68% ] [90m[1mreimport[22m | Preparing files to reimport...[39m[0m
[  68% ] [90m[1mreimport[22m | Preparing files to reimport...[39m[0m
[  68% ] [90m[1mreimport[22m | Preparing files to reimport...[39m[0m
[  69% ] [90m[1mreimport[22m | Preparing files to reimport...[39m[0m
[  69% ] [90m[1mreimport[22m | Preparing files to reimport...[39m[0m
[  69% ] [90m[1mreimport[22m | Preparing files to reimport...[39m[0m
[  69% ] [90m[1mreimport[22m | Preparing files to reimport...[39m[0m
[  70% ] [90m[1mreimport[22m | Preparing files to reimport...[39m[0m
[  70% ] [90m[1mreimport[22m | Preparing files to reimport...[39m[0m
[  70% ] [90m[1mreimport[22m | Preparing files to reimport...[39m[0m
[  70% ] [90m[1mreimport[22m | Preparing files to reimport...[39m[0m
[  71% ] [90m[1mreimport[22m | Preparing files to reimport...[39m[0m
[  71% ] [90m[1mreimport[22m | Preparing files to reimport...[39m[0m
[  71% ] [90m[1mreimport[22m | Preparing files to reimport...[39m[0m
[  71% ] [90m[1mreimport[22m | Preparing files to reimport...[39m[0m
[  72% ] [90m[1mreimport[22m | Preparing files to reimport...[39m[0m
[  72% ] [90m[1mreimport[22m | Preparing files to reimport...[39m[0m
[  72% ] [90m[1mreimport[22m | Preparing files to reimport...[39m[0m
[  72% ] [90m[1mreimport[22m | Preparing files to reimport...[39m[0m
[  73% ] [90m[1mreimport[22m | Preparing files to reimport...[39m[0m
[  73% ] [90m[1mreimport[22m | Preparing files to reimport...[39m[0m
[  73% ] [90m[1mreimport[22m | Preparing files to reimport...[39m[0m
[  73% ] [90m[1mreimport[22m | Preparing files to reimport...[39m[0m
[  74% ] [90m[1mreimport[22m | Preparing files to reimport...[39m[0m
[  74% ] [90m[1mreimport[22m | Preparing files to reimport...[39m[0m
[  74% ] [90m[1mreimport[22m | Preparing files to reimport...[39m[0m
[  74% ] [90m[1mreimport[22m | Preparing files to reimport...[39m[0m
[  75% ] [90m[1mreimport[22m | Preparing files to reimport...[39m[0m
[  75% ] [90m[1mreimport[22m | Preparing files to reimport...[39m[0m
[  75% ] [90m[1mreimport[22m | Preparing files to reimport...[39m[0m
[  75% ] [90m[1mreimport[22m | Preparing files to reimport...[39m[0m
[  76% ] [90m[1mreimport[22m | Preparing files to reimport...[39m[0m
[  76% ] [90m[1mreimport[22m | Preparing files to reimport...[39m[0m
[  76% ] [90m[1mreimport[22m | Preparing files to reimport...[39m[0m
[  76% ] [90m[1mreimport[22m | Preparing files to reimport...[39m[0m
[  77% ] [90m[1mreimport[22m | Preparing files to reimport...[39m[0m
[  77% ] [90m[1mreimport[22m | Preparing files to reimport...[39m[0m
[  77% ] [90m[1mreimport[22m | Preparing files to reimport...[39m[0m
[  77% ] [90m[1mreimport[22m | Preparing files to reimport...[39m[0m
[  78% ] [90m[1mreimport[22m | Preparing files to reimport...[39m[0m
[  78% ] [90m[1mreimport[22m | Preparing files to reimport...[39m[0m
[  78% ] [90m[1mreimport[22m | Preparing files to reimport...[39m[0m
[  78% ] [90m[1mreimport[22m | Preparing files to reimport...[39m[0m
[  79% ] [90m[1mreimport[22m | Preparing files to reimport...[39m[0m
[  79% ] [90m[1mreimport[22m | Preparing files to reimport...[39m[0m
[  79% ] [90m[1mreimport[22m | Preparing files to reimport...[39m[0m
[  79% ] [90m[1mreimport[22m | Preparing files to reimport...[39m[0m
[  80% ] [90m[1mreimport[22m | Preparing files to reimport...[39m[0m
[  80% ] [90m[1mreimport[22m | Preparing files to reimport...[39m[0m
[  80% ] [90m[1mreimport[22m | Preparing files to reimport...[39m[0m
[  80% ] [90m[1mreimport[22m | Preparing files to reimport...[39m[0m
[  81% ] [90m[1mreimport[22m | Preparing files to reimport...[39m[0m
[  81% ] [90m[1mreimport[22m | Preparing files to reimport...[39m[0m
[  81% ] [90m[1mreimport[22m | Preparing files to reimport...[39m[0m
[  81% ] [90m[1mreimport[22m | Preparing files to reimport...[39m[0m
[  82% ] [90m[1mreimport[22m | Preparing files to reimport...[39m[0m
[  82% ] [90m[1mreimport[22m | Preparing files to reimport...[39m[0m
[  82% ] [90m[1mreimport[22m | Preparing files to reimport...[39m[0m
[  82% ] [90m[1mreimport[22m | Preparing files to reimport...[39m[0m
[  83% ] [90m[1mreimport[22m | Preparing files to reimport...[39m[0m
[  83% ] [90m[1mreimport[22m | Preparing files to reimport...[39m[0m
[  83% ] [90m[1mreimport[22m | Preparing files to reimport...[39m[0m
[  84% ] [90m[1mreimport[22m | Preparing files to reimport...[39m[0m
[  84% ] [90m[1mreimport[22m | Preparing files to reimport...[39m[0m
[  84% ] [90m[1mreimport[22m | Preparing files to reimport...[39m[0m
[  84% ] [90m[1mreimport[22m | Preparing files to reimport...[39m[0m
[  85% ] [90m[1mreimport[22m | Preparing files to reimport...[39m[0m
[  85% ] [90m[1mreimport[22m | Preparing files to reimport...[39m[0m
[  85% ] [90m[1mreimport[22m | Preparing files to reimport...[39m[0m
[  85% ] [90m[1mreimport[22m | Preparing files to reimport...[39m[0m
[  86% ] [90m[1mreimport[22m | Preparing files to reimport...[39m[0m
[  86% ] [90m[1mreimport[22m | Preparing files to reimport...[39m[0m
[  86% ] [90m[1mreimport[22m | Preparing files to reimport...[39m[0m
[  86% ] [90m[1mreimport[22m | Preparing files to reimport...[39m[0m
[  87% ] [90m[1mreimport[22m | Preparing files to reimport...[39m[0m
[  87% ] [90m[1mreimport[22m | Preparing files to reimport...[39m[0m
[  87% ] [90m[1mreimport[22m | Preparing files to reimport...[39m[0m
[  87% ] [90m[1mreimport[22m | Preparing files to reimport...[39m[0m
[  88% ] [90m[1mreimport[22m | Preparing files to reimport...[39m[0m
[  88% ] [90m[1mreimport[22m | Preparing files to reimport...[39m[0m
[  88% ] [90m[1mreimport[22m | Preparing files to reimport...[39m[0m
[  88% ] [90m[1mreimport[22m | Preparing files to reimport...[39m[0m
[  89% ] [90m[1mreimport[22m | Preparing files to reimport...[39m[0m
[  89% ] [90m[1mreimport[22m | Preparing files to reimport...[39m[0m
[  89% ] [90m[1mreimport[22m | Preparing files to reimport...[39m[0m
[  89% ] [90m[1mreimport[22m | Preparing files to reimport...[39m[0m
[  90% ] [90m[1mreimport[22m | Preparing files to reimport...[39m[0m
[  90% ] [90m[1mreimport[22m | Preparing files to reimport...[39m[0m
[  90% ] [90m[1mreimport[22m | Preparing files to reimport...[39m[0m
[  90% ] [90m[1mreimport[22m | Preparing files to reimport...[39m[0m
[  91% ] [90m[1mreimport[22m | Preparing files to reimport...[39m[0m
[  91% ] [90m[1mreimport[22m | Preparing files to reimport...[39m[0m
[  91% ] [90m[1mreimport[22m | Preparing files to reimport...[39m[0m
[  91% ] [90m[1mreimport[22m | Preparing files to reimport...[39m[0m
[  92% ] [90m[1mreimport[22m | Preparing files to reimport...[39m[0m
[  92% ] [90m[1mreimport[22m | Preparing files to reimport...[39m[0m
[  92% ] [90m[1mreimport[22m | Preparing files to reimport...[39m[0m
[  92% ] [90m[1mreimport[22m | Preparing files to reimport...[39m[0m
[  93% ] [90m[1mreimport[22m | Preparing files to reimport...[39m[0m
[  93% ] [90m[1mreimport[22m | Preparing files to reimport...[39m[0m
[  93% ] [90m[1mreimport[22m | Preparing files to reimport...[39m[0m
[  93% ] [90m[1mreimport[22m | Preparing files to reimport...[39m[0m
[  94% ] [90m[1mreimport[22m | Preparing files to reimport...[39m[0m
[  94% ] [90m[1mreimport[22m | Preparing files to reimport...[39m[0m
[  94% ] [90m[1mreimport[22m | Preparing files to reimport...[39m[0m
[  94% ] [90m[1mreimport[22m | Preparing files to reimport...[39m[0m
[  95% ] [90m[1mreimport[22m | Preparing files to reimport...[39m[0m
[  95% ] [90m[1mreimport[22m | Preparing files to reimport...[39m[0m
[  95% ] [90m[1mreimport[22m | Preparing files to reimport...[39m[0m
[  95% ] [90m[1mreimport[22m | Preparing files to reimport...[39m[0m
[  96% ] [90m[1mreimport[22m | Preparing files to reimport...[39m[0m
[  96% ] [90m[1mreimport[22m | Preparing files to reimport...[39m[0m
[  96% ] [90m[1mreimport[22m | Preparing files to reimport...[39m[0m
[  96% ] [90m[1mreimport[22m | Preparing files to reimport...[39m[0m
[  97% ] [90m[1mreimport[22m | Preparing files to reimport...[39m[0m
[  97% ] [90m[1mreimport[22m | Preparing files to reimport...[39m[0m
[  97% ] [90m[1mreimport[22m | Preparing files to reimport...[39m[0m
[  97% ] [90m[1mreimport[22m | Preparing files to reimport...[39m[0m
[  98% ] [90m[1mreimport[22m | Preparing files to reimport...[39m[0m
[  98% ] [90m[1mreimport[22m | Preparing files to reimport...[39m[0m
[  98% ] [90m[1mreimport[22m | Preparing files to reimport...[39m[0m
[  98% ] [90m[1mreimport[22m | Preparing files to reimport...[39m[0m
[  99% ] [90m[1mreimport[22m | Preparing files to reimport...[39m[0m
[  99% ] [90m[1mreimport[22m | Preparing files to reimport...[39m[0m
[   0% ] [90m[1mreimport[22m | Executing pre-reimport operations...[39m[0m
[   0% ] [90m[1mpreload_reimporting_scene[22m | Started Preparing scenes for reload (1 steps)[39m[0m
[   0% ] [90m[1mpreload_reimporting_scene[22m | Analyzing scene [empty][39m[0m
[  50% ] [90m[1mpreload_reimporting_scene[22m | Preparation done.[39m[0m
[92m[ DONE ][39m [1mpreload_reimporting_scene[22m
[0m
[   0% ] [90m[1mreimport[22m | atlas_1k.png[39m[0m
[   0% ] [90m[1mreimport[22m | grass_albedo.png[39m[0m
[   0% ] [90m[1mreimport[22m | grass_normal.png[39m[0m
[   0% ] [90m[1mreimport[22m | path_albedo.png[39m[0m
[   1% ] [90m[1mreimport[22m | path_normal.png[39m[0m
[   1% ] [90m[1mreimport[22m | rock_albedo.png[39m[0m
[   1% ] [90m[1mreimport[22m | rock_normal.png[39m[0m
[   1% ] [90m[1mreimport[22m | ruin_stone_albedo.png[39m[0m
[   2% ] [90m[1mreimport[22m | ruin_stone_normal.png[39m[0m
[   2% ] [90m[1mreimport[22m | saltward_atlas_albedo.png[39m[0m
[   2% ] [90m[1mreimport[22m | sand_albedo.png[39m[0m
[   2% ] [90m[1mreimport[22m | sand_normal.png[39m[0m
[   3% ] [90m[1mreimport[22m | soil_albedo.png[39m[0m
[   3% ] [90m[1mreimport[22m | soil_normal.png[39m[0m
