ERROR Draco mesh compression is not available because library could not be found at /usr/bin/4.3/python/lib/python3.13/site-packages/libextern_draco.so
22:49:05 | INFO: Starting glTF 2.0 export
22:49:05 | INFO: Extracting primitive: root island
22:49:05 | INFO: Primitives created: 1
22:49:05 | INFO: Finished glTF 2.0 export in 0.005040884017944336 s

22:49:05 | INFO: Starting glTF 2.0 export
22:49:05 | INFO: Extracting primitive: root island.001
22:49:05 | INFO: Primitives created: 1
22:49:05 | INFO: Finished glTF 2.0 export in 0.0030066967010498047 s

22:49:05 | INFO: Starting glTF 2.0 export
22:49:05 | INFO: Extracting primitive: root island.002
22:49:05 | INFO: Primitives created: 1
22:49:05 | INFO: Finished glTF 2.0 export in 0.0017659664154052734 s

MIREWOOD_ASSET root_island [2604, 842, 328] 22
22:49:05 | INFO: Starting glTF 2.0 export
22:49:05 | INFO: Extracting primitive: crescent lobe
22:49:05 | INFO: Primitives created: 1
22:49:05 | INFO: Finished glTF 2.0 export in 0.0066187381744384766 s

22:49:05 | INFO: Starting glTF 2.0 export
22:49:05 | INFO: Extracting primitive: crescent lobe.003
22:49:05 | INFO: Primitives created: 1
22:49:05 | INFO: Finished glTF 2.0 export in 0.003526926040649414 s

22:49:05 | INFO: Starting glTF 2.0 export
22:49:05 | INFO: Extracting primitive: crescent lobe.006
22:49:05 | INFO: Primitives created: 1
22:49:05 | INFO: Finished glTF 2.0 export in 0.0019159317016601562 s

MIREWOOD_ASSET crescent_island [3828, 1398, 552] 30
22:49:05 | INFO: Starting glTF 2.0 export
22:49:05 | INFO: Extracting primitive: shore bank
22:49:05 | INFO: Primitives created: 1
22:49:05 | INFO: Finished glTF 2.0 export in 0.004638671875 s

22:49:05 | INFO: Starting glTF 2.0 export
22:49:05 | INFO: Extracting primitive: shore bank.001
22:49:05 | INFO: Primitives created: 1
22:49:05 | INFO: Finished glTF 2.0 export in 0.0033540725708007812 s

22:49:05 | INFO: Starting glTF 2.0 export
22:49:05 | INFO: Extracting primitive: shore bank.002
22:49:05 | INFO: Primitives created: 1
22:49:05 | INFO: Finished glTF 2.0 export in 0.0026504993438720703 s

MIREWOOD_ASSET root_bank_16m [2936, 936, 364] 25
22:49:05 | INFO: Starting glTF 2.0 export
22:49:05 | INFO: Extracting primitive: bank turn left
22:49:05 | INFO: Primitives created: 1
22:49:05 | INFO: Finished glTF 2.0 export in 0.0046863555908203125 s

22:49:05 | INFO: Starting glTF 2.0 export
22:49:05 | INFO: Extracting primitive: bank turn left.001
22:49:05 | INFO: Primitives created: 1
22:49:05 | INFO: Finished glTF 2.0 export in 0.0024123191833496094 s

22:49:05 | INFO: Starting glTF 2.0 export
22:49:05 | INFO: Extracting primitive: bank turn left.002
22:49:05 | INFO: Primitives created: 1
22:49:05 | INFO: Finished glTF 2.0 export in 0.0022306442260742188 s

MIREWOOD_ASSET root_bank_corner [2552, 932, 368] 20
22:49:05 | INFO: Starting glTF 2.0 export
22:49:05 | INFO: Extracting primitive: organic continuous root.120
22:49:05 | INFO: Primitives created: 1
22:49:05 | INFO: Finished glTF 2.0 export in 0.003406047821044922 s

22:49:05 | INFO: Starting glTF 2.0 export
22:49:05 | INFO: Extracting primitive: organic continuous root.129
22:49:05 | INFO: Primitives created: 1
22:49:05 | INFO: Finished glTF 2.0 export in 0.0022819042205810547 s

22:49:05 | INFO: Starting glTF 2.0 export
22:49:05 | INFO: Extracting primitive: organic continuous root.136
22:49:05 | INFO: Primitives created: 1
22:49:05 | INFO: Finished glTF 2.0 export in 0.002013683319091797 s

MIREWOOD_ASSET woven_root_bridge [1464, 574, 170] 8
22:49:05 | INFO: Starting glTF 2.0 export
22:49:05 | INFO: Extracting primitive: organic continuous root.141
22:49:05 | INFO: Primitives created: 1
22:49:05 | INFO: Finished glTF 2.0 export in 0.004635334014892578 s

22:49:05 | INFO: Starting glTF 2.0 export
22:49:05 | INFO: Extracting primitive: organic continuous root.154
22:49:05 | INFO: Primitives created: 1
22:49:05 | INFO: Finished glTF 2.0 export in 0.003641843795776367 s

22:49:05 | INFO: Starting glTF 2.0 export
22:49:05 | INFO: Extracting primitive: organic continuous root.161
22:49:05 | INFO: Primitives created: 1
22:49:05 | INFO: Finished glTF 2.0 export in 0.008263349533081055 s

MIREWOOD_ASSET buttress_root [2128, 630, 242] 20
22:49:05 | INFO: Starting glTF 2.0 export
22:49:05 | INFO: Extracting primitive: bent open hollow trunk
22:49:05 | INFO: Primitives created: 1
22:49:05 | INFO: Finished glTF 2.0 export in 0.005669593811035156 s

22:49:05 | INFO: Starting glTF 2.0 export
22:49:05 | INFO: Extracting primitive: bent open hollow trunk.001
22:49:05 | INFO: Primitives created: 1
22:49:05 | INFO: Finished glTF 2.0 export in 0.0049250125885009766 s

22:49:05 | INFO: Starting glTF 2.0 export
22:49:05 | INFO: Extracting primitive: bent open hollow trunk.002
22:49:05 | INFO: Primitives created: 1
22:49:05 | INFO: Finished glTF 2.0 export in 0.0022726058959960938 s

MIREWOOD_ASSET hollow_elder_trunk [2984, 1050, 460] 42
22:49:05 | INFO: Starting glTF 2.0 export
22:49:05 | INFO: Extracting primitive: bent open hollow trunk.003
22:49:05 | INFO: Primitives created: 1
22:49:05 | INFO: Finished glTF 2.0 export in 0.004214763641357422 s

22:49:05 | INFO: Starting glTF 2.0 export
22:49:05 | INFO: Extracting primitive: bent open hollow trunk.004
22:49:05 | INFO: Primitives created: 1
22:49:05 | INFO: Finished glTF 2.0 export in 0.0033609867095947266 s

22:49:05 | INFO: Starting glTF 2.0 export
22:49:05 | INFO: Extracting primitive: bent open hollow trunk.005
22:49:05 | INFO: Primitives created: 1
22:49:05 | INFO: Finished glTF 2.0 export in 0.0021812915802001953 s

MIREWOOD_ASSET hollow_fallen_log [1820, 664, 264] 24
22:49:05 | INFO: Starting glTF 2.0 export
22:49:05 | INFO: Extracting primitive: organic continuous root.214
22:49:05 | INFO: Primitives created: 1
22:49:05 | INFO: Finished glTF 2.0 export in 0.0049877166748046875 s

22:49:05 | INFO: Starting glTF 2.0 export
22:49:05 | INFO: Extracting primitive: organic continuous root.233
22:49:05 | INFO: Primitives created: 1
22:49:05 | INFO: Finished glTF 2.0 export in 0.005139350891113281 s

22:49:05 | INFO: Starting glTF 2.0 export
22:49:05 | INFO: Extracting primitive: organic continuous root.244
22:49:05 | INFO: Primitives created: 1
22:49:05 | INFO: Finished glTF 2.0 export in 0.0026216506958007812 s

MIREWOOD_ASSET crown_stump [2344, 698, 244] 24
22:49:06 | INFO: Starting glTF 2.0 export
22:49:06 | INFO: Extracting primitive: organic continuous root.253
22:49:06 | INFO: Primitives created: 1
22:49:06 | INFO: Finished glTF 2.0 export in 0.011097431182861328 s

22:49:06 | INFO: Starting glTF 2.0 export
22:49:06 | INFO: Extracting primitive: organic continuous root.286
22:49:06 | INFO: Primitives created: 1
22:49:06 | INFO: Finished glTF 2.0 export in 0.004526615142822266 s

22:49:06 | INFO: Starting glTF 2.0 export
22:49:06 | INFO: Extracting primitive: organic continuous root.300
22:49:06 | INFO: Primitives created: 1
22:49:06 | INFO: Finished glTF 2.0 export in 0.0029942989349365234 s

MIREWOOD_ASSET fen_elder_tree [7668, 1556, 512] 24
22:49:06 | INFO: Starting glTF 2.0 export
22:49:06 | INFO: Extracting primitive: organic continuous root.312
22:49:06 | INFO: Primitives created: 1
22:49:06 | INFO: Finished glTF 2.0 export in 0.004470109939575195 s

22:49:06 | INFO: Starting glTF 2.0 export
22:49:06 | INFO: Extracting primitive: organic continuous root.323
22:49:06 | INFO: Primitives created: 1
22:49:06 | INFO: Finished glTF 2.0 export in 0.0033140182495117188 s

22:49:06 | INFO: Starting glTF 2.0 export
22:49:06 | INFO: Extracting primitive: organic continuous root.329
22:49:06 | INFO: Primitives created: 1
22:49:06 | INFO: Finished glTF 2.0 export in 0.0025482177734375 s

MIREWOOD_ASSET fallen_root_tree [1916, 592, 226] 19
22:49:06 | INFO: Starting glTF 2.0 export
22:49:06 | INFO: Extracting primitive: organic continuous root.335
22:49:06 | INFO: Primitives created: 1
22:49:06 | INFO: Finished glTF 2.0 export in 0.003201723098754883 s

22:49:06 | INFO: Starting glTF 2.0 export
22:49:06 | INFO: Extracting primitive: organic continuous root.343
22:49:06 | INFO: Primitives created: 1
22:49:06 | INFO: Finished glTF 2.0 export in 0.002866983413696289 s

22:49:06 | INFO: Starting glTF 2.0 export
22:49:06 | INFO: Extracting primitive: organic continuous root.348
22:49:06 | INFO: Primitives created: 1
22:49:06 | INFO: Finished glTF 2.0 export in 0.0026445388793945312 s

MIREWOOD_ASSET cypress_knees [1088, 330, 78] 0
22:49:06 | INFO: Starting glTF 2.0 export
22:49:06 | INFO: Extracting primitive: Cube.001
22:49:06 | INFO: Primitives created: 1
22:49:06 | INFO: Finished glTF 2.0 export in 0.0035839080810546875 s

22:49:06 | INFO: Starting glTF 2.0 export
22:49:06 | INFO: Extracting primitive: Cube.024
22:49:06 | INFO: Primitives created: 1
22:49:06 | INFO: Finished glTF 2.0 export in 0.003910541534423828 s

22:49:06 | INFO: Starting glTF 2.0 export
22:49:06 | INFO: Extracting primitive: Cube.043
22:49:06 | INFO: Primitives created: 1
22:49:06 | INFO: Finished glTF 2.0 export in 0.0034568309783935547 s

MIREWOOD_ASSET boardwalk_8m [1012, 228, 180] 7
22:49:06 | INFO: Starting glTF 2.0 export
22:49:06 | INFO: Extracting primitive: Cube.058
22:49:06 | INFO: Primitives created: 1
22:49:06 | INFO: Finished glTF 2.0 export in 0.0034847259521484375 s

22:49:06 | INFO: Starting glTF 2.0 export
22:49:06 | INFO: Extracting primitive: Cube.078
22:49:06 | INFO: Primitives created: 1
22:49:06 | INFO: Finished glTF 2.0 export in 0.003228425979614258 s

22:49:06 | INFO: Starting glTF 2.0 export
22:49:06 | INFO: Extracting primitive: Cube.094
22:49:06 | INFO: Primitives created: 1
22:49:06 | INFO: Finished glTF 2.0 export in 0.0023980140686035156 s

MIREWOOD_ASSET boardwalk_broken [880, 192, 168] 10
22:49:07 | INFO: Starting glTF 2.0 export
22:49:07 | INFO: Extracting primitive: Cube.108
22:49:07 | INFO: Primitives created: 1
22:49:07 | INFO: Finished glTF 2.0 export in 0.004682779312133789 s

22:49:07 | INFO: Starting glTF 2.0 export
22:49:07 | INFO: Extracting primitive: Cube.139
22:49:07 | INFO: Primitives created: 1
22:49:07 | INFO: Finished glTF 2.0 export in 0.003979206085205078 s

22:49:07 | INFO: Starting glTF 2.0 export
22:49:07 | INFO: Extracting primitive: Cube.166
22:49:07 | INFO: Primitives created: 1
22:49:07 | INFO: Finished glTF 2.0 export in 0.002764463424682617 s

MIREWOOD_ASSET boardwalk_railed [1364, 324, 276] 15
22:49:07 | INFO: Starting glTF 2.0 export
22:49:07 | INFO: Extracting primitive: Cube.189
22:49:07 | INFO: Primitives created: 1
22:49:07 | INFO: Finished glTF 2.0 export in 0.0038633346557617188 s

22:49:07 | INFO: Starting glTF 2.0 export
22:49:07 | INFO: Extracting primitive: Cube.214
22:49:07 | INFO: Primitives created: 1
22:49:07 | INFO: Finished glTF 2.0 export in 0.0030252933502197266 s

22:49:07 | INFO: Starting glTF 2.0 export
22:49:07 | INFO: Extracting primitive: Cube.235
22:49:07 | INFO: Primitives created: 1
22:49:07 | INFO: Finished glTF 2.0 export in 0.0025844573974609375 s

MIREWOOD_ASSET boardwalk_turn [1100, 252, 204] 9
22:49:08 | INFO: Starting glTF 2.0 export
22:49:08 | INFO: Extracting primitive: Cube.252
22:49:08 | INFO: Primitives created: 1
22:49:08 | INFO: Finished glTF 2.0 export in 0.004801273345947266 s

22:49:08 | INFO: Starting glTF 2.0 export
22:49:08 | INFO: Extracting primitive: Cube.274
22:49:08 | INFO: Primitives created: 1
22:49:08 | INFO: Finished glTF 2.0 export in 0.004067182540893555 s

22:49:08 | INFO: Starting glTF 2.0 export
22:49:08 | INFO: Extracting primitive: Cube.291
22:49:08 | INFO: Primitives created: 1
22:49:08 | INFO: Finished glTF 2.0 export in 0.003095388412475586 s

MIREWOOD_ASSET mooring_landing [968, 204, 156] 7
22:49:08 | INFO: Starting glTF 2.0 export
22:49:08 | INFO: Extracting primitive: organic continuous root.351
22:49:08 | INFO: Primitives created: 1
22:49:08 | INFO: Finished glTF 2.0 export in 0.004373311996459961 s

22:49:08 | INFO: Starting glTF 2.0 export
22:49:08 | INFO: Extracting primitive: organic continuous root.354
22:49:08 | INFO: Primitives created: 1
22:49:08 | INFO: Finished glTF 2.0 export in 0.0038568973541259766 s

22:49:08 | INFO: Starting glTF 2.0 export
22:49:08 | INFO: Extracting primitive: organic continuous root.357
22:49:08 | INFO: Primitives created: 1
22:49:08 | INFO: Finished glTF 2.0 export in 0.002093791961669922 s

MIREWOOD_ASSET old_mooring_piles [360, 150, 48] 3
22:49:08 | INFO: Starting glTF 2.0 export
22:49:08 | INFO: Extracting primitive: Cube.310
22:49:08 | INFO: Primitives created: 1
22:49:08 | INFO: Finished glTF 2.0 export in 0.00825953483581543 s

22:49:08 | INFO: Starting glTF 2.0 export
22:49:08 | INFO: Extracting primitive: Cube.340
22:49:08 | INFO: Primitives created: 1
22:49:08 | INFO: Finished glTF 2.0 export in 0.005227804183959961 s

22:49:08 | INFO: Starting glTF 2.0 export
22:49:08 | INFO: Extracting primitive: Cube.350
22:49:08 | INFO: Primitives created: 1
22:49:08 | INFO: Finished glTF 2.0 export in 0.003300905227661133 s

MIREWOOD_ASSET rootbound_gate [4352, 1098, 432] 41
22:49:09 | INFO: Starting glTF 2.0 export
22:49:09 | INFO: Extracting primitive: Cube.352
22:49:09 | INFO: Primitives created: 1
22:49:09 | INFO: Finished glTF 2.0 export in 0.00490117073059082 s

22:49:09 | INFO: Starting glTF 2.0 export
22:49:09 | INFO: Extracting primitive: Cube.383
22:49:09 | INFO: Primitives created: 1
22:49:09 | INFO: Finished glTF 2.0 export in 0.003739595413208008 s

22:49:09 | INFO: Starting glTF 2.0 export
22:49:09 | INFO: Extracting primitive: Cube.394
22:49:09 | INFO: Primitives created: 1
22:49:09 | INFO: Finished glTF 2.0 export in 0.0034966468811035156 s

MIREWOOD_ASSET buried_moss_passage [1916, 448, 164] 7
22:49:09 | INFO: Starting glTF 2.0 export
22:49:09 | INFO: Extracting primitive: Cube.397
22:49:09 | INFO: Primitives created: 1
22:49:09 | INFO: Finished glTF 2.0 export in 0.0078084468841552734 s

22:49:09 | INFO: Starting glTF 2.0 export
22:49:09 | INFO: Extracting primitive: Cube.431
22:49:09 | INFO: Primitives created: 1
22:49:09 | INFO: Finished glTF 2.0 export in 0.003326416015625 s

22:49:09 | INFO: Starting glTF 2.0 export
22:49:09 | INFO: Extracting primitive: Cube.445
22:49:09 | INFO: Primitives created: 1
22:49:09 | INFO: Finished glTF 2.0 export in 0.003937482833862305 s

MIREWOOD_ASSET drowned_shrine [2824, 544, 204] 17
22:49:10 | INFO: Starting glTF 2.0 export
22:49:10 | INFO: Extracting primitive: Cube.450
22:49:10 | INFO: Primitives created: 1
22:49:10 | INFO: Finished glTF 2.0 export in 0.0056934356689453125 s

22:49:10 | INFO: Starting glTF 2.0 export
22:49:10 | INFO: Extracting primitive: Cube.465
22:49:10 | INFO: Primitives created: 1
22:49:10 | INFO: Finished glTF 2.0 export in 0.003930568695068359 s

22:49:10 | INFO: Starting glTF 2.0 export
22:49:10 | INFO: Extracting primitive: Cube.470
22:49:10 | INFO: Primitives created: 1
22:49:10 | INFO: Finished glTF 2.0 export in 0.003659486770629883 s

MIREWOOD_ASSET moss_retaining_wall [2496, 894, 348] 10
22:49:10 | INFO: Starting glTF 2.0 export
22:49:10 | INFO: Extracting primitive: Cube.471
22:49:10 | INFO: Primitives created: 1
22:49:10 | INFO: Finished glTF 2.0 export in 0.006827354431152344 s

22:49:10 | INFO: Starting glTF 2.0 export
22:49:10 | INFO: Extracting primitive: Cube.478
22:49:10 | INFO: Primitives created: 1
22:49:10 | INFO: Finished glTF 2.0 export in 0.0028247833251953125 s

22:49:10 | INFO: Starting glTF 2.0 export
22:49:10 | INFO: Extracting primitive: Cube.485
22:49:10 | INFO: Primitives created: 1
22:49:10 | INFO: Finished glTF 2.0 export in 0.0031092166900634766 s

MIREWOOD_ASSET drowned_stairs [1304, 366, 84] 10
22:49:10 | INFO: Starting glTF 2.0 export
22:49:10 | INFO: Extracting primitive: open stone well ring
22:49:10 | INFO: Primitives created: 1
22:49:10 | INFO: Finished glTF 2.0 export in 0.0058634281158447266 s

22:49:10 | INFO: Starting glTF 2.0 export
22:49:10 | INFO: Extracting primitive: open stone well ring.020
22:49:10 | INFO: Primitives created: 1
22:49:10 | INFO: Finished glTF 2.0 export in 0.0034706592559814453 s

22:49:10 | INFO: Starting glTF 2.0 export
22:49:10 | INFO: Extracting primitive: open stone well ring.034
22:49:10 | INFO: Primitives created: 1
22:49:10 | INFO: Finished glTF 2.0 export in 0.005793333053588867 s

MIREWOOD_ASSET rootwell_ring [1568, 544, 264] 32
22:49:10 | INFO: Starting glTF 2.0 export
22:49:10 | INFO: Extracting primitive: Cube.492
22:49:10 | INFO: Primitives created: 1
22:49:10 | INFO: Finished glTF 2.0 export in 0.005986213684082031 s

22:49:10 | INFO: Starting glTF 2.0 export
22:49:10 | INFO: Extracting primitive: Cube.508
22:49:10 | INFO: Primitives created: 1
22:49:10 | INFO: Finished glTF 2.0 export in 0.0028831958770751953 s

22:49:10 | INFO: Starting glTF 2.0 export
22:49:10 | INFO: Extracting primitive: Cube.514
22:49:10 | INFO: Primitives created: 1
22:49:10 | INFO: Finished glTF 2.0 export in 0.003505706787109375 s

MIREWOOD_ASSET fen_waystone [1700, 354, 132] 11
22:49:10 | INFO: Starting glTF 2.0 export
22:49:10 | INFO: Extracting primitive: broad wetland blade
22:49:10 | INFO: Primitives created: 1
22:49:10 | INFO: Finished glTF 2.0 export in 0.0033044815063476562 s

22:49:10 | INFO: Starting glTF 2.0 export
22:49:10 | INFO: Extracting primitive: broad wetland blade.027
22:49:10 | INFO: Primitives created: 1
22:49:10 | INFO: Finished glTF 2.0 export in 0.002529621124267578 s

22:49:10 | INFO: Starting glTF 2.0 export
22:49:10 | INFO: Extracting primitive: broad wetland blade.043
22:49:10 | INFO: Primitives created: 1
22:49:10 | INFO: Finished glTF 2.0 export in 0.0032701492309570312 s

MIREWOOD_ASSET broad_sedge [81, 48, 24] 0
22:49:10 | INFO: Starting glTF 2.0 export
22:49:10 | INFO: Extracting primitive: organic continuous root.466
22:49:10 | INFO: Primitives created: 1
22:49:10 | INFO: Finished glTF 2.0 export in 0.007232189178466797 s

22:49:10 | INFO: Starting glTF 2.0 export
22:49:10 | INFO: Extracting primitive: organic continuous root.504
22:49:10 | INFO: Primitives created: 1
22:49:10 | INFO: Finished glTF 2.0 export in 0.0038046836853027344 s

22:49:10 | INFO: Starting glTF 2.0 export
22:49:10 | INFO: Extracting primitive: organic continuous root.526
22:49:10 | INFO: Primitives created: 1
22:49:10 | INFO: Finished glTF 2.0 export in 0.004122018814086914 s

MIREWOOD_ASSET cattail_rush [4028, 1144, 130] 0
22:49:11 | INFO: Starting glTF 2.0 export
22:49:11 | INFO: Extracting primitive: organic continuous root.531
22:49:11 | INFO: Primitives created: 1
22:49:11 | INFO: Finished glTF 2.0 export in 0.005785465240478516 s

22:49:11 | INFO: Starting glTF 2.0 export
22:49:11 | INFO: Extracting primitive: organic continuous root.539
22:49:11 | INFO: Primitives created: 1
22:49:11 | INFO: Finished glTF 2.0 export in 0.0045318603515625 s

22:49:11 | INFO: Starting glTF 2.0 export
22:49:11 | INFO: Extracting primitive: organic continuous root.545
22:49:11 | INFO: Primitives created: 1
22:49:11 | INFO: Finished glTF 2.0 export in 0.0045697689056396484 s

MIREWOOD_ASSET marsh_fern [1792, 684, 192] 0
22:49:11 | INFO: Starting glTF 2.0 export
22:49:11 | INFO: Extracting primitive: notched lily pad
22:49:11 | INFO: Primitives created: 1
22:49:11 | INFO: Finished glTF 2.0 export in 0.0028498172760009766 s

22:49:11 | INFO: Starting glTF 2.0 export
22:49:11 | INFO: Extracting primitive: notched lily pad.009
22:49:11 | INFO: Primitives created: 1
22:49:11 | INFO: Finished glTF 2.0 export in 0.0036416053771972656 s

22:49:11 | INFO: Starting glTF 2.0 export
22:49:11 | INFO: Extracting primitive: notched lily pad.015
22:49:11 | INFO: Primitives created: 1
22:49:11 | INFO: Finished glTF 2.0 export in 0.003709554672241211 s

MIREWOOD_ASSET lily_pad_raft [99, 42, 15] 0
22:49:11 | INFO: Starting glTF 2.0 export
22:49:11 | INFO: Extracting primitive: peat hummock
22:49:11 | INFO: Primitives created: 1
22:49:11 | INFO: Finished glTF 2.0 export in 0.00339508056640625 s

22:49:11 | INFO: Starting glTF 2.0 export
22:49:11 | INFO: Extracting primitive: peat hummock.001
22:49:11 | INFO: Primitives created: 1
22:49:11 | INFO: Finished glTF 2.0 export in 0.003598928451538086 s

22:49:11 | INFO: Starting glTF 2.0 export
22:49:11 | INFO: Extracting primitive: peat hummock.002
22:49:11 | INFO: Primitives created: 1
22:49:11 | INFO: Finished glTF 2.0 export in 0.0027670860290527344 s

MIREWOOD_ASSET peat_hummock [361, 232, 100] 1
22:49:11 | INFO: Starting glTF 2.0 export
22:49:11 | INFO: Extracting primitive: organic continuous root.549
22:49:11 | INFO: Primitives created: 1
22:49:11 | INFO: Finished glTF 2.0 export in 0.007350444793701172 s

22:49:11 | INFO: Starting glTF 2.0 export
22:49:11 | INFO: Extracting primitive: organic continuous root.564
22:49:11 | INFO: Primitives created: 1
22:49:11 | INFO: Finished glTF 2.0 export in 0.0054683685302734375 s

22:49:11 | INFO: Starting glTF 2.0 export
22:49:11 | INFO: Extracting primitive: organic continuous root.573
22:49:11 | INFO: Primitives created: 1
22:49:11 | INFO: Finished glTF 2.0 export in 0.0034418106079101562 s

MIREWOOD_ASSET hanging_moss [2040, 594, 130] 0
Info: Packed 1 file(s)
Info: Saved "mirewood.blend"
MIREWOOD_GENERATION_OK 31 [63577, 18544, 7059]
Blender 4.3.2

Blender quit
